Job failed with exit code: 1, Reason: Error

--- Container logs ---
/usr/local/bin/python-exec.sh: line 46: /srv/hops/hadoop/bin/hadoop: No such file or directory
Picked up _JAVA_OPTIONS:  -Duser.home=/srv/hops/anaconda
Importing keystore /srv/hops/certificates/mlpabba66e7__meb10000__kstore.jks to /srv/hops/fuse/pems/mlpabba66e7__meb10000__keystore.p12...
Entry for alias mlpabba66e7__meb10000 successfully imported.
Import command completed:  1 entries successfully imported, 0 entries failed or cancelled
Picked up _JAVA_OPTIONS:  -Duser.home=/srv/hops/anaconda
Importing keystore /srv/hops/certificates/mlpabba66e7__meb10000__tstore.jks to /srv/hops/fuse/pems/mlpabba66e7__meb10000__tstore.p12...
Entry for alias hops_root_ca successfully imported.
Import command completed:  1 entries successfully imported, 0 entries failed or cancelled
MAC: sha1, Iteration 100000
MAC length: 20, salt length: 20
PKCS7 Data
Shrouded Keybag: pbeWithSHA1And3-KeyTripleDES-CBC, Iteration 50000
PKCS7 Encrypted data: pbeWithSHA1And40BitRC2-CBC, Iteration 50000
Certificate bag
Certificate bag
2026-06-20 13:37:15,696 INFO: Python Engine initialized.
Traceback (most recent call last):
  File "/hopsfs/Resources/train_model.py", line 84, in <module>

Logged in to project, explore it here https://hopsworks.ai.local/p/3195
    main()
  File "/hopsfs/Resources/train_model.py", line 16, in main
    fs = hopsworks.get_feature_store()
         ^^^^^^^^^^^^^^^^^^^^^^^^^^^
  File "/srv/hops/anaconda/envs/hopsworks_environment/lib/python3.12/site-packages/hopsworks/__init__.py", line 123, in __getattr__
    raise AttributeError(f"module 'hopsworks' has no attribute {name!r}")
AttributeError: module 'hopsworks' has no attribute 'get_feature_store'
2026-06-20 13:37:15,982 INFO: Connection closed.
2026-06-20 13:37:19,254 INFO: Python Engine initialized.

Logged in to project, explore it here https://hopsworks.ai.local/p/3195
Uploading /logs/stderr.log: 0.000%|          | 0/630 elapsed<00:00 remaining<?Uploading /logs/stderr.log: 100.000%|██████████| 630/630 elapsed<00:00 remaining<00:00Uploading /logs/stderr.log: 100.000%|██████████| 630/630 elapsed<00:00 remaining<00:00
Uploading /logs/stdout.log: 0.000%|          | 0/73 elapsed<00:00 remaining<?Uploading /logs/stdout.log: 100.000%|██████████| 73/73 elapsed<00:00 remaining<00:00Uploading /logs/stdout.log: 100.000%|██████████| 73/73 elapsed<00:00 remaining<00:00
2026-06-20 13:37:21,406 INFO: Connection closed.
