Job failed with exit code: 1, Reason: Error

--- Container logs ---
/usr/local/bin/python-exec.sh: line 46: /srv/hops/hadoop/bin/hadoop: No such file or directory
Picked up _JAVA_OPTIONS:  -Duser.home=/srv/hops/anaconda
Importing keystore /srv/hops/certificates/mlpab534080__meb10000__kstore.jks to /srv/hops/fuse/pems/mlpab534080__meb10000__keystore.p12...
Entry for alias mlpab534080__meb10000 successfully imported.
Import command completed:  1 entries successfully imported, 0 entries failed or cancelled
Picked up _JAVA_OPTIONS:  -Duser.home=/srv/hops/anaconda
Importing keystore /srv/hops/certificates/mlpab534080__meb10000__tstore.jks to /srv/hops/fuse/pems/mlpab534080__meb10000__tstore.p12...
Entry for alias hops_root_ca successfully imported.
Import command completed:  1 entries successfully imported, 0 entries failed or cancelled
MAC: sha1, Iteration 100000
MAC length: 20, salt length: 20
PKCS7 Data
Shrouded Keybag: pbeWithSHA1And3-KeyTripleDES-CBC, Iteration 50000
PKCS7 Encrypted data: pbeWithSHA1And40BitRC2-CBC, Iteration 50000
Certificate bag
Certificate bag
2026-06-20 09:29:37,053 INFO: Python Engine initialized.

Logged in to project, explore it here https://hopsworks.ai.local/p/2599
Error connecting to Hopsworks: module 'hopsworks' has no attribute 'get_feature_store'
Traceback (most recent call last):
  File "/hopsfs/Resources/feature_engineering_job.py", line 9, in <module>
    fs = hopsworks.get_feature_store()
         ^^^^^^^^^^^^^^^^^^^^^^^^^^^
  File "/srv/hops/anaconda/envs/hopsworks_environment/lib/python3.12/site-packages/hopsworks/__init__.py", line 123, in __getattr__
    raise AttributeError(f"module 'hopsworks' has no attribute {name!r}")
AttributeError: module 'hopsworks' has no attribute 'get_feature_store'
2026-06-20 09:29:37,315 INFO: Connection closed.
2026-06-20 09:29:40,593 INFO: Python Engine initialized.

Logged in to project, explore it here https://hopsworks.ai.local/p/2599
Uploading /logs/stderr.log: 0.000%|          | 0/570 elapsed<00:00 remaining<?Uploading /logs/stderr.log: 100.000%|██████████| 570/570 elapsed<00:00 remaining<00:00Uploading /logs/stderr.log: 100.000%|██████████| 570/570 elapsed<00:00 remaining<00:00
Uploading /logs/stdout.log: 0.000%|          | 0/160 elapsed<00:00 remaining<?Uploading /logs/stdout.log: 100.000%|██████████| 160/160 elapsed<00:00 remaining<00:00Uploading /logs/stdout.log: 100.000%|██████████| 160/160 elapsed<00:00 remaining<00:00
2026-06-20 09:29:42,643 INFO: Connection closed.
