Job failed with exit code: 1, Reason: Error

--- Container logs ---
/usr/local/bin/python-exec.sh: line 46: /srv/hops/hadoop/bin/hadoop: No such file or directory
Picked up _JAVA_OPTIONS:  -Duser.home=/srv/hops/anaconda
Importing keystore /srv/hops/certificates/mlpab1e2ad4__meb10000__kstore.jks to /srv/hops/fuse/pems/mlpab1e2ad4__meb10000__keystore.p12...
Entry for alias mlpab1e2ad4__meb10000 successfully imported.
Import command completed:  1 entries successfully imported, 0 entries failed or cancelled
Picked up _JAVA_OPTIONS:  -Duser.home=/srv/hops/anaconda
Importing keystore /srv/hops/certificates/mlpab1e2ad4__meb10000__tstore.jks to /srv/hops/fuse/pems/mlpab1e2ad4__meb10000__tstore.p12...
Entry for alias hops_root_ca successfully imported.
Import command completed:  1 entries successfully imported, 0 entries failed or cancelled
MAC: sha1, Iteration 100000
MAC length: 20, salt length: 20
PKCS7 Data
Shrouded Keybag: pbeWithSHA1And3-KeyTripleDES-CBC, Iteration 50000
PKCS7 Encrypted data: pbeWithSHA1And40BitRC2-CBC, Iteration 50000
Certificate bag
Certificate bag
2026-06-19 13:03:13,261 INFO: Python Engine initialized.

Logged in to project, explore it here https://hopsworks.ai.local/p/2378
Traceback (most recent call last):
  File "/hopsfs/Resources/process_features_hops.py", line 12, in <module>
    feature_history = pd.read_csv("Resources/feature_history.csv")
                      ^^^^^^^^^^^^^^^^^^^^^^^^^^^^^^^^^^^^^^^^^^^^
  File "/srv/hops/anaconda/envs/hopsworks_environment/lib/python3.12/site-packages/pandas/io/parsers/readers.py", line 1026, in read_csv
    return _read(filepath_or_buffer, kwds)
           ^^^^^^^^^^^^^^^^^^^^^^^^^^^^^^^
  File "/srv/hops/anaconda/envs/hopsworks_environment/lib/python3.12/site-packages/pandas/io/parsers/readers.py", line 620, in _read
    parser = TextFileReader(filepath_or_buffer, **kwds)
             ^^^^^^^^^^^^^^^^^^^^^^^^^^^^^^^^^^^^^^^^^^
  File "/srv/hops/anaconda/envs/hopsworks_environment/lib/python3.12/site-packages/pandas/io/parsers/readers.py", line 1620, in __init__
    self._engine = self._make_engine(f, self.engine)
                   ^^^^^^^^^^^^^^^^^^^^^^^^^^^^^^^^^
  File "/srv/hops/anaconda/envs/hopsworks_environment/lib/python3.12/site-packages/pandas/io/parsers/readers.py", line 1880, in _make_engine
    self.handles = get_handle(
                   ^^^^^^^^^^^
  File "/srv/hops/anaconda/envs/hopsworks_environment/lib/python3.12/site-packages/pandas/io/common.py", line 873, in get_handle
    handle = open(
             ^^^^^
FileNotFoundError: [Errno 2] No such file or directory: 'Resources/feature_history.csv'
2026-06-19 13:03:14,004 INFO: Connection closed.
2026-06-19 13:03:17,273 INFO: Python Engine initialized.

Logged in to project, explore it here https://hopsworks.ai.local/p/2378
Uploading /logs/stderr.log: 0.000%|          | 0/1518 elapsed<00:00 remaining<?Uploading /logs/stderr.log: 100.000%|██████████| 1518/1518 elapsed<00:00 remaining<00:00Uploading /logs/stderr.log: 100.000%|██████████| 1518/1518 elapsed<00:00 remaining<00:00
Uploading /logs/stdout.log: 0.000%|          | 0/73 elapsed<00:00 remaining<?Uploading /logs/stdout.log: 100.000%|██████████| 73/73 elapsed<00:00 remaining<00:00Uploading /logs/stdout.log: 100.000%|██████████| 73/73 elapsed<00:00 remaining<00:00
2026-06-19 13:03:19,537 INFO: Connection closed.
