Job failed with exit code: 1, Reason: Error

--- Container logs ---
/usr/local/bin/python-exec.sh: line 46: /srv/hops/hadoop/bin/hadoop: No such file or directory
Picked up _JAVA_OPTIONS:  -Duser.home=/srv/hops/anaconda
Importing keystore /srv/hops/certificates/mlpab33d57f__meb10000__kstore.jks to /srv/hops/fuse/pems/mlpab33d57f__meb10000__keystore.p12...
Entry for alias mlpab33d57f__meb10000 successfully imported.
Import command completed:  1 entries successfully imported, 0 entries failed or cancelled
Picked up _JAVA_OPTIONS:  -Duser.home=/srv/hops/anaconda
Importing keystore /srv/hops/certificates/mlpab33d57f__meb10000__tstore.jks to /srv/hops/fuse/pems/mlpab33d57f__meb10000__tstore.p12...
Entry for alias hops_root_ca successfully imported.
Import command completed:  1 entries successfully imported, 0 entries failed or cancelled
MAC: sha1, Iteration 100000
MAC length: 20, salt length: 20
PKCS7 Data
Shrouded Keybag: pbeWithSHA1And3-KeyTripleDES-CBC, Iteration 50000
PKCS7 Encrypted data: pbeWithSHA1And40BitRC2-CBC, Iteration 50000
Certificate bag
Certificate bag
Traceback (most recent call last):
  File "/hopsfs/Resources/jobs/feature_engineering/feature_engineering.py", line 56, in <module>
    main()
  File "/hopsfs/Resources/jobs/feature_engineering/feature_engineering.py", line 15, in main
    project = hopsworks.login()
              ^^^^^^^^^
UnboundLocalError: cannot access local variable 'hopsworks' where it is not associated with a value
2026-06-19 16:08:24,207 INFO: Python Engine initialized.

Logged in to project, explore it here https://hopsworks.ai.local/p/2422
Uploading /logs/stderr.log: 0.000%|          | 0/392 elapsed<00:00 remaining<?Uploading /logs/stderr.log: 100.000%|██████████| 392/392 elapsed<00:01 remaining<00:00Uploading /logs/stderr.log: 100.000%|██████████| 392/392 elapsed<00:01 remaining<00:00
Uploading /logs/stdout.log: 0.000%|          | 0/0 elapsed<00:00 remaining<?Uploading /logs/stdout.log: 0.000%|          | 0/0 elapsed<00:00 remaining<?Uploading /logs/stdout.log: 0.000%|          | 0/0 elapsed<00:00 remaining<?
2026-06-19 16:08:28,814 INFO: Connection closed.
