Job failed with exit code: 1, Reason: Error

--- Container logs ---
/usr/local/bin/python-exec.sh: line 46: /srv/hops/hadoop/bin/hadoop: No such file or directory
Picked up _JAVA_OPTIONS:  -Duser.home=/srv/hops/anaconda
Importing keystore /srv/hops/certificates/mlpab534080__meb10000__kstore.jks to /srv/hops/fuse/pems/mlpab534080__meb10000__keystore.p12...
Entry for alias mlpab534080__meb10000 successfully imported.
Import command completed:  1 entries successfully imported, 0 entries failed or cancelled
Picked up _JAVA_OPTIONS:  -Duser.home=/srv/hops/anaconda
Importing keystore /srv/hops/certificates/mlpab534080__meb10000__tstore.jks to /srv/hops/fuse/pems/mlpab534080__meb10000__tstore.p12...
Entry for alias hops_root_ca successfully imported.
Import command completed:  1 entries successfully imported, 0 entries failed or cancelled
MAC: sha1, Iteration 100000
MAC length: 20, salt length: 20
PKCS7 Data
Shrouded Keybag: pbeWithSHA1And3-KeyTripleDES-CBC, Iteration 50000
PKCS7 Encrypted data: pbeWithSHA1And40BitRC2-CBC, Iteration 50000
Certificate bag
Certificate bag
2026-06-20 09:44:42,089 INFO: Python Engine initialized.
2026-06-20 09:44:42,794 WARNING: FutureWarning: DataFrameGroupBy.apply operated on the grouping columns. This behavior is deprecated, and in a future version of pandas the grouping columns will be excluded from the operation. Either pass `include_groups=False` to exclude the groupings or explicitly select the grouping columns after groupby to silence this warning.

2026-06-20 09:44:42,958 WARNING: FutureWarning: DataFrameGroupBy.apply operated on the grouping columns. This behavior is deprecated, and in a future version of pandas the grouping columns will be excluded from the operation. Either pass `include_groups=False` to exclude the groupings or explicitly select the grouping columns after groupby to silence this warning.

Traceback (most recent call last):
  File "/hopsfs/Resources/feature_engineering_job.py", line 190, in <module>

Logged in to project, explore it here https://hopsworks.ai.local/p/2599
Connected to Hopsworks
Transactions shape: (24026, 9)
Score transactions shape: (5274, 8)
Feature engineered dataframe shape: (24026, 17)
Columns: ['transaction_id', 'cc_num', 'datetime', 'amount', 'hour_of_day', 'day_of_week', 'day_of_month', 'txn_velocity', 'geo_distance_from_usual_km', 'rolling_amount_mean_5', 'rolling_amount_std_5', 'amount_ratio_to_avg', 'category_freq', 'merchant_freq', 'time_since_card_first_txn_hours', 'card_txn_count', 'is_fraud']
Feature group cctxnee3558 already exists
    fg.insert(df_features, write_options={"wait_for_job": True})
  File "/srv/hops/anaconda/envs/hopsworks_environment/lib/python3.12/site-packages/hsfs/feature_group.py", line 3949, in insert
    job, ge_report = self._feature_group_engine._insert(
                     ^^^^^^^^^^^^^^^^^^^^^^^^^^^^^^^^^^^
  File "/srv/hops/anaconda/envs/hopsworks_environment/lib/python3.12/site-packages/hsfs/core/feature_group_engine.py", line 283, in _insert
    self._verify_schema_compatibility(feature_group.columns, dataframe_features)
  File "/srv/hops/anaconda/envs/hopsworks_environment/lib/python3.12/site-packages/hsfs/core/feature_group_base_engine.py", line 238, in _verify_schema_compatibility
    raise FeatureStoreException(
hopsworks_common.client.exceptions.FeatureStoreException: Features are not compatible with Feature Group schema: 
 - cc_num (expected type: 'string', derived from input: 'bigint') has the wrong type.
 - is_fraud (expected type: 'int', derived from input: 'bigint') has the wrong type.
Note that feature (or column) names are case insensitive and spaces are automatically replaced with underscores.
2026-06-20 09:44:43,801 INFO: Connection closed.
2026-06-20 09:44:47,117 INFO: Python Engine initialized.

Logged in to project, explore it here https://hopsworks.ai.local/p/2599
Uploading /logs/stderr.log: 0.000%|          | 0/2079 elapsed<00:00 remaining<?Uploading /logs/stderr.log: 100.000%|██████████| 2079/2079 elapsed<00:00 remaining<00:00Uploading /logs/stderr.log: 100.000%|██████████| 2079/2079 elapsed<00:00 remaining<00:00
Uploading /logs/stdout.log: 0.000%|          | 0/575 elapsed<00:00 remaining<?Uploading /logs/stdout.log: 100.000%|██████████| 575/575 elapsed<00:00 remaining<00:00Uploading /logs/stdout.log: 100.000%|██████████| 575/575 elapsed<00:00 remaining<00:00
2026-06-20 09:44:48,978 INFO: Connection closed.
