Job failed with exit code: 1, Reason: Error

--- Container logs ---
/usr/local/bin/python-exec.sh: line 46: /srv/hops/hadoop/bin/hadoop: No such file or directory
Picked up _JAVA_OPTIONS:  -Duser.home=/srv/hops/anaconda
Importing keystore /srv/hops/certificates/mlpab33d57f__meb10000__kstore.jks to /srv/hops/fuse/pems/mlpab33d57f__meb10000__keystore.p12...
Entry for alias mlpab33d57f__meb10000 successfully imported.
Import command completed:  1 entries successfully imported, 0 entries failed or cancelled
Picked up _JAVA_OPTIONS:  -Duser.home=/srv/hops/anaconda
Importing keystore /srv/hops/certificates/mlpab33d57f__meb10000__tstore.jks to /srv/hops/fuse/pems/mlpab33d57f__meb10000__tstore.p12...
Entry for alias hops_root_ca successfully imported.
Import command completed:  1 entries successfully imported, 0 entries failed or cancelled
MAC: sha1, Iteration 100000
MAC length: 20, salt length: 20
PKCS7 Data
Shrouded Keybag: pbeWithSHA1And3-KeyTripleDES-CBC, Iteration 50000
PKCS7 Encrypted data: pbeWithSHA1And40BitRC2-CBC, Iteration 50000
Certificate bag
Certificate bag
2026-06-19 16:19:32,719 INFO: Python Engine initialized.

Logged in to project, explore it here https://hopsworks.ai.local/p/2422
Downloading: 0.000%|          | 0/2041121 elapsed<00:00 remaining<?Downloading: 100.000%|██████████| 2041121/2041121 elapsed<00:00 remaining<00:00
2026-06-19 16:19:33,537 WARNING: FutureWarning: 'H' is deprecated and will be removed in a future version, please use 'h' instead.

2026-06-19 16:19:33,537 WARNING: FutureWarning: 'H' is deprecated and will be removed in a future version, please use 'h' instead.

2026-06-19 16:19:33,538 WARNING: FutureWarning: 'H' is deprecated and will be removed in a future version, please use 'h' instead.

2026-06-19 16:19:33,538 WARNING: FutureWarning: 'H' is deprecated and will be removed in a future version, please use 'h' instead.

2026-06-19 16:19:33,539 WARNING: FutureWarning: 'H' is deprecated and will be removed in a future version, please use 'h' instead.

2026-06-19 16:19:33,540 WARNING: FutureWarning: 'H' is deprecated and will be removed in a future version, please use 'h' instead.

2026-06-19 16:19:33,540 WARNING: FutureWarning: 'H' is deprecated and will be removed in a future version, please use 'h' instead.

2026-06-19 16:19:33,541 WARNING: FutureWarning: 'H' is deprecated and will be removed in a future version, please use 'h' instead.

2026-06-19 16:19:33,541 WARNING: FutureWarning: 'H' is deprecated and will be removed in a future version, please use 'h' instead.

2026-06-19 16:19:33,542 WARNING: FutureWarning: 'H' is deprecated and will be removed in a future version, please use 'h' instead.

2026-06-19 16:19:33,542 WARNING: FutureWarning: 'H' is deprecated and will be removed in a future version, please use 'h' instead.

2026-06-19 16:19:33,543 WARNING: FutureWarning: 'H' is deprecated and will be removed in a future version, please use 'h' instead.

2026-06-19 16:19:33,543 WARNING: FutureWarning: 'H' is deprecated and will be removed in a future version, please use 'h' instead.

2026-06-19 16:19:33,544 WARNING: FutureWarning: 'H' is deprecated and will be removed in a future version, please use 'h' instead.

2026-06-19 16:19:33,544 WARNING: FutureWarning: 'H' is deprecated and will be removed in a future version, please use 'h' instead.

2026-06-19 16:19:33,545 WARNING: FutureWarning: 'H' is deprecated and will be removed in a future version, please use 'h' instead.

2026-06-19 16:19:33,545 WARNING: FutureWarning: 'H' is deprecated and will be removed in a future version, please use 'h' instead.

2026-06-19 16:19:33,546 WARNING: FutureWarning: 'H' is deprecated and will be removed in a future version, please use 'h' instead.

2026-06-19 16:19:33,546 WARNING: FutureWarning: 'H' is deprecated and will be removed in a future version, please use 'h' instead.

2026-06-19 16:19:33,547 WARNING: FutureWarning: 'H' is deprecated and will be removed in a future version, please use 'h' instead.

2026-06-19 16:19:33,547 WARNING: FutureWarning: 'H' is deprecated and will be removed in a future version, please use 'h' instead.

2026-06-19 16:19:33,548 WARNING: FutureWarning: 'H' is deprecated and will be removed in a future version, please use 'h' instead.

2026-06-19 16:19:33,548 WARNING: FutureWarning: 'H' is deprecated and will be removed in a future version, please use 'h' instead.

2026-06-19 16:19:33,549 WARNING: FutureWarning: 'H' is deprecated and will be removed in a future version, please use 'h' instead.

2026-06-19 16:19:33,549 WARNING: FutureWarning: 'H' is deprecated and will be removed in a future version, please use 'h' instead.

2026-06-19 16:19:33,550 WARNING: FutureWarning: 'H' is deprecated and will be removed in a future version, please use 'h' instead.

2026-06-19 16:19:33,550 WARNING: FutureWarning: 'H' is deprecated and will be removed in a future version, please use 'h' instead.

2026-06-19 16:19:33,551 WARNING: FutureWarning: 'H' is deprecated and will be removed in a future version, please use 'h' instead.

2026-06-19 16:19:33,551 WARNING: FutureWarning: 'H' is deprecated and will be removed in a future version, please use 'h' instead.

2026-06-19 16:19:33,552 WARNING: FutureWarning: 'H' is deprecated and will be removed in a future version, please use 'h' instead.

2026-06-19 16:19:33,552 WARNING: FutureWarning: 'H' is deprecated and will be removed in a future version, please use 'h' instead.

2026-06-19 16:19:33,553 WARNING: FutureWarning: 'H' is deprecated and will be removed in a future version, please use 'h' instead.

2026-06-19 16:19:33,553 WARNING: FutureWarning: 'H' is deprecated and will be removed in a future version, please use 'h' instead.

2026-06-19 16:19:33,554 WARNING: FutureWarning: 'H' is deprecated and will be removed in a future version, please use 'h' instead.

2026-06-19 16:19:33,554 WARNING: FutureWarning: 'H' is deprecated and will be removed in a future version, please use 'h' instead.

2026-06-19 16:19:33,555 WARNING: FutureWarning: 'H' is deprecated and will be removed in a future version, please use 'h' instead.

2026-06-19 16:19:33,555 WARNING: FutureWarning: 'H' is deprecated and will be removed in a future version, please use 'h' instead.

2026-06-19 16:19:33,556 WARNING: FutureWarning: 'H' is deprecated and will be removed in a future version, please use 'h' instead.

2026-06-19 16:19:33,556 WARNING: FutureWarning: 'H' is deprecated and will be removed in a future version, please use 'h' instead.

2026-06-19 16:19:33,557 WARNING: FutureWarning: 'H' is deprecated and will be removed in a future version, please use 'h' instead.

2026-06-19 16:19:33,557 WARNING: FutureWarning: 'H' is deprecated and will be removed in a future version, please use 'h' instead.

2026-06-19 16:19:33,558 WARNING: FutureWarning: 'H' is deprecated and will be removed in a future version, please use 'h' instead.

2026-06-19 16:19:33,558 WARNING: FutureWarning: 'H' is deprecated and will be removed in a future version, please use 'h' instead.

2026-06-19 16:19:33,559 WARNING: FutureWarning: 'H' is deprecated and will be removed in a future version, please use 'h' instead.

2026-06-19 16:19:33,559 WARNING: FutureWarning: 'H' is deprecated and will be removed in a future version, please use 'h' instead.

2026-06-19 16:19:33,560 WARNING: FutureWarning: 'H' is deprecated and will be removed in a future version, please use 'h' instead.

2026-06-19 16:19:33,560 WARNING: FutureWarning: 'H' is deprecated and will be removed in a future version, please use 'h' instead.

2026-06-19 16:19:33,561 WARNING: FutureWarning: 'H' is deprecated and will be removed in a future version, please use 'h' instead.

2026-06-19 16:19:33,561 WARNING: FutureWarning: 'H' is deprecated and will be removed in a future version, please use 'h' instead.

2026-06-19 16:19:33,562 WARNING: FutureWarning: 'H' is deprecated and will be removed in a future version, please use 'h' instead.

2026-06-19 16:19:33,562 WARNING: FutureWarning: 'H' is deprecated and will be removed in a future version, please use 'h' instead.

2026-06-19 16:19:33,563 WARNING: FutureWarning: 'H' is deprecated and will be removed in a future version, please use 'h' instead.

2026-06-19 16:19:33,563 WARNING: FutureWarning: 'H' is deprecated and will be removed in a future version, please use 'h' instead.

2026-06-19 16:19:33,563 WARNING: FutureWarning: 'H' is deprecated and will be removed in a future version, please use 'h' instead.

2026-06-19 16:19:33,564 WARNING: FutureWarning: 'H' is deprecated and will be removed in a future version, please use 'h' instead.

2026-06-19 16:19:33,564 WARNING: FutureWarning: 'H' is deprecated and will be removed in a future version, please use 'h' instead.

2026-06-19 16:19:33,565 WARNING: FutureWarning: 'H' is deprecated and will be removed in a future version, please use 'h' instead.

2026-06-19 16:19:33,565 WARNING: FutureWarning: 'H' is deprecated and will be removed in a future version, please use 'h' instead.

2026-06-19 16:19:33,566 WARNING: FutureWarning: 'H' is deprecated and will be removed in a future version, please use 'h' instead.

2026-06-19 16:19:33,566 WARNING: FutureWarning: 'H' is deprecated and will be removed in a future version, please use 'h' instead.

2026-06-19 16:19:33,567 WARNING: FutureWarning: 'H' is deprecated and will be removed in a future version, please use 'h' instead.

2026-06-19 16:19:33,568 WARNING: FutureWarning: 'H' is deprecated and will be removed in a future version, please use 'h' instead.

2026-06-19 16:19:33,569 WARNING: FutureWarning: 'H' is deprecated and will be removed in a future version, please use 'h' instead.

2026-06-19 16:19:33,569 WARNING: FutureWarning: 'H' is deprecated and will be removed in a future version, please use 'h' instead.

2026-06-19 16:19:33,570 WARNING: FutureWarning: 'H' is deprecated and will be removed in a future version, please use 'h' instead.

2026-06-19 16:19:33,570 WARNING: FutureWarning: 'H' is deprecated and will be removed in a future version, please use 'h' instead.

2026-06-19 16:19:33,571 WARNING: FutureWarning: 'H' is deprecated and will be removed in a future version, please use 'h' instead.

2026-06-19 16:19:33,571 WARNING: FutureWarning: 'H' is deprecated and will be removed in a future version, please use 'h' instead.

2026-06-19 16:19:33,571 WARNING: FutureWarning: 'H' is deprecated and will be removed in a future version, please use 'h' instead.

2026-06-19 16:19:33,572 WARNING: FutureWarning: 'H' is deprecated and will be removed in a future version, please use 'h' instead.

2026-06-19 16:19:33,572 WARNING: FutureWarning: 'H' is deprecated and will be removed in a future version, please use 'h' instead.

2026-06-19 16:19:33,573 WARNING: FutureWarning: 'H' is deprecated and will be removed in a future version, please use 'h' instead.

2026-06-19 16:19:33,573 WARNING: FutureWarning: 'H' is deprecated and will be removed in a future version, please use 'h' instead.

2026-06-19 16:19:33,574 WARNING: FutureWarning: 'H' is deprecated and will be removed in a future version, please use 'h' instead.

2026-06-19 16:19:33,574 WARNING: FutureWarning: 'H' is deprecated and will be removed in a future version, please use 'h' instead.

2026-06-19 16:19:33,575 WARNING: FutureWarning: 'H' is deprecated and will be removed in a future version, please use 'h' instead.

2026-06-19 16:19:33,575 WARNING: FutureWarning: 'H' is deprecated and will be removed in a future version, please use 'h' instead.

2026-06-19 16:19:33,576 WARNING: FutureWarning: 'H' is deprecated and will be removed in a future version, please use 'h' instead.

2026-06-19 16:19:33,576 WARNING: FutureWarning: 'H' is deprecated and will be removed in a future version, please use 'h' instead.

2026-06-19 16:19:33,577 WARNING: FutureWarning: 'H' is deprecated and will be removed in a future version, please use 'h' instead.

2026-06-19 16:19:33,577 WARNING: FutureWarning: 'H' is deprecated and will be removed in a future version, please use 'h' instead.

2026-06-19 16:19:33,578 WARNING: FutureWarning: 'H' is deprecated and will be removed in a future version, please use 'h' instead.

2026-06-19 16:19:33,578 WARNING: FutureWarning: 'H' is deprecated and will be removed in a future version, please use 'h' instead.

2026-06-19 16:19:33,578 WARNING: FutureWarning: 'H' is deprecated and will be removed in a future version, please use 'h' instead.

2026-06-19 16:19:33,579 WARNING: FutureWarning: 'H' is deprecated and will be removed in a future version, please use 'h' instead.

2026-06-19 16:19:33,579 WARNING: FutureWarning: 'H' is deprecated and will be removed in a future version, please use 'h' instead.

2026-06-19 16:19:33,580 WARNING: FutureWarning: 'H' is deprecated and will be removed in a future version, please use 'h' instead.

2026-06-19 16:19:33,580 WARNING: FutureWarning: 'H' is deprecated and will be removed in a future version, please use 'h' instead.

2026-06-19 16:19:33,581 WARNING: FutureWarning: 'H' is deprecated and will be removed in a future version, please use 'h' instead.

2026-06-19 16:19:33,581 WARNING: FutureWarning: 'H' is deprecated and will be removed in a future version, please use 'h' instead.

2026-06-19 16:19:33,582 WARNING: FutureWarning: 'H' is deprecated and will be removed in a future version, please use 'h' instead.

2026-06-19 16:19:33,582 WARNING: FutureWarning: 'H' is deprecated and will be removed in a future version, please use 'h' instead.

2026-06-19 16:19:33,583 WARNING: FutureWarning: 'H' is deprecated and will be removed in a future version, please use 'h' instead.

2026-06-19 16:19:33,583 WARNING: FutureWarning: 'H' is deprecated and will be removed in a future version, please use 'h' instead.

2026-06-19 16:19:33,584 WARNING: FutureWarning: 'H' is deprecated and will be removed in a future version, please use 'h' instead.

2026-06-19 16:19:33,584 WARNING: FutureWarning: 'H' is deprecated and will be removed in a future version, please use 'h' instead.

2026-06-19 16:19:33,584 WARNING: FutureWarning: 'H' is deprecated and will be removed in a future version, please use 'h' instead.

2026-06-19 16:19:33,585 WARNING: FutureWarning: 'H' is deprecated and will be removed in a future version, please use 'h' instead.

2026-06-19 16:19:33,585 WARNING: FutureWarning: 'H' is deprecated and will be removed in a future version, please use 'h' instead.

2026-06-19 16:19:33,586 WARNING: FutureWarning: 'H' is deprecated and will be removed in a future version, please use 'h' instead.

2026-06-19 16:19:33,586 WARNING: FutureWarning: 'H' is deprecated and will be removed in a future version, please use 'h' instead.

2026-06-19 16:19:33,587 WARNING: FutureWarning: 'H' is deprecated and will be removed in a future version, please use 'h' instead.

2026-06-19 16:19:33,587 WARNING: FutureWarning: 'H' is deprecated and will be removed in a future version, please use 'h' instead.

2026-06-19 16:19:33,588 WARNING: FutureWarning: 'H' is deprecated and will be removed in a future version, please use 'h' instead.

2026-06-19 16:19:33,588 WARNING: FutureWarning: 'H' is deprecated and will be removed in a future version, please use 'h' instead.

2026-06-19 16:19:33,589 WARNING: FutureWarning: 'H' is deprecated and will be removed in a future version, please use 'h' instead.

2026-06-19 16:19:33,589 WARNING: FutureWarning: 'H' is deprecated and will be removed in a future version, please use 'h' instead.

2026-06-19 16:19:33,590 WARNING: FutureWarning: 'H' is deprecated and will be removed in a future version, please use 'h' instead.

2026-06-19 16:19:33,590 WARNING: FutureWarning: 'H' is deprecated and will be removed in a future version, please use 'h' instead.

2026-06-19 16:19:33,590 WARNING: FutureWarning: 'H' is deprecated and will be removed in a future version, please use 'h' instead.

2026-06-19 16:19:33,591 WARNING: FutureWarning: 'H' is deprecated and will be removed in a future version, please use 'h' instead.

2026-06-19 16:19:33,591 WARNING: FutureWarning: 'H' is deprecated and will be removed in a future version, please use 'h' instead.

2026-06-19 16:19:33,592 WARNING: FutureWarning: 'H' is deprecated and will be removed in a future version, please use 'h' instead.

2026-06-19 16:19:33,592 WARNING: FutureWarning: 'H' is deprecated and will be removed in a future version, please use 'h' instead.

2026-06-19 16:19:33,593 WARNING: FutureWarning: 'H' is deprecated and will be removed in a future version, please use 'h' instead.

2026-06-19 16:19:33,593 WARNING: FutureWarning: 'H' is deprecated and will be removed in a future version, please use 'h' instead.

2026-06-19 16:19:33,594 WARNING: FutureWarning: 'H' is deprecated and will be removed in a future version, please use 'h' instead.

2026-06-19 16:19:33,594 WARNING: FutureWarning: 'H' is deprecated and will be removed in a future version, please use 'h' instead.

2026-06-19 16:19:33,595 WARNING: FutureWarning: 'H' is deprecated and will be removed in a future version, please use 'h' instead.

2026-06-19 16:19:33,595 WARNING: FutureWarning: 'H' is deprecated and will be removed in a future version, please use 'h' instead.

2026-06-19 16:19:33,596 WARNING: FutureWarning: 'H' is deprecated and will be removed in a future version, please use 'h' instead.

2026-06-19 16:19:33,596 WARNING: FutureWarning: 'H' is deprecated and will be removed in a future version, please use 'h' instead.

2026-06-19 16:19:33,597 WARNING: FutureWarning: 'H' is deprecated and will be removed in a future version, please use 'h' instead.

2026-06-19 16:19:33,597 WARNING: FutureWarning: 'H' is deprecated and will be removed in a future version, please use 'h' instead.

2026-06-19 16:19:33,598 WARNING: FutureWarning: 'H' is deprecated and will be removed in a future version, please use 'h' instead.

2026-06-19 16:19:33,598 WARNING: FutureWarning: 'H' is deprecated and will be removed in a future version, please use 'h' instead.

2026-06-19 16:19:33,598 WARNING: FutureWarning: 'H' is deprecated and will be removed in a future version, please use 'h' instead.

2026-06-19 16:19:33,599 WARNING: FutureWarning: 'H' is deprecated and will be removed in a future version, please use 'h' instead.

2026-06-19 16:19:33,599 WARNING: FutureWarning: 'H' is deprecated and will be removed in a future version, please use 'h' instead.

2026-06-19 16:19:33,600 WARNING: FutureWarning: 'H' is deprecated and will be removed in a future version, please use 'h' instead.

2026-06-19 16:19:33,600 WARNING: FutureWarning: 'H' is deprecated and will be removed in a future version, please use 'h' instead.

2026-06-19 16:19:33,601 WARNING: FutureWarning: 'H' is deprecated and will be removed in a future version, please use 'h' instead.

2026-06-19 16:19:33,601 WARNING: FutureWarning: 'H' is deprecated and will be removed in a future version, please use 'h' instead.

2026-06-19 16:19:33,602 WARNING: FutureWarning: 'H' is deprecated and will be removed in a future version, please use 'h' instead.

2026-06-19 16:19:33,602 WARNING: FutureWarning: 'H' is deprecated and will be removed in a future version, please use 'h' instead.

2026-06-19 16:19:33,603 WARNING: FutureWarning: 'H' is deprecated and will be removed in a future version, please use 'h' instead.

2026-06-19 16:19:33,603 WARNING: FutureWarning: 'H' is deprecated and will be removed in a future version, please use 'h' instead.

2026-06-19 16:19:33,604 WARNING: FutureWarning: 'H' is deprecated and will be removed in a future version, please use 'h' instead.

2026-06-19 16:19:33,604 WARNING: FutureWarning: 'H' is deprecated and will be removed in a future version, please use 'h' instead.

2026-06-19 16:19:33,605 WARNING: FutureWarning: 'H' is deprecated and will be removed in a future version, please use 'h' instead.

2026-06-19 16:19:33,605 WARNING: FutureWarning: 'H' is deprecated and will be removed in a future version, please use 'h' instead.

2026-06-19 16:19:33,606 WARNING: FutureWarning: 'H' is deprecated and will be removed in a future version, please use 'h' instead.

2026-06-19 16:19:33,606 WARNING: FutureWarning: 'H' is deprecated and will be removed in a future version, please use 'h' instead.

2026-06-19 16:19:33,607 WARNING: FutureWarning: 'H' is deprecated and will be removed in a future version, please use 'h' instead.

2026-06-19 16:19:33,607 WARNING: FutureWarning: 'H' is deprecated and will be removed in a future version, please use 'h' instead.

2026-06-19 16:19:33,607 WARNING: FutureWarning: 'H' is deprecated and will be removed in a future version, please use 'h' instead.

2026-06-19 16:19:33,608 WARNING: FutureWarning: 'H' is deprecated and will be removed in a future version, please use 'h' instead.

2026-06-19 16:19:33,608 WARNING: FutureWarning: 'H' is deprecated and will be removed in a future version, please use 'h' instead.

2026-06-19 16:19:33,609 WARNING: FutureWarning: 'H' is deprecated and will be removed in a future version, please use 'h' instead.

2026-06-19 16:19:33,609 WARNING: FutureWarning: 'H' is deprecated and will be removed in a future version, please use 'h' instead.

2026-06-19 16:19:33,610 WARNING: FutureWarning: 'H' is deprecated and will be removed in a future version, please use 'h' instead.

2026-06-19 16:19:33,610 WARNING: FutureWarning: 'H' is deprecated and will be removed in a future version, please use 'h' instead.

2026-06-19 16:19:33,611 WARNING: FutureWarning: 'H' is deprecated and will be removed in a future version, please use 'h' instead.

2026-06-19 16:19:33,611 WARNING: FutureWarning: 'H' is deprecated and will be removed in a future version, please use 'h' instead.

2026-06-19 16:19:33,612 WARNING: FutureWarning: 'H' is deprecated and will be removed in a future version, please use 'h' instead.

2026-06-19 16:19:33,612 WARNING: FutureWarning: 'H' is deprecated and will be removed in a future version, please use 'h' instead.

2026-06-19 16:19:33,613 WARNING: FutureWarning: 'H' is deprecated and will be removed in a future version, please use 'h' instead.

2026-06-19 16:19:33,613 WARNING: FutureWarning: 'H' is deprecated and will be removed in a future version, please use 'h' instead.

2026-06-19 16:19:33,613 WARNING: FutureWarning: 'H' is deprecated and will be removed in a future version, please use 'h' instead.

2026-06-19 16:19:33,614 WARNING: FutureWarning: 'H' is deprecated and will be removed in a future version, please use 'h' instead.

2026-06-19 16:19:33,614 WARNING: FutureWarning: 'H' is deprecated and will be removed in a future version, please use 'h' instead.

2026-06-19 16:19:33,615 WARNING: FutureWarning: 'H' is deprecated and will be removed in a future version, please use 'h' instead.

2026-06-19 16:19:33,615 WARNING: FutureWarning: 'H' is deprecated and will be removed in a future version, please use 'h' instead.

2026-06-19 16:19:33,616 WARNING: FutureWarning: 'H' is deprecated and will be removed in a future version, please use 'h' instead.

2026-06-19 16:19:33,616 WARNING: FutureWarning: 'H' is deprecated and will be removed in a future version, please use 'h' instead.

2026-06-19 16:19:33,617 WARNING: FutureWarning: 'H' is deprecated and will be removed in a future version, please use 'h' instead.

2026-06-19 16:19:33,617 WARNING: FutureWarning: 'H' is deprecated and will be removed in a future version, please use 'h' instead.

2026-06-19 16:19:33,618 WARNING: FutureWarning: 'H' is deprecated and will be removed in a future version, please use 'h' instead.

2026-06-19 16:19:33,618 WARNING: FutureWarning: 'H' is deprecated and will be removed in a future version, please use 'h' instead.

2026-06-19 16:19:33,619 WARNING: FutureWarning: 'H' is deprecated and will be removed in a future version, please use 'h' instead.

2026-06-19 16:19:33,619 WARNING: FutureWarning: 'H' is deprecated and will be removed in a future version, please use 'h' instead.

2026-06-19 16:19:33,620 WARNING: FutureWarning: 'H' is deprecated and will be removed in a future version, please use 'h' instead.

2026-06-19 16:19:33,620 WARNING: FutureWarning: 'H' is deprecated and will be removed in a future version, please use 'h' instead.

2026-06-19 16:19:33,621 WARNING: FutureWarning: 'H' is deprecated and will be removed in a future version, please use 'h' instead.

2026-06-19 16:19:33,621 WARNING: FutureWarning: 'H' is deprecated and will be removed in a future version, please use 'h' instead.

2026-06-19 16:19:33,621 WARNING: FutureWarning: 'H' is deprecated and will be removed in a future version, please use 'h' instead.

2026-06-19 16:19:33,622 WARNING: FutureWarning: 'H' is deprecated and will be removed in a future version, please use 'h' instead.

2026-06-19 16:19:33,622 WARNING: FutureWarning: 'H' is deprecated and will be removed in a future version, please use 'h' instead.

2026-06-19 16:19:33,623 WARNING: FutureWarning: 'H' is deprecated and will be removed in a future version, please use 'h' instead.

2026-06-19 16:19:33,623 WARNING: FutureWarning: 'H' is deprecated and will be removed in a future version, please use 'h' instead.

2026-06-19 16:19:33,624 WARNING: FutureWarning: 'H' is deprecated and will be removed in a future version, please use 'h' instead.

2026-06-19 16:19:33,624 WARNING: FutureWarning: 'H' is deprecated and will be removed in a future version, please use 'h' instead.

2026-06-19 16:19:33,625 WARNING: FutureWarning: 'H' is deprecated and will be removed in a future version, please use 'h' instead.

2026-06-19 16:19:33,625 WARNING: FutureWarning: 'H' is deprecated and will be removed in a future version, please use 'h' instead.

2026-06-19 16:19:33,625 WARNING: FutureWarning: 'H' is deprecated and will be removed in a future version, please use 'h' instead.

2026-06-19 16:19:33,626 WARNING: FutureWarning: 'H' is deprecated and will be removed in a future version, please use 'h' instead.

2026-06-19 16:19:33,626 WARNING: FutureWarning: 'H' is deprecated and will be removed in a future version, please use 'h' instead.

2026-06-19 16:19:33,627 WARNING: FutureWarning: 'H' is deprecated and will be removed in a future version, please use 'h' instead.

2026-06-19 16:19:33,627 WARNING: FutureWarning: 'H' is deprecated and will be removed in a future version, please use 'h' instead.

2026-06-19 16:19:33,628 WARNING: FutureWarning: 'H' is deprecated and will be removed in a future version, please use 'h' instead.

2026-06-19 16:19:33,628 WARNING: FutureWarning: 'H' is deprecated and will be removed in a future version, please use 'h' instead.

2026-06-19 16:19:33,629 WARNING: FutureWarning: 'H' is deprecated and will be removed in a future version, please use 'h' instead.

2026-06-19 16:19:33,629 WARNING: FutureWarning: 'H' is deprecated and will be removed in a future version, please use 'h' instead.

2026-06-19 16:19:33,630 WARNING: FutureWarning: 'H' is deprecated and will be removed in a future version, please use 'h' instead.

2026-06-19 16:19:33,630 WARNING: FutureWarning: 'H' is deprecated and will be removed in a future version, please use 'h' instead.

2026-06-19 16:19:33,630 WARNING: FutureWarning: 'H' is deprecated and will be removed in a future version, please use 'h' instead.

2026-06-19 16:19:33,631 WARNING: FutureWarning: 'H' is deprecated and will be removed in a future version, please use 'h' instead.

2026-06-19 16:19:33,631 WARNING: FutureWarning: 'H' is deprecated and will be removed in a future version, please use 'h' instead.

2026-06-19 16:19:33,632 WARNING: FutureWarning: 'H' is deprecated and will be removed in a future version, please use 'h' instead.

2026-06-19 16:19:33,632 WARNING: FutureWarning: 'H' is deprecated and will be removed in a future version, please use 'h' instead.

2026-06-19 16:19:33,633 WARNING: FutureWarning: 'H' is deprecated and will be removed in a future version, please use 'h' instead.

2026-06-19 16:19:33,633 WARNING: FutureWarning: 'H' is deprecated and will be removed in a future version, please use 'h' instead.

2026-06-19 16:19:33,634 WARNING: FutureWarning: 'H' is deprecated and will be removed in a future version, please use 'h' instead.

2026-06-19 16:19:33,634 WARNING: FutureWarning: 'H' is deprecated and will be removed in a future version, please use 'h' instead.

2026-06-19 16:19:33,635 WARNING: FutureWarning: 'H' is deprecated and will be removed in a future version, please use 'h' instead.

2026-06-19 16:19:33,635 WARNING: FutureWarning: 'H' is deprecated and will be removed in a future version, please use 'h' instead.

2026-06-19 16:19:33,635 WARNING: FutureWarning: 'H' is deprecated and will be removed in a future version, please use 'h' instead.

2026-06-19 16:19:33,636 WARNING: FutureWarning: 'H' is deprecated and will be removed in a future version, please use 'h' instead.

2026-06-19 16:19:33,636 WARNING: FutureWarning: 'H' is deprecated and will be removed in a future version, please use 'h' instead.

2026-06-19 16:19:33,637 WARNING: FutureWarning: 'H' is deprecated and will be removed in a future version, please use 'h' instead.

2026-06-19 16:19:33,637 WARNING: FutureWarning: 'H' is deprecated and will be removed in a future version, please use 'h' instead.

2026-06-19 16:19:33,638 WARNING: FutureWarning: 'H' is deprecated and will be removed in a future version, please use 'h' instead.

2026-06-19 16:19:33,638 WARNING: FutureWarning: 'H' is deprecated and will be removed in a future version, please use 'h' instead.

2026-06-19 16:19:33,639 WARNING: FutureWarning: 'H' is deprecated and will be removed in a future version, please use 'h' instead.

2026-06-19 16:19:33,639 WARNING: FutureWarning: 'H' is deprecated and will be removed in a future version, please use 'h' instead.

2026-06-19 16:19:33,640 WARNING: FutureWarning: 'H' is deprecated and will be removed in a future version, please use 'h' instead.

2026-06-19 16:19:33,640 WARNING: FutureWarning: 'H' is deprecated and will be removed in a future version, please use 'h' instead.

2026-06-19 16:19:33,641 WARNING: FutureWarning: 'H' is deprecated and will be removed in a future version, please use 'h' instead.

2026-06-19 16:19:33,641 WARNING: FutureWarning: 'H' is deprecated and will be removed in a future version, please use 'h' instead.

2026-06-19 16:19:33,642 WARNING: FutureWarning: 'H' is deprecated and will be removed in a future version, please use 'h' instead.

Traceback (most recent call last):
  File "/hopsfs/Resources/jobs/feature_engineering/feature_engineering.py", line 53, in <module>
    main()
  File "/hopsfs/Resources/jobs/feature_engineering/feature_engineering.py", line 40, in main
    transactions = transactions.groupby('cc_num').apply(calculate_geo_distance).reset_index(drop=True)
                   ^^^^^^^^^^^^^^^^^^^^^^^^^^^^^^^^^^^^^^^^^^^^^^^^^^^^^^^^^^^^
  File "/srv/hops/anaconda/envs/hopsworks_environment/lib/python3.12/site-packages/pandas/core/groupby/groupby.py", line 1826, in apply
    result = self._python_apply_general(f, self._selected_obj)
             ^^^^^^^^^^^^^^^^^^^^^^^^^^^^^^^^^^^^^^^^^^^^^^^^^
  File "/srv/hops/anaconda/envs/hopsworks_environment/lib/python3.12/site-packages/pandas/core/groupby/groupby.py", line 1887, in _python_apply_general
    values, mutated = self._grouper.apply_groupwise(f, data, self.axis)
                      ^^^^^^^^^^^^^^^^^^^^^^^^^^^^^^^^^^^^^^^^^^^^^^^^^
  File "/srv/hops/anaconda/envs/hopsworks_environment/lib/python3.12/site-packages/pandas/core/groupby/ops.py", line 928, in apply_groupwise
    res = f(group)
          ^^^^^^^^
  File "/hopsfs/Resources/jobs/feature_engineering/feature_engineering.py", line 33, in calculate_geo_distance
    group['geo_distance'] = group.apply(
                            ^^^^^^^^^^^^
  File "/srv/hops/anaconda/envs/hopsworks_environment/lib/python3.12/site-packages/pandas/core/frame.py", line 10401, in apply
    return op.apply().__finalize__(self, method="apply")
           ^^^^^^^^^^
  File "/srv/hops/anaconda/envs/hopsworks_environment/lib/python3.12/site-packages/pandas/core/apply.py", line 916, in apply
    return self.apply_standard()
           ^^^^^^^^^^^^^^^^^^^^^
  File "/srv/hops/anaconda/envs/hopsworks_environment/lib/python3.12/site-packages/pandas/core/apply.py", line 1063, in apply_standard
    results, res_index = self.apply_series_generator()
                         ^^^^^^^^^^^^^^^^^^^^^^^^^^^^^
  File "/srv/hops/anaconda/envs/hopsworks_environment/lib/python3.12/site-packages/pandas/core/apply.py", line 1081, in apply_series_generator
    results[i] = self.func(v, *self.args, **self.kwargs)
                 ^^^^^^^^^^^^^^^^^^^^^^^^^^^^^^^^^^^^^^^
  File "/hopsfs/Resources/jobs/feature_engineering/feature_engineering.py", line 35, in <lambda>
    if pd.notna(prev_lat[row.name]) else 0,
       ^^^^^^^^^^^^^^^^^^^^^^^^^^^^
  File "/srv/hops/anaconda/envs/hopsworks_environment/lib/python3.12/site-packages/pandas/core/generic.py", line 1580, in __nonzero__
    raise ValueError(
ValueError: The truth value of a Series is ambiguous. Use a.empty, a.bool(), a.item(), a.any() or a.all().
2026-06-19 16:19:33,781 INFO: Connection closed.
2026-06-19 16:19:38,270 INFO: Python Engine initialized.

Logged in to project, explore it here https://hopsworks.ai.local/p/2422
Uploading /logs/stderr.log: 0.000%|          | 0/32003 elapsed<00:00 remaining<?Uploading /logs/stderr.log: 100.000%|██████████| 32003/32003 elapsed<00:00 remaining<00:00Uploading /logs/stderr.log: 100.000%|██████████| 32003/32003 elapsed<00:00 remaining<00:00
Uploading /logs/stdout.log: 0.000%|          | 0/73 elapsed<00:00 remaining<?Uploading /logs/stdout.log: 100.000%|██████████| 73/73 elapsed<00:00 remaining<00:00Uploading /logs/stdout.log: 100.000%|██████████| 73/73 elapsed<00:00 remaining<00:00
2026-06-19 16:19:40,132 INFO: Connection closed.
