

==================================
Logs for EXECUTOR on node wolffbe.Executor Id: 2
============================================================================================== 


==================================
Logs for EXECUTOR on node wolffbe.Executor Id: 1
============================================================================================== 


==================================
Logs for DRIVER on node wolffbe.
============================================================================================== 

Logged in to project, explore it here https://hopsworks.ai.local/p/3192
Reading data from Resources...
Downloading: 0.000%|          | 0/2048800 elapsed<00:00 remaining<?Downloading: 100.000%|██████████| 2048800/2048800 elapsed<00:00 remaining<00:00
Downloading: 0.000%|          | 0/440115 elapsed<00:00 remaining<?Downloading: 100.000%|██████████| 440115/440115 elapsed<00:00 remaining<00:00
Transactions: 24026 rows
Score transactions: 5274 rows

Engineering features...
Engineering training features...
Total features: 38

Creating feature group cctxnee3558...
Feature group cctxnee3558 v1 ready
Inserting training data into feature group...
2026-06-20 12:02:37,295 WARNING: UserWarning: Can not find any timezone configuration, defaulting to UTC.

2026-06-20 12:02:52,691 INFO mlpabc9a7f3,fraud_detection_job,2102,**APPID Version: Elasticsearch Hadoop v9.0.0 [8ff51cfdb4]
2026-06-20 12:03:33,853 INFO mlpabc9a7f3,fraud_detection_job,2102,**APPID HopsfsLogStorage: path URI: hopsfs://rpc.namenode.service.consul:8020/apps/hive/warehouse/mlpabc9a7f3_featurestore.db/cctxnee3558_1/_delta_log/00000000000000000003.json
2026-06-20 12:03:33,853 INFO mlpabc9a7f3,fraud_detection_job,2102,**APPID HopsfsLogStorage: pathCopy1 URI: hopsfs://rpc.namenode.service.consul:8020/apps/hive/warehouse/mlpabc9a7f3_featurestore.db/cctxnee3558_1/_delta_log/00000000000000000003.json
2026-06-20 12:03:33,862 INFO mlpabc9a7f3,fraud_detection_job,2102,**APPID HopsfsLogStorage: path URI after tempPath: hopsfs://rpc.namenode.service.consul:8020/apps/hive/warehouse/mlpabc9a7f3_featurestore.db/cctxnee3558_1/_delta_log/00000000000000000003.json
2026-06-20 12:03:33,862 INFO mlpabc9a7f3,fraud_detection_job,2102,**APPID HopsfsLogStorage: pathCopy2 URI: hopsfs://rpc.namenode.service.consul:8020/apps/hive/warehouse/mlpabc9a7f3_featurestore.db/cctxnee3558_1/_delta_log/00000000000000000003.json
2026-06-20 12:03:33,966 INFO mlpabc9a7f3,fraud_detection_job,2102,**APPID HopsfsLogStorage: path URI after rename: hopsfs://rpc.namenode.service.consul:8020/apps/hive/warehouse/mlpabc9a7f3_featurestore.db/cctxnee3558_1/_delta_log/00000000000000000003.json
2026-06-20 12:03:33,966 INFO mlpabc9a7f3,fraud_detection_job,2102,**APPID HopsfsLogStorage: pathCopy2 URI after rename: hopsfs://rpc.namenode.service.consul:8020/apps/hive/warehouse/mlpabc9a7f3_featurestore.db/cctxnee3558_1/_delta_log/00000000000000000003.json
2026-06-20 12:03:40,776 INFO mlpabc9a7f3,fraud_detection_job,2102,**APPID SessionState: Hive Session ID = 630b915e-0084-4772-83e8-c024c8192f19
Training data inserted into feature group

Creating training dataset cctdee3558...
Feature view created successfully, explore it at 
https://hopsworks.ai.local/p/3192/fs/3140/fv/cctdee3558/version/1
Feature view cctdee3558 ready

Fetching training data...
Traceback (most recent call last):
  File "/srv/hops/anaconda/envs/hopsworks_environment/lib/python3.12/site-packages/hsfs/feature_view.py", line 4716, in __getattr__
    return self.__getitem__(name)
           ^^^^^^^^^^^^^^^^^^^^^^
  File "/srv/hops/anaconda/envs/hopsworks_environment/lib/python3.12/site-packages/hsfs/feature_view.py", line 4736, in __getitem__
    raise KeyError(
KeyError: "'FeatureView' object has no transformation function called 'to_pandas'."

The above exception was the direct cause of the following exception:

Traceback (most recent call last):
  File "/srv/hops/artifacts/fraud_pipeline.py", line 190, in <module>
    train_df = fv.to_pandas()
               ^^^^^^^^^^^^
  File "/srv/hops/anaconda/envs/hopsworks_environment/lib/python3.12/site-packages/hsfs/feature_view.py", line 4718, in __getattr__
    raise AttributeError(
AttributeError: 'FeatureView' object has no attribute 'to_pandas'. 
2026-06-20 12:03:56,120 INFO: Connection closed.
2026-06-20 12:03:56,120 INFO: Closing down clientserver connection
