Job failed with exit code: 1, Reason: Error

--- Container logs ---
/usr/local/bin/python-exec.sh: line 46: /srv/hops/hadoop/bin/hadoop: No such file or directory
Picked up _JAVA_OPTIONS:  -Duser.home=/srv/hops/anaconda
Importing keystore /srv/hops/certificates/mlpabebe51e__meb10000__kstore.jks to /srv/hops/fuse/pems/mlpabebe51e__meb10000__keystore.p12...
Entry for alias mlpabebe51e__meb10000 successfully imported.
Import command completed:  1 entries successfully imported, 0 entries failed or cancelled
Picked up _JAVA_OPTIONS:  -Duser.home=/srv/hops/anaconda
Importing keystore /srv/hops/certificates/mlpabebe51e__meb10000__tstore.jks to /srv/hops/fuse/pems/mlpabebe51e__meb10000__tstore.p12...
Entry for alias hops_root_ca successfully imported.
Import command completed:  1 entries successfully imported, 0 entries failed or cancelled
MAC: sha1, Iteration 100000
MAC length: 20, salt length: 20
PKCS7 Data
Shrouded Keybag: pbeWithSHA1And3-KeyTripleDES-CBC, Iteration 50000
PKCS7 Encrypted data: pbeWithSHA1And40BitRC2-CBC, Iteration 50000
Certificate bag
Certificate bag
2026-06-19 07:06:25,662 INFO: Python Engine initialized.
Traceback (most recent call last):
  File "/hopsfs/Resources/feature_engineering.py", line 51, in <module>

Logged in to project, explore it here https://hopsworks.ai.local/p/2344
    transactions_df["velocity_1h"] = velocity
    ~~~~~~~~~~~~~~~^^^^^^^^^^^^^^^
  File "/srv/hops/anaconda/envs/hopsworks_environment/lib/python3.12/site-packages/pandas/core/frame.py", line 4322, in __setitem__
    self._set_item(key, value)
  File "/srv/hops/anaconda/envs/hopsworks_environment/lib/python3.12/site-packages/pandas/core/frame.py", line 4535, in _set_item
    value, refs = self._sanitize_column(value)
                  ^^^^^^^^^^^^^^^^^^^^^^^^^^^^
  File "/srv/hops/anaconda/envs/hopsworks_environment/lib/python3.12/site-packages/pandas/core/frame.py", line 5285, in _sanitize_column
    return _reindex_for_setitem(value, self.index)
           ^^^^^^^^^^^^^^^^^^^^^^^^^^^^^^^^^^^^^^^
  File "/srv/hops/anaconda/envs/hopsworks_environment/lib/python3.12/site-packages/pandas/core/frame.py", line 12719, in _reindex_for_setitem
    raise err
  File "/srv/hops/anaconda/envs/hopsworks_environment/lib/python3.12/site-packages/pandas/core/frame.py", line 12714, in _reindex_for_setitem
    reindexed_value = value.reindex(index)._values
                      ^^^^^^^^^^^^^^^^^^^^
  File "/srv/hops/anaconda/envs/hopsworks_environment/lib/python3.12/site-packages/pandas/core/series.py", line 5172, in reindex
    return super().reindex(
           ^^^^^^^^^^^^^^^^
  File "/srv/hops/anaconda/envs/hopsworks_environment/lib/python3.12/site-packages/pandas/core/generic.py", line 5632, in reindex
    return self._reindex_axes(
           ^^^^^^^^^^^^^^^^^^^
  File "/srv/hops/anaconda/envs/hopsworks_environment/lib/python3.12/site-packages/pandas/core/generic.py", line 5655, in _reindex_axes
    new_index, indexer = ax.reindex(
                         ^^^^^^^^^^^
  File "/srv/hops/anaconda/envs/hopsworks_environment/lib/python3.12/site-packages/pandas/core/indexes/base.py", line 4436, in reindex
    raise ValueError("cannot reindex on an axis with duplicate labels")
ValueError: cannot reindex on an axis with duplicate labels
2026-06-19 07:06:26,070 INFO: Connection closed.
2026-06-19 07:06:29,435 INFO: Python Engine initialized.

Logged in to project, explore it here https://hopsworks.ai.local/p/2344
Uploading /logs/stderr.log: 0.000%|          | 0/2166 elapsed<00:00 remaining<?Uploading /logs/stderr.log: 100.000%|██████████| 2166/2166 elapsed<00:00 remaining<00:00Uploading /logs/stderr.log: 100.000%|██████████| 2166/2166 elapsed<00:00 remaining<00:00
Uploading /logs/stdout.log: 0.000%|          | 0/73 elapsed<00:00 remaining<?Uploading /logs/stdout.log: 100.000%|██████████| 73/73 elapsed<00:00 remaining<00:00Uploading /logs/stdout.log: 100.000%|██████████| 73/73 elapsed<00:00 remaining<00:00
2026-06-19 07:06:31,320 INFO: Connection closed.
