Job failed with exit code: 1, Reason: Error

--- Container logs ---
/usr/local/bin/python-exec.sh: line 46: /srv/hops/hadoop/bin/hadoop: No such file or directory
Picked up _JAVA_OPTIONS:  -Duser.home=/srv/hops/anaconda
Importing keystore /srv/hops/certificates/mlpab33d57f__meb10000__kstore.jks to /srv/hops/fuse/pems/mlpab33d57f__meb10000__keystore.p12...
Entry for alias mlpab33d57f__meb10000 successfully imported.
Import command completed:  1 entries successfully imported, 0 entries failed or cancelled
Picked up _JAVA_OPTIONS:  -Duser.home=/srv/hops/anaconda
Importing keystore /srv/hops/certificates/mlpab33d57f__meb10000__tstore.jks to /srv/hops/fuse/pems/mlpab33d57f__meb10000__tstore.p12...
Entry for alias hops_root_ca successfully imported.
Import command completed:  1 entries successfully imported, 0 entries failed or cancelled
MAC: sha1, Iteration 100000
MAC length: 20, salt length: 20
PKCS7 Data
Shrouded Keybag: pbeWithSHA1And3-KeyTripleDES-CBC, Iteration 50000
PKCS7 Encrypted data: pbeWithSHA1And40BitRC2-CBC, Iteration 50000
Certificate bag
Certificate bag
2026-06-19 16:11:14,573 INFO: Python Engine initialized.

Logged in to project, explore it here https://hopsworks.ai.local/p/2422
Downloading: 0.000%|          | 0/2041121 elapsed<00:00 remaining<?Downloading: 100.000%|██████████| 2041121/2041121 elapsed<00:00 remaining<00:00
Traceback (most recent call last):
  File "/hopsfs/Resources/jobs/feature_engineering/feature_engineering.py", line 52, in <module>
    main()
  File "/hopsfs/Resources/jobs/feature_engineering/feature_engineering.py", line 23, in main
    transactions['transaction_velocity'] = transactions.groupby('cc_num')['transaction_id'].transform(
                                           ^^^^^^^^^^^^^^^^^^^^^^^^^^^^^^^^^^^^^^^^^^^^^^^^^^^^^^^^^^^
  File "/srv/hops/anaconda/envs/hopsworks_environment/lib/python3.12/site-packages/pandas/core/groupby/generic.py", line 517, in transform
    return self._transform(
           ^^^^^^^^^^^^^^^^
  File "/srv/hops/anaconda/envs/hopsworks_environment/lib/python3.12/site-packages/pandas/core/groupby/groupby.py", line 2028, in _transform
    return self._transform_general(func, engine, engine_kwargs, *args, **kwargs)
           ^^^^^^^^^^^^^^^^^^^^^^^^^^^^^^^^^^^^^^^^^^^^^^^^^^^^^^^^^^^^^^^^^^^^^
  File "/srv/hops/anaconda/envs/hopsworks_environment/lib/python3.12/site-packages/pandas/core/groupby/generic.py", line 557, in _transform_general
    res = func(group, *args, **kwargs)
          ^^^^^^^^^^^^^^^^^^^^^^^^^^^^
  File "/hopsfs/Resources/jobs/feature_engineering/feature_engineering.py", line 24, in <lambda>
    lambda x: x.rolling('1H', on='datetime').count()
              ^^^^^^^^^^^^^^^^^^^^^^^^^^^^^^
  File "/srv/hops/anaconda/envs/hopsworks_environment/lib/python3.12/site-packages/pandas/core/generic.py", line 12645, in rolling
    return Rolling(
           ^^^^^^^^
  File "/srv/hops/anaconda/envs/hopsworks_environment/lib/python3.12/site-packages/pandas/core/window/rolling.py", line 164, in __init__
    raise ValueError(
ValueError: invalid on specified as datetime, must be a column (of DataFrame), an Index or None
2026-06-19 16:11:15,440 INFO: Connection closed.
2026-06-19 16:11:18,915 INFO: Python Engine initialized.

Logged in to project, explore it here https://hopsworks.ai.local/p/2422
Uploading /logs/stderr.log: 0.000%|          | 0/2062 elapsed<00:00 remaining<?Uploading /logs/stderr.log: 100.000%|██████████| 2062/2062 elapsed<00:01 remaining<00:00Uploading /logs/stderr.log: 100.000%|██████████| 2062/2062 elapsed<00:01 remaining<00:00
Uploading /logs/stdout.log: 0.000%|          | 0/73 elapsed<00:00 remaining<?Uploading /logs/stdout.log: 100.000%|██████████| 73/73 elapsed<00:00 remaining<00:00Uploading /logs/stdout.log: 100.000%|██████████| 73/73 elapsed<00:00 remaining<00:00
2026-06-19 16:11:22,057 INFO: Connection closed.
