

==================================
Logs for EXECUTOR on node wolffbe.Executor Id: 1
============================================================================================== 
Picked up _JAVA_OPTIONS:  -Duser.home=/srv/hops/anaconda
2026-06-20 11:47:53,799 INFO mlpabc9a7f3,fraud_detection_job,2102,**APPID KubernetesExecutorBackend: Started daemon with process name: 7@00-799571c0-10b4-4742-8590-6e34295e08cf-8b240d9ee4dbb78e-exec-1
2026-06-20 11:47:53,846 INFO mlpabc9a7f3,fraud_detection_job,2102,**APPID SignalUtils: Registering signal handler for TERM
2026-06-20 11:47:53,847 INFO mlpabc9a7f3,fraud_detection_job,2102,**APPID SignalUtils: Registering signal handler for HUP
2026-06-20 11:47:53,848 INFO mlpabc9a7f3,fraud_detection_job,2102,**APPID SignalUtils: Registering signal handler for INT
2026-06-20 11:47:55,047 INFO mlpabc9a7f3,fraud_detection_job,2102,**APPID SecurityManager: Changing view acls to: yarnapp,mlpabc9a7f3__meb10000
2026-06-20 11:47:55,047 INFO mlpabc9a7f3,fraud_detection_job,2102,**APPID SecurityManager: Changing modify acls to: yarnapp,mlpabc9a7f3__meb10000
2026-06-20 11:47:55,048 INFO mlpabc9a7f3,fraud_detection_job,2102,**APPID SecurityManager: Changing view acls groups to: 
2026-06-20 11:47:55,048 INFO mlpabc9a7f3,fraud_detection_job,2102,**APPID SecurityManager: Changing modify acls groups to: 
2026-06-20 11:47:55,048 INFO mlpabc9a7f3,fraud_detection_job,2102,**APPID SecurityManager: SecurityManager: authentication disabled; ui acls disabled; users with view permissions: yarnapp, mlpabc9a7f3__meb10000; groups with view permissions: EMPTY; users with modify permissions: yarnapp, mlpabc9a7f3__meb10000; groups with modify permissions: EMPTY
2026-06-20 11:47:55,688 INFO mlpabc9a7f3,fraud_detection_job,2102,**APPID TransportClientFactory: Successfully created connection to spark-8c67cd9ee4db837f-driver-svc.mlpabc9a7f3.svc/10.244.1.252:7078 after 132 ms (0 ms spent in bootstraps)
2026-06-20 11:47:55,955 INFO mlpabc9a7f3,fraud_detection_job,2102,**APPID SecurityManager: Changing view acls to: yarnapp,mlpabc9a7f3__meb10000
2026-06-20 11:47:55,955 INFO mlpabc9a7f3,fraud_detection_job,2102,**APPID SecurityManager: Changing modify acls to: yarnapp,mlpabc9a7f3__meb10000
2026-06-20 11:47:55,955 INFO mlpabc9a7f3,fraud_detection_job,2102,**APPID SecurityManager: Changing view acls groups to: 
2026-06-20 11:47:55,955 INFO mlpabc9a7f3,fraud_detection_job,2102,**APPID SecurityManager: Changing modify acls groups to: 
2026-06-20 11:47:55,955 INFO mlpabc9a7f3,fraud_detection_job,2102,**APPID SecurityManager: SecurityManager: authentication disabled; ui acls disabled; users with view permissions: yarnapp, mlpabc9a7f3__meb10000; groups with view permissions: EMPTY; users with modify permissions: yarnapp, mlpabc9a7f3__meb10000; groups with modify permissions: EMPTY
2026-06-20 11:47:56,067 INFO mlpabc9a7f3,fraud_detection_job,2102,**APPID TransportClientFactory: Successfully created connection to spark-8c67cd9ee4db837f-driver-svc.mlpabc9a7f3.svc/10.244.1.252:7078 after 2 ms (0 ms spent in bootstraps)
2026-06-20 11:47:56,085 INFO mlpabc9a7f3,fraud_detection_job,2102,**APPID RssShuffleManagerBase: Uniffle org.apache.spark.shuffle.RssShuffleManager version: 0.10.1-SNAPSHOT-fad026b0
2026-06-20 11:47:56,167 INFO mlpabc9a7f3,fraud_detection_job,2102,**APPID RssShuffleManagerBase: Check quorum config [1:1:1:true]
2026-06-20 11:47:56,167 INFO mlpabc9a7f3,fraud_detection_job,2102,**APPID RssShuffleManagerBase: Disable external shuffle service in RssShuffleManager.
2026-06-20 11:47:56,167 INFO mlpabc9a7f3,fraud_detection_job,2102,**APPID RssShuffleManagerBase: Disable local shuffle reader in RssShuffleManager.
2026-06-20 11:47:56,167 INFO mlpabc9a7f3,fraud_detection_job,2102,**APPID RssShuffleManagerBase: Disable shuffle data locality in RssShuffleManager.
2026-06-20 11:47:56,179 INFO mlpabc9a7f3,fraud_detection_job,2102,**APPID RssShuffleManagerBase: Start Registering coordinators rss-coordinator-rss-hops-0-headless.hopsworks.svc.cluster.local:19997,rss-coordinator-rss-hops-1-headless.hopsworks.svc.cluster.local:19997
2026-06-20 11:47:56,179 INFO mlpabc9a7f3,fraud_detection_job,2102,**APPID CoordinatorClientFactory: Start to create coordinator clients from rss-coordinator-rss-hops-0-headless.hopsworks.svc.cluster.local:19997,rss-coordinator-rss-hops-1-headless.hopsworks.svc.cluster.local:19997
2026-06-20 11:47:56,795 INFO mlpabc9a7f3,fraud_detection_job,2102,**APPID CoordinatorGrpcClient: Created CoordinatorGrpcClient, host:rss-coordinator-rss-hops-0-headless.hopsworks.svc.cluster.local, port:19997, maxRetryAttempts:3, usePlaintext:true
2026-06-20 11:47:56,795 INFO mlpabc9a7f3,fraud_detection_job,2102,**APPID CoordinatorClientFactory: Add coordinator client Coordinator grpc client ref to rss-coordinator-rss-hops-0-headless.hopsworks.svc.cluster.local:19997
2026-06-20 11:47:56,797 INFO mlpabc9a7f3,fraud_detection_job,2102,**APPID CoordinatorGrpcClient: Created CoordinatorGrpcClient, host:rss-coordinator-rss-hops-1-headless.hopsworks.svc.cluster.local, port:19997, maxRetryAttempts:3, usePlaintext:true
2026-06-20 11:47:56,797 INFO mlpabc9a7f3,fraud_detection_job,2102,**APPID CoordinatorClientFactory: Add coordinator client Coordinator grpc client ref to rss-coordinator-rss-hops-1-headless.hopsworks.svc.cluster.local:19997
2026-06-20 11:47:56,799 INFO mlpabc9a7f3,fraud_detection_job,2102,**APPID CoordinatorClientFactory: Finish create coordinator clients Coordinator grpc client ref to rss-coordinator-rss-hops-0-headless.hopsworks.svc.cluster.local:19997, Coordinator grpc client ref to rss-coordinator-rss-hops-1-headless.hopsworks.svc.cluster.local:19997
2026-06-20 11:47:56,800 INFO mlpabc9a7f3,fraud_detection_job,2102,**APPID RssShuffleManagerBase: Rss data pusher is starting...
2026-06-20 11:47:57,013 INFO mlpabc9a7f3,fraud_detection_job,2102,**APPID DiskBlockManager: Created local directory at /srv/hops/spark/work-dir/blockmgr-87ff1bcc-9bb7-4399-b5ca-996659d26030
2026-06-20 11:47:57,081 INFO mlpabc9a7f3,fraud_detection_job,2102,**APPID MemoryStore: MemoryStore started with capacity 2.1 GiB
2026-06-20 11:47:57,250 INFO mlpabc9a7f3,fraud_detection_job,2102,**APPID PrometheusSink: Initializing Prometheus Sink...
2026-06-20 11:47:57,251 INFO mlpabc9a7f3,fraud_detection_job,2102,**APPID PrometheusSink: Metrics polling period -> 10 SECONDS
2026-06-20 11:47:57,251 INFO mlpabc9a7f3,fraud_detection_job,2102,**APPID PrometheusSink: Metrics timestamp enabled -> false
2026-06-20 11:47:57,251 INFO mlpabc9a7f3,fraud_detection_job,2102,**APPID PrometheusSink: pushgateway-address -> pushgateway.prometheus.service.consul:9091
2026-06-20 11:47:57,252 INFO mlpabc9a7f3,fraud_detection_job,2102,**APPID PrometheusSink: pushgateway-address-protocol -> http
2026-06-20 11:47:57,252 INFO mlpabc9a7f3,fraud_detection_job,2102,**APPID PrometheusSink: metrics-name-capture-regex -> 
2026-06-20 11:47:57,252 INFO mlpabc9a7f3,fraud_detection_job,2102,**APPID PrometheusSink: metrics-name-replacement -> 
2026-06-20 11:47:57,253 INFO mlpabc9a7f3,fraud_detection_job,2102,**APPID PrometheusSink: labels -> Map()
2026-06-20 11:47:57,254 INFO mlpabc9a7f3,fraud_detection_job,2102,**APPID PrometheusSink: jmx-collector-config -> /opt/spark/conf/jmx_collector.yaml
2026-06-20 11:47:57,462 INFO mlpabc9a7f3,fraud_detection_job,2102,**APPID CoarseGrainedExecutorBackend: Connecting to driver: spark://CoarseGrainedScheduler@spark-8c67cd9ee4db837f-driver-svc.mlpabc9a7f3.svc:7078
2026-06-20 11:47:57,475 INFO mlpabc9a7f3,fraud_detection_job,2102,**APPID ResourceUtils: ==============================================================
2026-06-20 11:47:57,475 INFO mlpabc9a7f3,fraud_detection_job,2102,**APPID ResourceUtils: No custom resources configured for spark.executor.
2026-06-20 11:47:57,476 INFO mlpabc9a7f3,fraud_detection_job,2102,**APPID ResourceUtils: ==============================================================
2026-06-20 11:47:57,563 INFO mlpabc9a7f3,fraud_detection_job,2102,**APPID CoarseGrainedExecutorBackend: Successfully registered with driver
2026-06-20 11:47:57,568 INFO mlpabc9a7f3,fraud_detection_job,2102,**APPID Executor: Starting executor ID 1 on host 10.244.0.84
2026-06-20 11:47:57,569 INFO mlpabc9a7f3,fraud_detection_job,2102,**APPID Executor: OS info Linux, 6.8.0-94-generic, amd64
2026-06-20 11:47:57,569 INFO mlpabc9a7f3,fraud_detection_job,2102,**APPID Executor: Java version 1.8.0_492
2026-06-20 11:47:57,759 INFO mlpabc9a7f3,fraud_detection_job,2102,**APPID Utils: Successfully started service 'org.apache.spark.network.netty.NettyBlockTransferService' on port 36083.
2026-06-20 11:47:57,759 INFO mlpabc9a7f3,fraud_detection_job,2102,**APPID NettyBlockTransferService: Server created on 10.244.0.84:36083
2026-06-20 11:47:57,761 INFO mlpabc9a7f3,fraud_detection_job,2102,**APPID BlockManager: Using org.apache.spark.storage.RandomBlockReplicationPolicy for block replication policy
2026-06-20 11:47:57,770 INFO mlpabc9a7f3,fraud_detection_job,2102,**APPID BlockManagerMaster: Registering BlockManager BlockManagerId(1, 10.244.0.84, 36083, None)
2026-06-20 11:47:57,778 INFO mlpabc9a7f3,fraud_detection_job,2102,**APPID BlockManagerMaster: Registered BlockManager BlockManagerId(1, 10.244.0.84, 36083, None)
2026-06-20 11:47:57,779 INFO mlpabc9a7f3,fraud_detection_job,2102,**APPID BlockManager: Initialized BlockManager: BlockManagerId(1, 10.244.0.84, 36083, None)
2026-06-20 11:47:57,788 INFO mlpabc9a7f3,fraud_detection_job,2102,**APPID Executor: Starting executor with user classpath (userClassPathFirst = false): ''
2026-06-20 11:47:57,789 INFO mlpabc9a7f3,fraud_detection_job,2102,**APPID Executor: Created or updated repl class loader org.apache.spark.util.MutableURLClassLoader@2556d949 for default.
2026-06-20 11:48:00,516 INFO mlpabc9a7f3,fraud_detection_job,2102,**APPID CoarseGrainedExecutorBackend: Driver commanded a shutdown
2026-06-20 11:48:00,521 INFO mlpabc9a7f3,fraud_detection_job,2102,**APPID PrometheusSink: metricsNamespace=None, sparkAppName=Some(meb10000-799571c0-10b4-4742-8590-6e34295e08cf), sparkAppId=Some(spark-1617c4ec74bb4e96aa45fe777169512b), executorId=Some(1)
2026-06-20 11:48:00,522 INFO mlpabc9a7f3,fraud_detection_job,2102,**APPID PrometheusSink: role=executor, job=spark-1617c4ec74bb4e96aa45fe777169512b
2026-06-20 11:48:00,822 INFO mlpabc9a7f3,fraud_detection_job,2102,**APPID MemoryStore: MemoryStore cleared
2026-06-20 11:48:00,823 INFO mlpabc9a7f3,fraud_detection_job,2102,**APPID BlockManager: BlockManager stopped
2026-06-20 11:48:00,824 INFO mlpabc9a7f3,fraud_detection_job,2102,**APPID PrometheusSink: metricsNamespace=None, sparkAppName=Some(meb10000-799571c0-10b4-4742-8590-6e34295e08cf), sparkAppId=Some(spark-1617c4ec74bb4e96aa45fe777169512b), executorId=Some(1)
2026-06-20 11:48:00,824 INFO mlpabc9a7f3,fraud_detection_job,2102,**APPID PrometheusSink: role=executor, job=spark-1617c4ec74bb4e96aa45fe777169512b
2026-06-20 11:48:01,109 INFO mlpabc9a7f3,fraud_detection_job,2102,**APPID ShutdownHookManager: Shutdown hook called


==================================
Logs for DRIVER on node wolffbe.
============================================================================================== 
cat: /srv/hops/certificates/spark__passwd: No such file or directory
cat: /srv/hops/certificates/spark__passwd: No such file or directory
Picked up _JAVA_OPTIONS:  -Duser.home=/srv/hops/anaconda
Picked up _JAVA_OPTIONS:  -Duser.home=/srv/hops/anaconda
Picked up _JAVA_OPTIONS:  -Duser.home=/srv/hops/anaconda
2026-06-20 11:47:43,147 INFO mlpabc9a7f3,fraud_detection_job,2102,**APPID SparkContext: Running Spark version 3.5.5.1
2026-06-20 11:47:43,151 INFO mlpabc9a7f3,fraud_detection_job,2102,**APPID SparkContext: OS info Linux, 6.8.0-94-generic, amd64
2026-06-20 11:47:43,151 INFO mlpabc9a7f3,fraud_detection_job,2102,**APPID SparkContext: Java version 1.8.0_492
2026-06-20 11:47:43,157 WARN mlpabc9a7f3,fraud_detection_job,2102,**APPID SparkConf: Note that spark.local.dir will be overridden by the value set by the cluster manager (via SPARK_LOCAL_DIRS in mesos/standalone/kubernetes and LOCAL_DIRS in YARN).
2026-06-20 11:47:43,175 INFO mlpabc9a7f3,fraud_detection_job,2102,**APPID ResourceUtils: ==============================================================
2026-06-20 11:47:43,176 INFO mlpabc9a7f3,fraud_detection_job,2102,**APPID ResourceUtils: No custom resources configured for spark.driver.
2026-06-20 11:47:43,176 INFO mlpabc9a7f3,fraud_detection_job,2102,**APPID ResourceUtils: ==============================================================
2026-06-20 11:47:43,176 INFO mlpabc9a7f3,fraud_detection_job,2102,**APPID SparkContext: Submitted application: meb10000-799571c0-10b4-4742-8590-6e34295e08cf
2026-06-20 11:47:43,239 INFO mlpabc9a7f3,fraud_detection_job,2102,**APPID ResourceProfile: Default ResourceProfile created, executor resources: Map(cores -> name: cores, amount: 1, script: , vendor: , memory -> name: memory, amount: 4096, script: , vendor: , offHeap -> name: offHeap, amount: 0, script: , vendor: ), task resources: Map(cpus -> name: cpus, amount: 1.0)
2026-06-20 11:47:43,248 INFO mlpabc9a7f3,fraud_detection_job,2102,**APPID ResourceProfile: Limiting resource is cpus at 1 tasks per executor
2026-06-20 11:47:43,250 INFO mlpabc9a7f3,fraud_detection_job,2102,**APPID ResourceProfileManager: Added ResourceProfile id: 0
2026-06-20 11:47:43,293 INFO mlpabc9a7f3,fraud_detection_job,2102,**APPID SecurityManager: Changing view acls to: yarnapp,mlpabc9a7f3__meb10000
2026-06-20 11:47:43,294 INFO mlpabc9a7f3,fraud_detection_job,2102,**APPID SecurityManager: Changing modify acls to: yarnapp,mlpabc9a7f3__meb10000
2026-06-20 11:47:43,294 INFO mlpabc9a7f3,fraud_detection_job,2102,**APPID SecurityManager: Changing view acls groups to: 
2026-06-20 11:47:43,294 INFO mlpabc9a7f3,fraud_detection_job,2102,**APPID SecurityManager: Changing modify acls groups to: 
2026-06-20 11:47:43,294 INFO mlpabc9a7f3,fraud_detection_job,2102,**APPID SecurityManager: SecurityManager: authentication disabled; ui acls disabled; users with view permissions: yarnapp, mlpabc9a7f3__meb10000; groups with view permissions: EMPTY; users with modify permissions: yarnapp, mlpabc9a7f3__meb10000; groups with modify permissions: EMPTY
2026-06-20 11:47:43,682 INFO mlpabc9a7f3,fraud_detection_job,2102,**APPID Utils: Successfully started service 'sparkDriver' on port 7078.
2026-06-20 11:47:43,759 INFO mlpabc9a7f3,fraud_detection_job,2102,**APPID SparkEnv: Registering MapOutputTracker
2026-06-20 11:47:43,771 INFO mlpabc9a7f3,fraud_detection_job,2102,**APPID RssShuffleManagerBase: Uniffle org.apache.spark.shuffle.RssShuffleManager version: 0.10.1-SNAPSHOT-fad026b0
2026-06-20 11:47:43,872 INFO mlpabc9a7f3,fraud_detection_job,2102,**APPID CoordinatorClientFactory: Start to create coordinator clients from rss-coordinator-rss-hops-0-headless.hopsworks.svc.cluster.local:19997,rss-coordinator-rss-hops-1-headless.hopsworks.svc.cluster.local:19997
2026-06-20 11:47:44,166 INFO mlpabc9a7f3,fraud_detection_job,2102,**APPID CoordinatorGrpcClient: Created CoordinatorGrpcClient, host:rss-coordinator-rss-hops-0-headless.hopsworks.svc.cluster.local, port:19997, maxRetryAttempts:3, usePlaintext:true
2026-06-20 11:47:44,166 INFO mlpabc9a7f3,fraud_detection_job,2102,**APPID CoordinatorClientFactory: Add coordinator client Coordinator grpc client ref to rss-coordinator-rss-hops-0-headless.hopsworks.svc.cluster.local:19997
2026-06-20 11:47:44,167 INFO mlpabc9a7f3,fraud_detection_job,2102,**APPID CoordinatorGrpcClient: Created CoordinatorGrpcClient, host:rss-coordinator-rss-hops-1-headless.hopsworks.svc.cluster.local, port:19997, maxRetryAttempts:3, usePlaintext:true
2026-06-20 11:47:44,167 INFO mlpabc9a7f3,fraud_detection_job,2102,**APPID CoordinatorClientFactory: Add coordinator client Coordinator grpc client ref to rss-coordinator-rss-hops-1-headless.hopsworks.svc.cluster.local:19997
2026-06-20 11:47:44,168 INFO mlpabc9a7f3,fraud_detection_job,2102,**APPID CoordinatorClientFactory: Finish create coordinator clients Coordinator grpc client ref to rss-coordinator-rss-hops-0-headless.hopsworks.svc.cluster.local:19997, Coordinator grpc client ref to rss-coordinator-rss-hops-1-headless.hopsworks.svc.cluster.local:19997
2026-06-20 11:47:44,494 INFO mlpabc9a7f3,fraud_detection_job,2102,**APPID CoordinatorGrpcRetryableClient: Success to get conf from Coordinator grpc client ref to rss-coordinator-rss-hops-0-headless.hopsworks.svc.cluster.local:19997
2026-06-20 11:47:44,495 INFO mlpabc9a7f3,fraud_detection_job,2102,**APPID RssSparkShuffleUtils: Use dynamic conf spark.rss.writer.require.memory.retryMax = 1200
2026-06-20 11:47:44,495 INFO mlpabc9a7f3,fraud_detection_job,2102,**APPID RssSparkShuffleUtils: Use dynamic conf spark.rss.writer.send.check.timeout = 600000
2026-06-20 11:47:44,495 INFO mlpabc9a7f3,fraud_detection_job,2102,**APPID RssSparkShuffleUtils: Use dynamic conf spark.rss.client.read.buffer.size = 14m
2026-06-20 11:47:44,495 INFO mlpabc9a7f3,fraud_detection_job,2102,**APPID RssSparkShuffleUtils: Use dynamic conf spark.rss.client.retry.max = 100
2026-06-20 11:47:44,495 WARN mlpabc9a7f3,fraud_detection_job,2102,**APPID RssSparkShuffleUtils: Override with mandatory dynamic conf spark.rss.storage.type = MEMORY_LOCALFILE
2026-06-20 11:47:44,495 INFO mlpabc9a7f3,fraud_detection_job,2102,**APPID RssSparkShuffleUtils: Use dynamic conf spark.rss.client.retry.interval.max = 1000
2026-06-20 11:47:44,547 INFO mlpabc9a7f3,fraud_detection_job,2102,**APPID RssShuffleManagerBase: Check quorum config [1:1:1:true]
2026-06-20 11:47:44,548 INFO mlpabc9a7f3,fraud_detection_job,2102,**APPID RssShuffleManagerBase: Disable external shuffle service in RssShuffleManager.
2026-06-20 11:47:44,548 INFO mlpabc9a7f3,fraud_detection_job,2102,**APPID RssShuffleManagerBase: Disable local shuffle reader in RssShuffleManager.
2026-06-20 11:47:44,548 INFO mlpabc9a7f3,fraud_detection_job,2102,**APPID RssShuffleManagerBase: Disable shuffle data locality in RssShuffleManager.
2026-06-20 11:47:44,558 INFO mlpabc9a7f3,fraud_detection_job,2102,**APPID RssShuffleManagerBase: Start Registering coordinators rss-coordinator-rss-hops-0-headless.hopsworks.svc.cluster.local:19997,rss-coordinator-rss-hops-1-headless.hopsworks.svc.cluster.local:19997
2026-06-20 11:47:44,558 INFO mlpabc9a7f3,fraud_detection_job,2102,**APPID CoordinatorClientFactory: Start to create coordinator clients from rss-coordinator-rss-hops-0-headless.hopsworks.svc.cluster.local:19997,rss-coordinator-rss-hops-1-headless.hopsworks.svc.cluster.local:19997
2026-06-20 11:47:44,560 INFO mlpabc9a7f3,fraud_detection_job,2102,**APPID CoordinatorGrpcClient: Created CoordinatorGrpcClient, host:rss-coordinator-rss-hops-0-headless.hopsworks.svc.cluster.local, port:19997, maxRetryAttempts:3, usePlaintext:true
2026-06-20 11:47:44,560 INFO mlpabc9a7f3,fraud_detection_job,2102,**APPID CoordinatorClientFactory: Add coordinator client Coordinator grpc client ref to rss-coordinator-rss-hops-0-headless.hopsworks.svc.cluster.local:19997
2026-06-20 11:47:44,562 INFO mlpabc9a7f3,fraud_detection_job,2102,**APPID CoordinatorGrpcClient: Created CoordinatorGrpcClient, host:rss-coordinator-rss-hops-1-headless.hopsworks.svc.cluster.local, port:19997, maxRetryAttempts:3, usePlaintext:true
2026-06-20 11:47:44,562 INFO mlpabc9a7f3,fraud_detection_job,2102,**APPID CoordinatorClientFactory: Add coordinator client Coordinator grpc client ref to rss-coordinator-rss-hops-1-headless.hopsworks.svc.cluster.local:19997
2026-06-20 11:47:44,562 INFO mlpabc9a7f3,fraud_detection_job,2102,**APPID CoordinatorClientFactory: Finish create coordinator clients Coordinator grpc client ref to rss-coordinator-rss-hops-0-headless.hopsworks.svc.cluster.local:19997, Coordinator grpc client ref to rss-coordinator-rss-hops-1-headless.hopsworks.svc.cluster.local:19997
2026-06-20 11:47:44,562 INFO mlpabc9a7f3,fraud_detection_job,2102,**APPID RssShuffleManagerBase: Rss data pusher is starting...
2026-06-20 11:47:44,737 INFO mlpabc9a7f3,fraud_detection_job,2102,**APPID SparkEnv: Registering BlockManagerMaster
2026-06-20 11:47:44,763 INFO mlpabc9a7f3,fraud_detection_job,2102,**APPID BlockManagerMasterEndpoint: Using org.apache.spark.storage.DefaultTopologyMapper for getting topology information
2026-06-20 11:47:44,764 INFO mlpabc9a7f3,fraud_detection_job,2102,**APPID BlockManagerMasterEndpoint: BlockManagerMasterEndpoint up
2026-06-20 11:47:44,766 INFO mlpabc9a7f3,fraud_detection_job,2102,**APPID SparkEnv: Registering BlockManagerMasterHeartbeat
2026-06-20 11:47:44,787 INFO mlpabc9a7f3,fraud_detection_job,2102,**APPID DiskBlockManager: Created local directory at /srv/hops/spark/work-dir/blockmgr-7ec12e8c-e6ab-4c30-8124-79346e988e4e
2026-06-20 11:47:44,800 INFO mlpabc9a7f3,fraud_detection_job,2102,**APPID MemoryStore: MemoryStore started with capacity 1007.8 MiB
2026-06-20 11:47:44,814 INFO mlpabc9a7f3,fraud_detection_job,2102,**APPID SparkEnv: Registering OutputCommitCoordinator
2026-06-20 11:47:44,864 INFO mlpabc9a7f3,fraud_detection_job,2102,**APPID log: Logging initialized @7877ms to org.sparkproject.jetty.util.log.Slf4jLog
2026-06-20 11:47:44,967 INFO mlpabc9a7f3,fraud_detection_job,2102,**APPID JettyUtils: Start Jetty 0.0.0.0:4040 for SparkUI
2026-06-20 11:47:44,975 INFO mlpabc9a7f3,fraud_detection_job,2102,**APPID Server: jetty-9.4.56.v20240826; built: 2024-08-26T17:15:05.868Z; git: ec6782ff5ead824dabdcf47fa98f90a4aedff401; jvm 1.8.0_492-8u492-ga~us2-0ubuntu1~22.04.1-b09
2026-06-20 11:47:44,988 INFO mlpabc9a7f3,fraud_detection_job,2102,**APPID Server: Started @8001ms
2026-06-20 11:47:45,056 INFO mlpabc9a7f3,fraud_detection_job,2102,**APPID AbstractConnector: Started ServerConnector@c3c0299{HTTP/1.1, (http/1.1)}{0.0.0.0:4040}
2026-06-20 11:47:45,056 INFO mlpabc9a7f3,fraud_detection_job,2102,**APPID Utils: Successfully started service 'SparkUI' on port 4040.
2026-06-20 11:47:45,069 INFO mlpabc9a7f3,fraud_detection_job,2102,**APPID ContextHandler: Started o.s.j.s.ServletContextHandler@4e346aac{/,null,AVAILABLE,@Spark}
2026-06-20 11:47:45,169 INFO mlpabc9a7f3,fraud_detection_job,2102,**APPID SparkKubernetesClientFactory: Auto-configuring K8S client using current context from users K8S config file
2026-06-20 11:47:46,751 INFO mlpabc9a7f3,fraud_detection_job,2102,**APPID Utils: Using initial executors = 1, max of spark.dynamicAllocation.initialExecutors, spark.dynamicAllocation.minExecutors and spark.executor.instances
2026-06-20 11:47:46,968 INFO mlpabc9a7f3,fraud_detection_job,2102,**APPID ExecutorPodsAllocator: Going to request 1 executors from Kubernetes for ResourceProfile Id: 0, target: 1, known: 0, sharedSlotFromPendingPods: 2147483647.
2026-06-20 11:47:46,973 INFO mlpabc9a7f3,fraud_detection_job,2102,**APPID KubernetesClientUtils: Spark configuration files loaded from Some(/srv/hops/spark/conf) : spark-env.sh,hive-site.xml,spark-blacklisted-properties.txt,log4j2.properties,metrics.properties,log4j2.properties.sparkhistoryserver
2026-06-20 11:47:47,061 INFO mlpabc9a7f3,fraud_detection_job,2102,**APPID ExecutorPodsAllocator: Found 0 reusable PVCs from 0 PVCs
2026-06-20 11:47:47,172 INFO mlpabc9a7f3,fraud_detection_job,2102,**APPID Utils: Successfully started service 'org.apache.spark.network.netty.NettyBlockTransferService' on port 7079.
2026-06-20 11:47:47,172 INFO mlpabc9a7f3,fraud_detection_job,2102,**APPID NettyBlockTransferService: Server created on spark-8c67cd9ee4db837f-driver-svc.mlpabc9a7f3.svc 10.244.1.252:7079
2026-06-20 11:47:47,174 INFO mlpabc9a7f3,fraud_detection_job,2102,**APPID BlockManager: Using org.apache.spark.storage.RandomBlockReplicationPolicy for block replication policy
2026-06-20 11:47:47,175 INFO mlpabc9a7f3,fraud_detection_job,2102,**APPID KubernetesClientUtils: Spark configuration files loaded from Some(/srv/hops/spark/conf) : spark-env.sh,hive-site.xml,spark-blacklisted-properties.txt,log4j2.properties,metrics.properties,log4j2.properties.sparkhistoryserver
2026-06-20 11:47:47,242 INFO mlpabc9a7f3,fraud_detection_job,2102,**APPID BlockManagerMaster: Registering BlockManager BlockManagerId(driver, spark-8c67cd9ee4db837f-driver-svc.mlpabc9a7f3.svc, 7079, None)
2026-06-20 11:47:47,250 INFO mlpabc9a7f3,fraud_detection_job,2102,**APPID BlockManagerMasterEndpoint: Registering block manager spark-8c67cd9ee4db837f-driver-svc.mlpabc9a7f3.svc:7079 with 1007.8 MiB RAM, BlockManagerId(driver, spark-8c67cd9ee4db837f-driver-svc.mlpabc9a7f3.svc, 7079, None)
2026-06-20 11:47:47,252 INFO mlpabc9a7f3,fraud_detection_job,2102,**APPID BlockManagerMaster: Registered BlockManager BlockManagerId(driver, spark-8c67cd9ee4db837f-driver-svc.mlpabc9a7f3.svc, 7079, None)
2026-06-20 11:47:47,253 INFO mlpabc9a7f3,fraud_detection_job,2102,**APPID BlockManager: Initialized BlockManager: BlockManagerId(driver, spark-8c67cd9ee4db837f-driver-svc.mlpabc9a7f3.svc, 7079, None)
2026-06-20 11:47:47,257 INFO mlpabc9a7f3,fraud_detection_job,2102,**APPID BasicExecutorFeatureStep: Decommissioning not enabled, skipping shutdown script
2026-06-20 11:47:47,342 INFO mlpabc9a7f3,fraud_detection_job,2102,**APPID PrometheusSink: Initializing Prometheus Sink...
2026-06-20 11:47:47,342 INFO mlpabc9a7f3,fraud_detection_job,2102,**APPID PrometheusSink: Metrics polling period -> 10 SECONDS
2026-06-20 11:47:47,342 INFO mlpabc9a7f3,fraud_detection_job,2102,**APPID PrometheusSink: Metrics timestamp enabled -> false
2026-06-20 11:47:47,343 INFO mlpabc9a7f3,fraud_detection_job,2102,**APPID PrometheusSink: pushgateway-address -> pushgateway.prometheus.service.consul:9091
2026-06-20 11:47:47,343 INFO mlpabc9a7f3,fraud_detection_job,2102,**APPID PrometheusSink: pushgateway-address-protocol -> http
2026-06-20 11:47:47,343 INFO mlpabc9a7f3,fraud_detection_job,2102,**APPID PrometheusSink: metrics-name-capture-regex -> 
2026-06-20 11:47:47,343 INFO mlpabc9a7f3,fraud_detection_job,2102,**APPID PrometheusSink: metrics-name-replacement -> 
2026-06-20 11:47:47,347 INFO mlpabc9a7f3,fraud_detection_job,2102,**APPID PrometheusSink: labels -> Map()
2026-06-20 11:47:47,347 INFO mlpabc9a7f3,fraud_detection_job,2102,**APPID PrometheusSink: jmx-collector-config -> /opt/spark/conf/jmx_collector.yaml
2026-06-20 11:47:50,010 INFO mlpabc9a7f3,fraud_detection_job,2102,**APPID SingleEventLogFileWriter: Logging events to hdfs://rpc.namenode.service.consul:8020/user/spark/applicationHistory/spark-1617c4ec74bb4e96aa45fe777169512b.inprogress
2026-06-20 11:47:50,406 INFO mlpabc9a7f3,fraud_detection_job,2102,**APPID Utils: Using initial executors = 1, max of spark.dynamicAllocation.initialExecutors, spark.dynamicAllocation.minExecutors and spark.executor.instances
2026-06-20 11:47:50,406 INFO mlpabc9a7f3,fraud_detection_job,2102,**APPID ExecutorAllocationManager: Dynamic allocation will use remote shuffle service
2026-06-20 11:47:50,430 INFO mlpabc9a7f3,fraud_detection_job,2102,**APPID ContextHandler: Stopped o.s.j.s.ServletContextHandler@4e346aac{/,null,STOPPED,@Spark}
2026-06-20 11:47:50,436 INFO mlpabc9a7f3,fraud_detection_job,2102,**APPID ContextHandler: Started o.s.j.s.ServletContextHandler@5f524388{/jobs,null,AVAILABLE,@Spark}
2026-06-20 11:47:50,436 INFO mlpabc9a7f3,fraud_detection_job,2102,**APPID ContextHandler: Started o.s.j.s.ServletContextHandler@2e438c2a{/jobs/json,null,AVAILABLE,@Spark}
2026-06-20 11:47:50,442 INFO mlpabc9a7f3,fraud_detection_job,2102,**APPID ContextHandler: Started o.s.j.s.ServletContextHandler@392e7ec0{/jobs/job,null,AVAILABLE,@Spark}
2026-06-20 11:47:50,443 INFO mlpabc9a7f3,fraud_detection_job,2102,**APPID ContextHandler: Started o.s.j.s.ServletContextHandler@1483eada{/jobs/job/json,null,AVAILABLE,@Spark}
2026-06-20 11:47:50,443 INFO mlpabc9a7f3,fraud_detection_job,2102,**APPID ContextHandler: Started o.s.j.s.ServletContextHandler@16a1302e{/stages,null,AVAILABLE,@Spark}
2026-06-20 11:47:50,443 INFO mlpabc9a7f3,fraud_detection_job,2102,**APPID ContextHandler: Started o.s.j.s.ServletContextHandler@6206493d{/stages/json,null,AVAILABLE,@Spark}
2026-06-20 11:47:50,444 INFO mlpabc9a7f3,fraud_detection_job,2102,**APPID ContextHandler: Started o.s.j.s.ServletContextHandler@4116208f{/stages/stage,null,AVAILABLE,@Spark}
2026-06-20 11:47:50,444 INFO mlpabc9a7f3,fraud_detection_job,2102,**APPID ContextHandler: Started o.s.j.s.ServletContextHandler@25ecabd7{/stages/stage/json,null,AVAILABLE,@Spark}
2026-06-20 11:47:50,445 INFO mlpabc9a7f3,fraud_detection_job,2102,**APPID ContextHandler: Started o.s.j.s.ServletContextHandler@ab95e98{/stages/pool,null,AVAILABLE,@Spark}
2026-06-20 11:47:50,445 INFO mlpabc9a7f3,fraud_detection_job,2102,**APPID ContextHandler: Started o.s.j.s.ServletContextHandler@15adb134{/stages/pool/json,null,AVAILABLE,@Spark}
2026-06-20 11:47:50,445 INFO mlpabc9a7f3,fraud_detection_job,2102,**APPID ContextHandler: Started o.s.j.s.ServletContextHandler@7781cec9{/storage,null,AVAILABLE,@Spark}
2026-06-20 11:47:50,446 INFO mlpabc9a7f3,fraud_detection_job,2102,**APPID ContextHandler: Started o.s.j.s.ServletContextHandler@227d2141{/storage/json,null,AVAILABLE,@Spark}
2026-06-20 11:47:50,446 INFO mlpabc9a7f3,fraud_detection_job,2102,**APPID ContextHandler: Started o.s.j.s.ServletContextHandler@c7164ab{/storage/rdd,null,AVAILABLE,@Spark}
2026-06-20 11:47:50,447 INFO mlpabc9a7f3,fraud_detection_job,2102,**APPID ContextHandler: Started o.s.j.s.ServletContextHandler@1547f7ad{/storage/rdd/json,null,AVAILABLE,@Spark}
2026-06-20 11:47:50,447 INFO mlpabc9a7f3,fraud_detection_job,2102,**APPID ContextHandler: Started o.s.j.s.ServletContextHandler@1fbce807{/environment,null,AVAILABLE,@Spark}
2026-06-20 11:47:50,448 INFO mlpabc9a7f3,fraud_detection_job,2102,**APPID ContextHandler: Started o.s.j.s.ServletContextHandler@36048420{/environment/json,null,AVAILABLE,@Spark}
2026-06-20 11:47:50,449 INFO mlpabc9a7f3,fraud_detection_job,2102,**APPID ContextHandler: Started o.s.j.s.ServletContextHandler@2a97bc03{/executors,null,AVAILABLE,@Spark}
2026-06-20 11:47:50,449 INFO mlpabc9a7f3,fraud_detection_job,2102,**APPID ContextHandler: Started o.s.j.s.ServletContextHandler@3db68e2{/executors/json,null,AVAILABLE,@Spark}
2026-06-20 11:47:50,450 INFO mlpabc9a7f3,fraud_detection_job,2102,**APPID ContextHandler: Started o.s.j.s.ServletContextHandler@5a324fb8{/executors/threadDump,null,AVAILABLE,@Spark}
2026-06-20 11:47:50,450 INFO mlpabc9a7f3,fraud_detection_job,2102,**APPID ContextHandler: Started o.s.j.s.ServletContextHandler@75b601b2{/executors/threadDump/json,null,AVAILABLE,@Spark}
2026-06-20 11:47:50,456 INFO mlpabc9a7f3,fraud_detection_job,2102,**APPID ContextHandler: Started o.s.j.s.ServletContextHandler@64979839{/static,null,AVAILABLE,@Spark}
2026-06-20 11:47:50,457 INFO mlpabc9a7f3,fraud_detection_job,2102,**APPID ContextHandler: Started o.s.j.s.ServletContextHandler@8d70b35{/,null,AVAILABLE,@Spark}
2026-06-20 11:47:50,458 INFO mlpabc9a7f3,fraud_detection_job,2102,**APPID ContextHandler: Started o.s.j.s.ServletContextHandler@4acf90d2{/api,null,AVAILABLE,@Spark}
2026-06-20 11:47:50,459 INFO mlpabc9a7f3,fraud_detection_job,2102,**APPID ContextHandler: Started o.s.j.s.ServletContextHandler@44652a17{/jobs/job/kill,null,AVAILABLE,@Spark}
2026-06-20 11:47:50,459 INFO mlpabc9a7f3,fraud_detection_job,2102,**APPID ContextHandler: Started o.s.j.s.ServletContextHandler@51cef177{/stages/stage/kill,null,AVAILABLE,@Spark}
2026-06-20 11:47:50,462 INFO mlpabc9a7f3,fraud_detection_job,2102,**APPID ContextHandler: Started o.s.j.s.ServletContextHandler@680c006{/metrics/json,null,AVAILABLE,@Spark}
2026-06-20 11:47:55,880 INFO mlpabc9a7f3,fraud_detection_job,2102,**APPID KubernetesClusterSchedulerBackend$KubernetesDriverEndpoint: No executor found for 10.244.0.84:36334
2026-06-20 11:47:57,437 INFO mlpabc9a7f3,fraud_detection_job,2102,**APPID PrometheusSink: metricsNamespace=None, sparkAppName=Some(meb10000-799571c0-10b4-4742-8590-6e34295e08cf), sparkAppId=Some(spark-1617c4ec74bb4e96aa45fe777169512b), executorId=Some(driver)
2026-06-20 11:47:57,438 INFO mlpabc9a7f3,fraud_detection_job,2102,**APPID PrometheusSink: role=driver, job=spark-1617c4ec74bb4e96aa45fe777169512b
2026-06-20 11:47:57,548 INFO mlpabc9a7f3,fraud_detection_job,2102,**APPID KubernetesClusterSchedulerBackend$KubernetesDriverEndpoint: Registered executor NettyRpcEndpointRef(spark-client://Executor) (10.244.0.84:36342) with ID 1,  ResourceProfileId 0
2026-06-20 11:47:57,552 INFO mlpabc9a7f3,fraud_detection_job,2102,**APPID ExecutorMonitor: New executor 1 has registered (new total is 1)
2026-06-20 11:47:57,625 INFO mlpabc9a7f3,fraud_detection_job,2102,**APPID KubernetesClusterSchedulerBackend: SchedulerBackend is ready for scheduling beginning after reached minRegisteredResourcesRatio: 0.8
2026-06-20 11:47:57,767 INFO mlpabc9a7f3,fraud_detection_job,2102,**APPID BlockManagerMasterEndpoint: Registering block manager 10.244.0.84:36083 with 2.1 GiB RAM, BlockManagerId(1, 10.244.0.84, 36083, None)
2026-06-20 11:47:57,894 INFO mlpabc9a7f3,fraud_detection_job,2102,**APPID SharedState: Setting hive.metastore.warehouse.dir ('hopsfs://rpc.namenode.service.consul:8020/apps/hive/warehouse') to the value of spark.sql.warehouse.dir.
2026-06-20 11:47:57,896 INFO mlpabc9a7f3,fraud_detection_job,2102,**APPID SharedState: Warehouse path is 'hdfs://rpc.namenode.service.consul:8020/user/spark/spark-warehouse'.
2026-06-20 11:47:57,908 INFO mlpabc9a7f3,fraud_detection_job,2102,**APPID ContextHandler: Started o.s.j.s.ServletContextHandler@f1db526{/SQL,null,AVAILABLE,@Spark}
2026-06-20 11:47:57,908 INFO mlpabc9a7f3,fraud_detection_job,2102,**APPID ContextHandler: Started o.s.j.s.ServletContextHandler@3cd088bd{/SQL/json,null,AVAILABLE,@Spark}
2026-06-20 11:47:57,909 INFO mlpabc9a7f3,fraud_detection_job,2102,**APPID ContextHandler: Started o.s.j.s.ServletContextHandler@21753979{/SQL/execution,null,AVAILABLE,@Spark}
2026-06-20 11:47:57,910 INFO mlpabc9a7f3,fraud_detection_job,2102,**APPID ContextHandler: Started o.s.j.s.ServletContextHandler@521cbebe{/SQL/execution/json,null,AVAILABLE,@Spark}
2026-06-20 11:47:57,936 INFO mlpabc9a7f3,fraud_detection_job,2102,**APPID ContextHandler: Started o.s.j.s.ServletContextHandler@332b7b83{/static/sql,null,AVAILABLE,@Spark}
2026-06-20 11:48:00,483 INFO mlpabc9a7f3,fraud_detection_job,2102,**APPID SparkContext: SparkContext is stopping with exitCode 0.
2026-06-20 11:48:00,488 INFO mlpabc9a7f3,fraud_detection_job,2102,**APPID AbstractConnector: Stopped Spark@c3c0299{HTTP/1.1, (http/1.1)}{0.0.0.0:4040}
2026-06-20 11:48:00,491 INFO mlpabc9a7f3,fraud_detection_job,2102,**APPID SparkUI: Stopped Spark web UI at http://spark-8c67cd9ee4db837f-driver-svc.mlpabc9a7f3.svc:4040
2026-06-20 11:48:00,494 INFO mlpabc9a7f3,fraud_detection_job,2102,**APPID KubernetesClusterSchedulerBackend: Shutting down all executors
2026-06-20 11:48:00,495 INFO mlpabc9a7f3,fraud_detection_job,2102,**APPID KubernetesClusterSchedulerBackend$KubernetesDriverEndpoint: Asking each executor to shut down
2026-06-20 11:48:00,506 WARN mlpabc9a7f3,fraud_detection_job,2102,**APPID ExecutorPodsWatchSnapshotSource: Kubernetes client has been closed.
2026-06-20 11:48:00,576 INFO mlpabc9a7f3,fraud_detection_job,2102,**APPID PrometheusSink: metricsNamespace=None, sparkAppName=Some(meb10000-799571c0-10b4-4742-8590-6e34295e08cf), sparkAppId=Some(spark-1617c4ec74bb4e96aa45fe777169512b), executorId=Some(driver)
2026-06-20 11:48:00,576 INFO mlpabc9a7f3,fraud_detection_job,2102,**APPID PrometheusSink: role=driver, job=spark-1617c4ec74bb4e96aa45fe777169512b
2026-06-20 11:48:01,069 INFO mlpabc9a7f3,fraud_detection_job,2102,**APPID MapOutputTrackerMasterEndpoint: MapOutputTrackerMasterEndpoint stopped!
2026-06-20 11:48:01,079 INFO mlpabc9a7f3,fraud_detection_job,2102,**APPID MemoryStore: MemoryStore cleared
2026-06-20 11:48:01,079 INFO mlpabc9a7f3,fraud_detection_job,2102,**APPID BlockManager: BlockManager stopped
2026-06-20 11:48:01,083 INFO mlpabc9a7f3,fraud_detection_job,2102,**APPID BlockManagerMaster: BlockManagerMaster stopped
2026-06-20 11:48:01,083 INFO mlpabc9a7f3,fraud_detection_job,2102,**APPID PrometheusSink: metricsNamespace=None, sparkAppName=Some(meb10000-799571c0-10b4-4742-8590-6e34295e08cf), sparkAppId=Some(spark-1617c4ec74bb4e96aa45fe777169512b), executorId=Some(driver)
2026-06-20 11:48:01,083 INFO mlpabc9a7f3,fraud_detection_job,2102,**APPID PrometheusSink: role=driver, job=spark-1617c4ec74bb4e96aa45fe777169512b
2026-06-20 11:48:01,249 INFO mlpabc9a7f3,fraud_detection_job,2102,**APPID OutputCommitCoordinator$OutputCommitCoordinatorEndpoint: OutputCommitCoordinator stopped!
2026-06-20 11:48:01,256 INFO mlpabc9a7f3,fraud_detection_job,2102,**APPID SparkContext: Successfully stopped SparkContext
2026-06-20 11:48:01,258 INFO mlpabc9a7f3,fraud_detection_job,2102,**APPID ShutdownHookManager: Shutdown hook called
2026-06-20 11:48:01,258 INFO mlpabc9a7f3,fraud_detection_job,2102,**APPID ShutdownHookManager: Deleting directory /tmp/spark-2155f3d7-7195-454b-a017-a612d5b29030
2026-06-20 11:48:01,264 INFO mlpabc9a7f3,fraud_detection_job,2102,**APPID ShutdownHookManager: Deleting directory /srv/hops/spark/work-dir/spark-7b1af7c6-7179-4068-bdda-cb9d7bb77349/pyspark-58dcba72-0902-4089-9602-373a180a9667
2026-06-20 11:48:01,269 INFO mlpabc9a7f3,fraud_detection_job,2102,**APPID ShutdownHookManager: Deleting directory /srv/hops/spark/work-dir/spark-7b1af7c6-7179-4068-bdda-cb9d7bb77349
