Job failed with exit code: 1, Reason: Error

--- Container logs ---
/usr/local/bin/python-exec.sh: line 46: /srv/hops/hadoop/bin/hadoop: No such file or directory
Picked up _JAVA_OPTIONS:  -Duser.home=/srv/hops/anaconda
Importing keystore /srv/hops/certificates/mlpabd19957__meb10000__kstore.jks to /srv/hops/fuse/pems/mlpabd19957__meb10000__keystore.p12...
Entry for alias mlpabd19957__meb10000 successfully imported.
Import command completed:  1 entries successfully imported, 0 entries failed or cancelled
Picked up _JAVA_OPTIONS:  -Duser.home=/srv/hops/anaconda
Importing keystore /srv/hops/certificates/mlpabd19957__meb10000__tstore.jks to /srv/hops/fuse/pems/mlpabd19957__meb10000__tstore.p12...
Entry for alias hops_root_ca successfully imported.
Import command completed:  1 entries successfully imported, 0 entries failed or cancelled
MAC: sha1, Iteration 100000
MAC length: 20, salt length: 20
PKCS7 Data
Shrouded Keybag: pbeWithSHA1And3-KeyTripleDES-CBC, Iteration 50000
PKCS7 Encrypted data: pbeWithSHA1And40BitRC2-CBC, Iteration 50000
Certificate bag
Certificate bag
Traceback (most recent call last):
  File "/hopsfs/Resources/finetune_model.py", line 74, in <module>
    main()
  File "/hopsfs/Resources/finetune_model.py", line 44, in main
    ckpt = np.load(os.path.join(args.run_dir, "base_model.npz"))
           ^^^^^^^^^^^^^^^^^^^^^^^^^^^^^^^^^^^^^^^^^^^^^^^^^^^^^
  File "/srv/hops/anaconda/envs/hopsworks_environment/lib/python3.12/site-packages/numpy/lib/_npyio_impl.py", line 454, in load
    fid = stack.enter_context(open(os.fspath(file), "rb"))
                              ^^^^^^^^^^^^^^^^^^^^^^^^^^^
FileNotFoundError: [Errno 2] No such file or directory: 'Resources/base_model.npz'
2026-06-18 14:22:33,846 INFO: Python Engine initialized.

Logged in to project, explore it here https://hopsworks.ai.local/p/2226
Uploading /logs/stderr.log: 0.000%|          | 0/634 elapsed<00:00 remaining<?Uploading /logs/stderr.log: 100.000%|██████████| 634/634 elapsed<00:00 remaining<00:00Uploading /logs/stderr.log: 100.000%|██████████| 634/634 elapsed<00:00 remaining<00:00
Uploading /logs/stdout.log: 0.000%|          | 0/0 elapsed<00:00 remaining<?Uploading /logs/stdout.log: 0.000%|          | 0/0 elapsed<00:00 remaining<?Uploading /logs/stdout.log: 0.000%|          | 0/0 elapsed<00:00 remaining<?
2026-06-18 14:22:35,670 INFO: Connection closed.
