Job failed with exit code: 1, Reason: Error

--- Container logs ---
/usr/local/bin/python-exec.sh: line 46: /srv/hops/hadoop/bin/hadoop: No such file or directory
Picked up _JAVA_OPTIONS:  -Duser.home=/srv/hops/anaconda
Importing keystore /srv/hops/certificates/mlpabebe51e__meb10000__kstore.jks to /srv/hops/fuse/pems/mlpabebe51e__meb10000__keystore.p12...
Entry for alias mlpabebe51e__meb10000 successfully imported.
Import command completed:  1 entries successfully imported, 0 entries failed or cancelled
Picked up _JAVA_OPTIONS:  -Duser.home=/srv/hops/anaconda
Importing keystore /srv/hops/certificates/mlpabebe51e__meb10000__tstore.jks to /srv/hops/fuse/pems/mlpabebe51e__meb10000__tstore.p12...
Entry for alias hops_root_ca successfully imported.
Import command completed:  1 entries successfully imported, 0 entries failed or cancelled
MAC: sha1, Iteration 100000
MAC length: 20, salt length: 20
PKCS7 Data
Shrouded Keybag: pbeWithSHA1And3-KeyTripleDES-CBC, Iteration 50000
PKCS7 Encrypted data: pbeWithSHA1And40BitRC2-CBC, Iteration 50000
Certificate bag
Certificate bag
2026-06-19 07:20:36,904 INFO: Python Engine initialized.
2026-06-19 07:20:39,859 WARNING: ProvenanceWarning: Model schema cannot not be inferred without both the feature view and the training dataset version.

Traceback (most recent call last):
  File "/hopsfs/Resources/train_classifier.py", line 48, in <module>

Logged in to project, explore it here https://hopsworks.ai.local/p/2344
ROC AUC: 1.0000
              precision    recall  f1-score   support

           0       1.00      1.00      1.00     23693
           1       1.00      1.00      1.00       445

    accuracy                           1.00     24138
   macro avg       1.00      1.00      1.00     24138
weighted avg       1.00      1.00      1.00     24138

    model.save("fraud_model.pkl")
  File "/srv/hops/anaconda/envs/hopsworks_environment/lib/python3.12/site-packages/hsml/model.py", line 171, in save
    return self._model_engine._save(
           ^^^^^^^^^^^^^^^^^^^^^^^^^
  File "/srv/hops/anaconda/envs/hopsworks_environment/lib/python3.12/site-packages/hsml/engine/model_engine.py", line 442, in _save
    util._validate_metrics(model_instance.training_metrics)
  File "/srv/hops/anaconda/envs/hopsworks_environment/lib/python3.12/site-packages/hopsworks_common/util.py", line 673, in _validate_metrics
    float(metrics[metric])
TypeError: float() argument must be a string or a real number, not 'dict'
2026-06-19 07:20:39,883 INFO: Connection closed.
2026-06-19 07:20:43,342 INFO: Python Engine initialized.

Logged in to project, explore it here https://hopsworks.ai.local/p/2344
Uploading /logs/stderr.log: 0.000%|          | 0/1022 elapsed<00:00 remaining<?Uploading /logs/stderr.log: 100.000%|██████████| 1022/1022 elapsed<00:00 remaining<00:00Uploading /logs/stderr.log: 100.000%|██████████| 1022/1022 elapsed<00:00 remaining<00:00
Uploading /logs/stdout.log: 0.000%|          | 0/416 elapsed<00:00 remaining<?Uploading /logs/stdout.log: 100.000%|██████████| 416/416 elapsed<00:00 remaining<00:00Uploading /logs/stdout.log: 100.000%|██████████| 416/416 elapsed<00:00 remaining<00:00
2026-06-19 07:20:45,175 INFO: Connection closed.
