Job failed with exit code: 1, Reason: Error

--- Container logs ---
/usr/local/bin/python-exec.sh: line 46: /srv/hops/hadoop/bin/hadoop: No such file or directory
Picked up _JAVA_OPTIONS:  -Duser.home=/srv/hops/anaconda
Importing keystore /srv/hops/certificates/mlpabebe51e__meb10000__kstore.jks to /srv/hops/fuse/pems/mlpabebe51e__meb10000__keystore.p12...
Entry for alias mlpabebe51e__meb10000 successfully imported.
Import command completed:  1 entries successfully imported, 0 entries failed or cancelled
Picked up _JAVA_OPTIONS:  -Duser.home=/srv/hops/anaconda
Importing keystore /srv/hops/certificates/mlpabebe51e__meb10000__tstore.jks to /srv/hops/fuse/pems/mlpabebe51e__meb10000__tstore.p12...
Entry for alias hops_root_ca successfully imported.
Import command completed:  1 entries successfully imported, 0 entries failed or cancelled
MAC: sha1, Iteration 100000
MAC length: 20, salt length: 20
PKCS7 Data
Shrouded Keybag: pbeWithSHA1And3-KeyTripleDES-CBC, Iteration 50000
PKCS7 Encrypted data: pbeWithSHA1And40BitRC2-CBC, Iteration 50000
Certificate bag
Certificate bag
2026-06-19 07:09:35,971 INFO: Python Engine initialized.
Traceback (most recent call last):
  File "/hopsfs/Resources/feature_engineering.py", line 80, in <module>

Logged in to project, explore it here https://hopsworks.ai.local/p/2344
    fg.insert(transactions_df, write_options={"wait_for_job": True})
  File "/srv/hops/anaconda/envs/hopsworks_environment/lib/python3.12/site-packages/hsfs/feature_group.py", line 3949, in insert
    job, ge_report = self._feature_group_engine._insert(
                     ^^^^^^^^^^^^^^^^^^^^^^^^^^^^^^^^^^^
  File "/srv/hops/anaconda/envs/hopsworks_environment/lib/python3.12/site-packages/hsfs/core/feature_group_engine.py", line 283, in _insert
    self._verify_schema_compatibility(feature_group.columns, dataframe_features)
  File "/srv/hops/anaconda/envs/hopsworks_environment/lib/python3.12/site-packages/hsfs/core/feature_group_base_engine.py", line 238, in _verify_schema_compatibility
    raise FeatureStoreException(
hopsworks_common.client.exceptions.FeatureStoreException: Features are not compatible with Feature Group schema: 
 - cc_num (expected type: 'string', derived from input: 'bigint') has the wrong type.
 - is_fraud (expected type: 'int', derived from input: 'bigint') has the wrong type.
Note that feature (or column) names are case insensitive and spaces are automatically replaced with underscores.
2026-06-19 07:09:37,114 INFO: Connection closed.
2026-06-19 07:09:41,722 INFO: Python Engine initialized.

Logged in to project, explore it here https://hopsworks.ai.local/p/2344
Uploading /logs/stderr.log: 0.000%|          | 0/1342 elapsed<00:00 remaining<?Uploading /logs/stderr.log: 100.000%|██████████| 1342/1342 elapsed<00:00 remaining<00:00Uploading /logs/stderr.log: 100.000%|██████████| 1342/1342 elapsed<00:00 remaining<00:00
Uploading /logs/stdout.log: 0.000%|          | 0/73 elapsed<00:00 remaining<?Uploading /logs/stdout.log: 100.000%|██████████| 73/73 elapsed<00:00 remaining<00:00Uploading /logs/stdout.log: 100.000%|██████████| 73/73 elapsed<00:00 remaining<00:00
2026-06-19 07:09:43,904 INFO: Connection closed.
