

==================================
Logs for DRIVER on node wolffbe.
============================================================================================== 

Logged in to project, explore it here https://hopsworks.ai.local/p/3192
Reading data from Resources...
Downloading: 0.000%|          | 0/2048800 elapsed<00:00 remaining<?Downloading: 100.000%|██████████| 2048800/2048800 elapsed<00:00 remaining<00:00
Downloading: 0.000%|          | 0/440115 elapsed<00:00 remaining<?Downloading: 100.000%|██████████| 440115/440115 elapsed<00:00 remaining<00:00
Transactions: 24026 rows
Score transactions: 5274 rows

Engineering features...
Engineering training features...
Total features: 38

Creating feature group cctxnee3558...
Feature group cctxnee3558 v1 ready
Inserting training data into feature group...
2026-06-20 11:51:19,374 WARNING: UserWarning: Can not find any timezone configuration, defaulting to UTC.

Feature Group created successfully, explore it at 
https://hopsworks.ai.local/p/3192/fs/3140/fg/3093
2026-06-20 11:51:34,241 INFO mlpabc9a7f3,fraud_detection_job,2102,**APPID Version: Elasticsearch Hadoop v9.0.0 [8ff51cfdb4]
2026-06-20 11:51:49,910 INFO mlpabc9a7f3,fraud_detection_job,2102,**APPID HopsfsLogStorage: path URI: hopsfs://rpc.namenode.service.consul:8020/apps/hive/warehouse/mlpabc9a7f3_featurestore.db/cctxnee3558_1/_delta_log/00000000000000000000.json
2026-06-20 11:51:49,910 INFO mlpabc9a7f3,fraud_detection_job,2102,**APPID HopsfsLogStorage: pathCopy1 URI: hopsfs://rpc.namenode.service.consul:8020/apps/hive/warehouse/mlpabc9a7f3_featurestore.db/cctxnee3558_1/_delta_log/00000000000000000000.json
2026-06-20 11:51:49,916 INFO mlpabc9a7f3,fraud_detection_job,2102,**APPID HopsfsLogStorage: path URI after tempPath: hopsfs://rpc.namenode.service.consul:8020/apps/hive/warehouse/mlpabc9a7f3_featurestore.db/cctxnee3558_1/_delta_log/00000000000000000000.json
2026-06-20 11:51:49,916 INFO mlpabc9a7f3,fraud_detection_job,2102,**APPID HopsfsLogStorage: pathCopy2 URI: hopsfs://rpc.namenode.service.consul:8020/apps/hive/warehouse/mlpabc9a7f3_featurestore.db/cctxnee3558_1/_delta_log/00000000000000000000.json
2026-06-20 11:51:50,036 INFO mlpabc9a7f3,fraud_detection_job,2102,**APPID HopsfsLogStorage: path URI after rename: hopsfs://rpc.namenode.service.consul:8020/apps/hive/warehouse/mlpabc9a7f3_featurestore.db/cctxnee3558_1/_delta_log/00000000000000000000.json
2026-06-20 11:51:50,037 INFO mlpabc9a7f3,fraud_detection_job,2102,**APPID HopsfsLogStorage: pathCopy2 URI after rename: hopsfs://rpc.namenode.service.consul:8020/apps/hive/warehouse/mlpabc9a7f3_featurestore.db/cctxnee3558_1/_delta_log/00000000000000000000.json
2026-06-20 11:52:04,729 INFO mlpabc9a7f3,fraud_detection_job,2102,**APPID SessionState: Hive Session ID = a82f8324-5a72-4085-af7b-fd292c499fc8
Training data inserted into feature group

Creating training dataset cctdee3558...
Traceback (most recent call last):
  File "/srv/hops/artifacts/fraud_pipeline.py", line 181, in <module>
    dataset = fs.get_or_create_training_dataset(
              ^^^^^^^^^^^^^^^^^^^^^^^^^^^^^^^^^
AttributeError: 'FeatureStore' object has no attribute 'get_or_create_training_dataset'. Did you mean: 'create_training_dataset'?
2026-06-20 11:52:21,725 INFO: Connection closed.
2026-06-20 11:52:21,725 INFO: Closing down clientserver connection


==================================
Logs for EXECUTOR on node wolffbe.Executor Id: 1
============================================================================================== 


==================================
Logs for EXECUTOR on node wolffbe.Executor Id: 2
============================================================================================== 
