Job failed with exit code: 1, Reason: Error

--- Container logs ---
/usr/local/bin/python-exec.sh: line 46: /srv/hops/hadoop/bin/hadoop: No such file or directory
Picked up _JAVA_OPTIONS:  -Duser.home=/srv/hops/anaconda
Importing keystore /srv/hops/certificates/mlpabc9a7f3__meb10000__kstore.jks to /srv/hops/fuse/pems/mlpabc9a7f3__meb10000__keystore.p12...
Entry for alias mlpabc9a7f3__meb10000 successfully imported.
Import command completed:  1 entries successfully imported, 0 entries failed or cancelled
Picked up _JAVA_OPTIONS:  -Duser.home=/srv/hops/anaconda
Importing keystore /srv/hops/certificates/mlpabc9a7f3__meb10000__tstore.jks to /srv/hops/fuse/pems/mlpabc9a7f3__meb10000__tstore.p12...
Entry for alias hops_root_ca successfully imported.
Import command completed:  1 entries successfully imported, 0 entries failed or cancelled
MAC: sha1, Iteration 100000
MAC length: 20, salt length: 20
PKCS7 Data
Shrouded Keybag: pbeWithSHA1And3-KeyTripleDES-CBC, Iteration 50000
PKCS7 Encrypted data: pbeWithSHA1And40BitRC2-CBC, Iteration 50000
Certificate bag
Certificate bag
2026-06-20 12:18:53,025 INFO: Python Engine initialized.

Logged in to project, explore it here https://hopsworks.ai.local/p/3192
Reading data from Resources...
Downloading: 0.000%|          | 0/2048800 elapsed<00:00 remaining<?Downloading: 100.000%|██████████| 2048800/2048800 elapsed<00:00 remaining<00:00
Downloading: 0.000%|          | 0/440115 elapsed<00:00 remaining<?Downloading: 100.000%|██████████| 440115/440115 elapsed<00:00 remaining<00:00
2026-06-20 12:18:54,895 WARNING: JobWarning: All jobs associated to feature group `cctxnee3558`, version `1` will be removed.

2026-06-20 12:18:55,444 WARNING: UserWarning: Casting timestamp column 'datetime' from 'ns' to 'us' will lose precision.

2026-06-20 12:18:59,897 INFO: Computing insert statistics
2026-06-20 12:19:00,899 WARNING: JobWarning: All jobs associated to feature view `cctdee3558`, version `1` will be removed.

2026-06-20 12:19:05,548 INFO: Computing insert statistics
2026-06-20 12:19:06,250 WARNING: VersionWarning: Incremented version to `1`.

2026-06-20 12:19:08,056 INFO: Computing insert statistics
2026-06-20 12:19:08,640 INFO: Provenance cached data - overwriting last accessed/created training dataset from 1 to 1.
2026-06-20 12:19:10,851 WARNING: VersionWarning: No version provided for getting model `ccmodelee3558`, defaulting to `1`.

Traceback (most recent call last):
Transactions: 24026 rows
Score transactions: 5274 rows

Engineering features...
Engineering training features...
Total features: 38

Creating feature group cctxnee3558...
Feature group cctxnee3558 v1 ready
Inserting training data into feature group...
Training data inserted into feature group

Creating training dataset cctdee3558...
Deleted existing feature view cctdee3558 v1
Feature view created successfully, explore it at 
https://hopsworks.ai.local/p/3192/fs/3140/fv/cctdee3558/version/1
Feature view cctdee3558 ready

Creating training data...
  File "/hopsfs/Resources/fraud_pipeline.py/fraud_pipeline.py", line 296, in <module>
Reading data from Hopsworks, using Hopsworks Feature Query Service.   Reading data from Hopsworks, using Hopsworks Feature Query Service..   Finished: Reading data from Hopsworks, using Hopsworks Feature Query Service (0.73s) 

Fetching training data...
Reading data from Hopsworks, using Hopsworks Feature Query Service.   Finished: Reading data from Hopsworks, using Hopsworks Feature Query Service (0.45s) 
Training data shape: (24026, 41)
Label distribution:
is_fraud
0    23590
1      436
Name: count, dtype: int64
Features: 38
Samples: 24026

Training model...
Validation ROC AUC: 0.9999

Registering model ccmodelee3558...
Model ccmodelee3558 already exists, updating...
Creating new model: 'NoneType' object has no attribute 'update'
    model_in_registry.update(
    ^^^^^^^^^^^^^^^^^^^^^^^^
AttributeError: 'NoneType' object has no attribute 'update'

During handling of the above exception, another exception occurred:

Traceback (most recent call last):
  File "/hopsfs/Resources/fraud_pipeline.py/fraud_pipeline.py", line 304, in <module>
    model_in_registry = mr.python.create(
                        ^^^^^^^^^^^^^^^^
AttributeError: module 'hsml.python.signature' has no attribute 'create'
2026-06-20 12:19:11,198 INFO: Connection closed.
2026-06-20 12:19:14,583 INFO: Python Engine initialized.

Logged in to project, explore it here https://hopsworks.ai.local/p/3192
Uploading /logs/stderr.log: 0.000%|          | 0/1897 elapsed<00:00 remaining<?Uploading /logs/stderr.log: 100.000%|██████████| 1897/1897 elapsed<00:00 remaining<00:00Uploading /logs/stderr.log: 100.000%|██████████| 1897/1897 elapsed<00:00 remaining<00:00
Uploading /logs/stdout.log: 0.000%|          | 0/1403 elapsed<00:00 remaining<?Uploading /logs/stdout.log: 100.000%|██████████| 1403/1403 elapsed<00:00 remaining<00:00Uploading /logs/stdout.log: 100.000%|██████████| 1403/1403 elapsed<00:00 remaining<00:00
2026-06-20 12:19:17,815 INFO: Connection closed.
