
Logged in to project, explore it here https://hopsworks.ai.local/p/3192
Reading data from Resources...
Transactions: 24026 rows
Score transactions: 5274 rows

Engineering features...
Engineering training features...
Total features: 38

Creating feature group cctxnee3558...
Feature group cctxnee3558 v1 ready
Inserting training data into feature group...
Training data inserted into feature group

Creating training dataset cctdee3558...
Deleted existing feature view cctdee3558 v1
Feature view created successfully, explore it at 
https://hopsworks.ai.local/p/3192/fs/3140/fv/cctdee3558/version/1
Feature view cctdee3558 ready

Creating training data...
Reading data from Hopsworks, using Hopsworks Feature Query Service.   Reading data from Hopsworks, using Hopsworks Feature Query Service..   Finished: Reading data from Hopsworks, using Hopsworks Feature Query Service (0.73s) 

Fetching training data...
Reading data from Hopsworks, using Hopsworks Feature Query Service.   Finished: Reading data from Hopsworks, using Hopsworks Feature Query Service (0.45s) 
Training data shape: (24026, 41)
Label distribution:
is_fraud
0    23590
1      436
Name: count, dtype: int64
Features: 38
Samples: 24026

Training model...
Validation ROC AUC: 0.9999

Registering model ccmodelee3558...
Model ccmodelee3558 already exists, updating...
Creating new model: 'NoneType' object has no attribute 'update'
