

==================================
Logs for DRIVER on node wolffbe.
============================================================================================== 
cat: /srv/hops/certificates/spark__passwd: No such file or directory
cat: /srv/hops/certificates/spark__passwd: No such file or directory
Picked up _JAVA_OPTIONS:  -Duser.home=/srv/hops/anaconda
Picked up _JAVA_OPTIONS:  -Duser.home=/srv/hops/anaconda
Picked up _JAVA_OPTIONS:  -Duser.home=/srv/hops/anaconda
2026-06-20 11:41:54,336 INFO mlpabc9a7f3,fraud_detection_job,2102,**APPID SparkContext: Running Spark version 3.5.5.1
2026-06-20 11:41:54,340 INFO mlpabc9a7f3,fraud_detection_job,2102,**APPID SparkContext: OS info Linux, 6.8.0-94-generic, amd64
2026-06-20 11:41:54,340 INFO mlpabc9a7f3,fraud_detection_job,2102,**APPID SparkContext: Java version 1.8.0_492
2026-06-20 11:41:54,346 WARN mlpabc9a7f3,fraud_detection_job,2102,**APPID SparkConf: Note that spark.local.dir will be overridden by the value set by the cluster manager (via SPARK_LOCAL_DIRS in mesos/standalone/kubernetes and LOCAL_DIRS in YARN).
2026-06-20 11:41:54,406 INFO mlpabc9a7f3,fraud_detection_job,2102,**APPID ResourceUtils: ==============================================================
2026-06-20 11:41:54,406 INFO mlpabc9a7f3,fraud_detection_job,2102,**APPID ResourceUtils: No custom resources configured for spark.driver.
2026-06-20 11:41:54,406 INFO mlpabc9a7f3,fraud_detection_job,2102,**APPID ResourceUtils: ==============================================================
2026-06-20 11:41:54,406 INFO mlpabc9a7f3,fraud_detection_job,2102,**APPID SparkContext: Submitted application: meb10000-3c797859-76d8-48fd-b4d1-1b5525ee708d
2026-06-20 11:41:54,424 INFO mlpabc9a7f3,fraud_detection_job,2102,**APPID ResourceProfile: Default ResourceProfile created, executor resources: Map(cores -> name: cores, amount: 1, script: , vendor: , memory -> name: memory, amount: 4096, script: , vendor: , offHeap -> name: offHeap, amount: 0, script: , vendor: ), task resources: Map(cpus -> name: cpus, amount: 1.0)
2026-06-20 11:41:54,438 INFO mlpabc9a7f3,fraud_detection_job,2102,**APPID ResourceProfile: Limiting resource is cpus at 1 tasks per executor
2026-06-20 11:41:54,439 INFO mlpabc9a7f3,fraud_detection_job,2102,**APPID ResourceProfileManager: Added ResourceProfile id: 0
2026-06-20 11:41:54,522 INFO mlpabc9a7f3,fraud_detection_job,2102,**APPID SecurityManager: Changing view acls to: yarnapp,mlpabc9a7f3__meb10000
2026-06-20 11:41:54,522 INFO mlpabc9a7f3,fraud_detection_job,2102,**APPID SecurityManager: Changing modify acls to: yarnapp,mlpabc9a7f3__meb10000
2026-06-20 11:41:54,523 INFO mlpabc9a7f3,fraud_detection_job,2102,**APPID SecurityManager: Changing view acls groups to: 
2026-06-20 11:41:54,523 INFO mlpabc9a7f3,fraud_detection_job,2102,**APPID SecurityManager: Changing modify acls groups to: 
2026-06-20 11:41:54,523 INFO mlpabc9a7f3,fraud_detection_job,2102,**APPID SecurityManager: SecurityManager: authentication disabled; ui acls disabled; users with view permissions: yarnapp, mlpabc9a7f3__meb10000; groups with view permissions: EMPTY; users with modify permissions: yarnapp, mlpabc9a7f3__meb10000; groups with modify permissions: EMPTY
2026-06-20 11:41:54,926 INFO mlpabc9a7f3,fraud_detection_job,2102,**APPID Utils: Successfully started service 'sparkDriver' on port 7078.
2026-06-20 11:41:55,006 INFO mlpabc9a7f3,fraud_detection_job,2102,**APPID SparkEnv: Registering MapOutputTracker
2026-06-20 11:41:55,017 INFO mlpabc9a7f3,fraud_detection_job,2102,**APPID RssShuffleManagerBase: Uniffle org.apache.spark.shuffle.RssShuffleManager version: 0.10.1-SNAPSHOT-fad026b0
2026-06-20 11:41:55,113 INFO mlpabc9a7f3,fraud_detection_job,2102,**APPID CoordinatorClientFactory: Start to create coordinator clients from rss-coordinator-rss-hops-0-headless.hopsworks.svc.cluster.local:19997,rss-coordinator-rss-hops-1-headless.hopsworks.svc.cluster.local:19997
2026-06-20 11:41:55,355 INFO mlpabc9a7f3,fraud_detection_job,2102,**APPID CoordinatorGrpcClient: Created CoordinatorGrpcClient, host:rss-coordinator-rss-hops-0-headless.hopsworks.svc.cluster.local, port:19997, maxRetryAttempts:3, usePlaintext:true
2026-06-20 11:41:55,355 INFO mlpabc9a7f3,fraud_detection_job,2102,**APPID CoordinatorClientFactory: Add coordinator client Coordinator grpc client ref to rss-coordinator-rss-hops-0-headless.hopsworks.svc.cluster.local:19997
2026-06-20 11:41:55,356 INFO mlpabc9a7f3,fraud_detection_job,2102,**APPID CoordinatorGrpcClient: Created CoordinatorGrpcClient, host:rss-coordinator-rss-hops-1-headless.hopsworks.svc.cluster.local, port:19997, maxRetryAttempts:3, usePlaintext:true
2026-06-20 11:41:55,356 INFO mlpabc9a7f3,fraud_detection_job,2102,**APPID CoordinatorClientFactory: Add coordinator client Coordinator grpc client ref to rss-coordinator-rss-hops-1-headless.hopsworks.svc.cluster.local:19997
2026-06-20 11:41:55,357 INFO mlpabc9a7f3,fraud_detection_job,2102,**APPID CoordinatorClientFactory: Finish create coordinator clients Coordinator grpc client ref to rss-coordinator-rss-hops-0-headless.hopsworks.svc.cluster.local:19997, Coordinator grpc client ref to rss-coordinator-rss-hops-1-headless.hopsworks.svc.cluster.local:19997
2026-06-20 11:41:55,710 INFO mlpabc9a7f3,fraud_detection_job,2102,**APPID CoordinatorGrpcRetryableClient: Success to get conf from Coordinator grpc client ref to rss-coordinator-rss-hops-0-headless.hopsworks.svc.cluster.local:19997
2026-06-20 11:41:55,712 INFO mlpabc9a7f3,fraud_detection_job,2102,**APPID RssSparkShuffleUtils: Use dynamic conf spark.rss.writer.require.memory.retryMax = 1200
2026-06-20 11:41:55,712 INFO mlpabc9a7f3,fraud_detection_job,2102,**APPID RssSparkShuffleUtils: Use dynamic conf spark.rss.writer.send.check.timeout = 600000
2026-06-20 11:41:55,712 INFO mlpabc9a7f3,fraud_detection_job,2102,**APPID RssSparkShuffleUtils: Use dynamic conf spark.rss.client.read.buffer.size = 14m
2026-06-20 11:41:55,712 INFO mlpabc9a7f3,fraud_detection_job,2102,**APPID RssSparkShuffleUtils: Use dynamic conf spark.rss.client.retry.max = 100
2026-06-20 11:41:55,712 WARN mlpabc9a7f3,fraud_detection_job,2102,**APPID RssSparkShuffleUtils: Override with mandatory dynamic conf spark.rss.storage.type = MEMORY_LOCALFILE
2026-06-20 11:41:55,712 INFO mlpabc9a7f3,fraud_detection_job,2102,**APPID RssSparkShuffleUtils: Use dynamic conf spark.rss.client.retry.interval.max = 1000
2026-06-20 11:41:55,728 INFO mlpabc9a7f3,fraud_detection_job,2102,**APPID RssShuffleManagerBase: Check quorum config [1:1:1:true]
2026-06-20 11:41:55,730 INFO mlpabc9a7f3,fraud_detection_job,2102,**APPID RssShuffleManagerBase: Disable external shuffle service in RssShuffleManager.
2026-06-20 11:41:55,730 INFO mlpabc9a7f3,fraud_detection_job,2102,**APPID RssShuffleManagerBase: Disable local shuffle reader in RssShuffleManager.
2026-06-20 11:41:55,730 INFO mlpabc9a7f3,fraud_detection_job,2102,**APPID RssShuffleManagerBase: Disable shuffle data locality in RssShuffleManager.
2026-06-20 11:41:55,737 INFO mlpabc9a7f3,fraud_detection_job,2102,**APPID RssShuffleManagerBase: Start Registering coordinators rss-coordinator-rss-hops-0-headless.hopsworks.svc.cluster.local:19997,rss-coordinator-rss-hops-1-headless.hopsworks.svc.cluster.local:19997
2026-06-20 11:41:55,737 INFO mlpabc9a7f3,fraud_detection_job,2102,**APPID CoordinatorClientFactory: Start to create coordinator clients from rss-coordinator-rss-hops-0-headless.hopsworks.svc.cluster.local:19997,rss-coordinator-rss-hops-1-headless.hopsworks.svc.cluster.local:19997
2026-06-20 11:41:55,739 INFO mlpabc9a7f3,fraud_detection_job,2102,**APPID CoordinatorGrpcClient: Created CoordinatorGrpcClient, host:rss-coordinator-rss-hops-0-headless.hopsworks.svc.cluster.local, port:19997, maxRetryAttempts:3, usePlaintext:true
2026-06-20 11:41:55,739 INFO mlpabc9a7f3,fraud_detection_job,2102,**APPID CoordinatorClientFactory: Add coordinator client Coordinator grpc client ref to rss-coordinator-rss-hops-0-headless.hopsworks.svc.cluster.local:19997
2026-06-20 11:41:55,740 INFO mlpabc9a7f3,fraud_detection_job,2102,**APPID CoordinatorGrpcClient: Created CoordinatorGrpcClient, host:rss-coordinator-rss-hops-1-headless.hopsworks.svc.cluster.local, port:19997, maxRetryAttempts:3, usePlaintext:true
2026-06-20 11:41:55,740 INFO mlpabc9a7f3,fraud_detection_job,2102,**APPID CoordinatorClientFactory: Add coordinator client Coordinator grpc client ref to rss-coordinator-rss-hops-1-headless.hopsworks.svc.cluster.local:19997
2026-06-20 11:41:55,740 INFO mlpabc9a7f3,fraud_detection_job,2102,**APPID CoordinatorClientFactory: Finish create coordinator clients Coordinator grpc client ref to rss-coordinator-rss-hops-0-headless.hopsworks.svc.cluster.local:19997, Coordinator grpc client ref to rss-coordinator-rss-hops-1-headless.hopsworks.svc.cluster.local:19997
2026-06-20 11:41:55,740 INFO mlpabc9a7f3,fraud_detection_job,2102,**APPID RssShuffleManagerBase: Rss data pusher is starting...
2026-06-20 11:41:55,922 INFO mlpabc9a7f3,fraud_detection_job,2102,**APPID SparkEnv: Registering BlockManagerMaster
2026-06-20 11:41:55,948 INFO mlpabc9a7f3,fraud_detection_job,2102,**APPID BlockManagerMasterEndpoint: Using org.apache.spark.storage.DefaultTopologyMapper for getting topology information
2026-06-20 11:41:55,948 INFO mlpabc9a7f3,fraud_detection_job,2102,**APPID BlockManagerMasterEndpoint: BlockManagerMasterEndpoint up
2026-06-20 11:41:55,950 INFO mlpabc9a7f3,fraud_detection_job,2102,**APPID SparkEnv: Registering BlockManagerMasterHeartbeat
2026-06-20 11:41:55,970 INFO mlpabc9a7f3,fraud_detection_job,2102,**APPID DiskBlockManager: Created local directory at /srv/hops/spark/work-dir/blockmgr-1da2a824-25f9-4fef-88cf-560f7d46acbf
2026-06-20 11:41:55,985 INFO mlpabc9a7f3,fraud_detection_job,2102,**APPID MemoryStore: MemoryStore started with capacity 1007.8 MiB
2026-06-20 11:41:56,010 INFO mlpabc9a7f3,fraud_detection_job,2102,**APPID SparkEnv: Registering OutputCommitCoordinator
2026-06-20 11:41:56,039 INFO mlpabc9a7f3,fraud_detection_job,2102,**APPID log: Logging initialized @7817ms to org.sparkproject.jetty.util.log.Slf4jLog
2026-06-20 11:41:56,144 INFO mlpabc9a7f3,fraud_detection_job,2102,**APPID JettyUtils: Start Jetty 0.0.0.0:4040 for SparkUI
2026-06-20 11:41:56,151 INFO mlpabc9a7f3,fraud_detection_job,2102,**APPID Server: jetty-9.4.56.v20240826; built: 2024-08-26T17:15:05.868Z; git: ec6782ff5ead824dabdcf47fa98f90a4aedff401; jvm 1.8.0_492-8u492-ga~us2-0ubuntu1~22.04.1-b09
2026-06-20 11:41:56,167 INFO mlpabc9a7f3,fraud_detection_job,2102,**APPID Server: Started @7945ms
2026-06-20 11:41:56,218 INFO mlpabc9a7f3,fraud_detection_job,2102,**APPID AbstractConnector: Started ServerConnector@156a0084{HTTP/1.1, (http/1.1)}{0.0.0.0:4040}
2026-06-20 11:41:56,218 INFO mlpabc9a7f3,fraud_detection_job,2102,**APPID Utils: Successfully started service 'SparkUI' on port 4040.
2026-06-20 11:41:56,231 INFO mlpabc9a7f3,fraud_detection_job,2102,**APPID ContextHandler: Started o.s.j.s.ServletContextHandler@40bce71{/,null,AVAILABLE,@Spark}
2026-06-20 11:41:56,333 INFO mlpabc9a7f3,fraud_detection_job,2102,**APPID SparkKubernetesClientFactory: Auto-configuring K8S client using current context from users K8S config file
2026-06-20 11:41:57,731 INFO mlpabc9a7f3,fraud_detection_job,2102,**APPID Utils: Using initial executors = 1, max of spark.dynamicAllocation.initialExecutors, spark.dynamicAllocation.minExecutors and spark.executor.instances
2026-06-20 11:41:58,011 INFO mlpabc9a7f3,fraud_detection_job,2102,**APPID ExecutorPodsAllocator: Going to request 1 executors from Kubernetes for ResourceProfile Id: 0, target: 1, known: 0, sharedSlotFromPendingPods: 2147483647.
2026-06-20 11:41:58,020 INFO mlpabc9a7f3,fraud_detection_job,2102,**APPID KubernetesClientUtils: Spark configuration files loaded from Some(/srv/hops/spark/conf) : spark-env.sh,hive-site.xml,spark-blacklisted-properties.txt,log4j2.properties,metrics.properties,log4j2.properties.sparkhistoryserver
2026-06-20 11:41:58,037 INFO mlpabc9a7f3,fraud_detection_job,2102,**APPID ExecutorPodsAllocator: Found 0 reusable PVCs from 0 PVCs
2026-06-20 11:41:58,205 INFO mlpabc9a7f3,fraud_detection_job,2102,**APPID KubernetesClientUtils: Spark configuration files loaded from Some(/srv/hops/spark/conf) : spark-env.sh,hive-site.xml,spark-blacklisted-properties.txt,log4j2.properties,metrics.properties,log4j2.properties.sparkhistoryserver
2026-06-20 11:41:58,211 INFO mlpabc9a7f3,fraud_detection_job,2102,**APPID Utils: Successfully started service 'org.apache.spark.network.netty.NettyBlockTransferService' on port 7079.
2026-06-20 11:41:58,211 INFO mlpabc9a7f3,fraud_detection_job,2102,**APPID NettyBlockTransferService: Server created on spark-26f52b9ee4d6349e-driver-svc.mlpabc9a7f3.svc 10.244.1.251:7079
2026-06-20 11:41:58,212 INFO mlpabc9a7f3,fraud_detection_job,2102,**APPID BlockManager: Using org.apache.spark.storage.RandomBlockReplicationPolicy for block replication policy
2026-06-20 11:41:58,224 INFO mlpabc9a7f3,fraud_detection_job,2102,**APPID BlockManagerMaster: Registering BlockManager BlockManagerId(driver, spark-26f52b9ee4d6349e-driver-svc.mlpabc9a7f3.svc, 7079, None)
2026-06-20 11:41:58,227 INFO mlpabc9a7f3,fraud_detection_job,2102,**APPID BlockManagerMasterEndpoint: Registering block manager spark-26f52b9ee4d6349e-driver-svc.mlpabc9a7f3.svc:7079 with 1007.8 MiB RAM, BlockManagerId(driver, spark-26f52b9ee4d6349e-driver-svc.mlpabc9a7f3.svc, 7079, None)
2026-06-20 11:41:58,229 INFO mlpabc9a7f3,fraud_detection_job,2102,**APPID BasicExecutorFeatureStep: Decommissioning not enabled, skipping shutdown script
2026-06-20 11:41:58,229 INFO mlpabc9a7f3,fraud_detection_job,2102,**APPID BlockManagerMaster: Registered BlockManager BlockManagerId(driver, spark-26f52b9ee4d6349e-driver-svc.mlpabc9a7f3.svc, 7079, None)
2026-06-20 11:41:58,230 INFO mlpabc9a7f3,fraud_detection_job,2102,**APPID BlockManager: Initialized BlockManager: BlockManagerId(driver, spark-26f52b9ee4d6349e-driver-svc.mlpabc9a7f3.svc, 7079, None)
2026-06-20 11:41:58,326 INFO mlpabc9a7f3,fraud_detection_job,2102,**APPID PrometheusSink: Initializing Prometheus Sink...
2026-06-20 11:41:58,326 INFO mlpabc9a7f3,fraud_detection_job,2102,**APPID PrometheusSink: Metrics polling period -> 10 SECONDS
2026-06-20 11:41:58,327 INFO mlpabc9a7f3,fraud_detection_job,2102,**APPID PrometheusSink: Metrics timestamp enabled -> false
2026-06-20 11:41:58,327 INFO mlpabc9a7f3,fraud_detection_job,2102,**APPID PrometheusSink: pushgateway-address -> pushgateway.prometheus.service.consul:9091
2026-06-20 11:41:58,327 INFO mlpabc9a7f3,fraud_detection_job,2102,**APPID PrometheusSink: pushgateway-address-protocol -> http
2026-06-20 11:41:58,327 INFO mlpabc9a7f3,fraud_detection_job,2102,**APPID PrometheusSink: metrics-name-capture-regex -> 
2026-06-20 11:41:58,327 INFO mlpabc9a7f3,fraud_detection_job,2102,**APPID PrometheusSink: metrics-name-replacement -> 
2026-06-20 11:41:58,328 INFO mlpabc9a7f3,fraud_detection_job,2102,**APPID PrometheusSink: labels -> Map()
2026-06-20 11:41:58,328 INFO mlpabc9a7f3,fraud_detection_job,2102,**APPID PrometheusSink: jmx-collector-config -> /opt/spark/conf/jmx_collector.yaml
2026-06-20 11:42:00,984 INFO mlpabc9a7f3,fraud_detection_job,2102,**APPID SingleEventLogFileWriter: Logging events to hdfs://rpc.namenode.service.consul:8020/user/spark/applicationHistory/spark-8994feafd91448b280bea283e04d2643.inprogress
2026-06-20 11:42:01,304 INFO mlpabc9a7f3,fraud_detection_job,2102,**APPID Utils: Using initial executors = 1, max of spark.dynamicAllocation.initialExecutors, spark.dynamicAllocation.minExecutors and spark.executor.instances
2026-06-20 11:42:01,305 INFO mlpabc9a7f3,fraud_detection_job,2102,**APPID ExecutorAllocationManager: Dynamic allocation will use remote shuffle service
2026-06-20 11:42:01,328 INFO mlpabc9a7f3,fraud_detection_job,2102,**APPID ContextHandler: Stopped o.s.j.s.ServletContextHandler@40bce71{/,null,STOPPED,@Spark}
2026-06-20 11:42:01,329 INFO mlpabc9a7f3,fraud_detection_job,2102,**APPID ContextHandler: Started o.s.j.s.ServletContextHandler@6c6abef2{/jobs,null,AVAILABLE,@Spark}
2026-06-20 11:42:01,334 INFO mlpabc9a7f3,fraud_detection_job,2102,**APPID ContextHandler: Started o.s.j.s.ServletContextHandler@3aaa9edf{/jobs/json,null,AVAILABLE,@Spark}
2026-06-20 11:42:01,335 INFO mlpabc9a7f3,fraud_detection_job,2102,**APPID ContextHandler: Started o.s.j.s.ServletContextHandler@43cd57e9{/jobs/job,null,AVAILABLE,@Spark}
2026-06-20 11:42:01,335 INFO mlpabc9a7f3,fraud_detection_job,2102,**APPID ContextHandler: Started o.s.j.s.ServletContextHandler@521533b0{/jobs/job/json,null,AVAILABLE,@Spark}
2026-06-20 11:42:01,335 INFO mlpabc9a7f3,fraud_detection_job,2102,**APPID ContextHandler: Started o.s.j.s.ServletContextHandler@184f9c82{/stages,null,AVAILABLE,@Spark}
2026-06-20 11:42:01,336 INFO mlpabc9a7f3,fraud_detection_job,2102,**APPID ContextHandler: Started o.s.j.s.ServletContextHandler@35bcd645{/stages/json,null,AVAILABLE,@Spark}
2026-06-20 11:42:01,336 INFO mlpabc9a7f3,fraud_detection_job,2102,**APPID ContextHandler: Started o.s.j.s.ServletContextHandler@25cc0b1e{/stages/stage,null,AVAILABLE,@Spark}
2026-06-20 11:42:01,337 INFO mlpabc9a7f3,fraud_detection_job,2102,**APPID ContextHandler: Started o.s.j.s.ServletContextHandler@38850c7a{/stages/stage/json,null,AVAILABLE,@Spark}
2026-06-20 11:42:01,337 INFO mlpabc9a7f3,fraud_detection_job,2102,**APPID ContextHandler: Started o.s.j.s.ServletContextHandler@4178b8d{/stages/pool,null,AVAILABLE,@Spark}
2026-06-20 11:42:01,337 INFO mlpabc9a7f3,fraud_detection_job,2102,**APPID ContextHandler: Started o.s.j.s.ServletContextHandler@3c63c393{/stages/pool/json,null,AVAILABLE,@Spark}
2026-06-20 11:42:01,338 INFO mlpabc9a7f3,fraud_detection_job,2102,**APPID ContextHandler: Started o.s.j.s.ServletContextHandler@7242ad9b{/storage,null,AVAILABLE,@Spark}
2026-06-20 11:42:01,338 INFO mlpabc9a7f3,fraud_detection_job,2102,**APPID ContextHandler: Started o.s.j.s.ServletContextHandler@536cad5e{/storage/json,null,AVAILABLE,@Spark}
2026-06-20 11:42:01,338 INFO mlpabc9a7f3,fraud_detection_job,2102,**APPID ContextHandler: Started o.s.j.s.ServletContextHandler@7633aed5{/storage/rdd,null,AVAILABLE,@Spark}
2026-06-20 11:42:01,339 INFO mlpabc9a7f3,fraud_detection_job,2102,**APPID ContextHandler: Started o.s.j.s.ServletContextHandler@3d72614f{/storage/rdd/json,null,AVAILABLE,@Spark}
2026-06-20 11:42:01,339 INFO mlpabc9a7f3,fraud_detection_job,2102,**APPID ContextHandler: Started o.s.j.s.ServletContextHandler@10d8af9f{/environment,null,AVAILABLE,@Spark}
2026-06-20 11:42:01,340 INFO mlpabc9a7f3,fraud_detection_job,2102,**APPID ContextHandler: Started o.s.j.s.ServletContextHandler@240fcdb6{/environment/json,null,AVAILABLE,@Spark}
2026-06-20 11:42:01,340 INFO mlpabc9a7f3,fraud_detection_job,2102,**APPID ContextHandler: Started o.s.j.s.ServletContextHandler@3d5dbbbb{/executors,null,AVAILABLE,@Spark}
2026-06-20 11:42:01,403 INFO mlpabc9a7f3,fraud_detection_job,2102,**APPID ContextHandler: Started o.s.j.s.ServletContextHandler@2016fdc0{/executors/json,null,AVAILABLE,@Spark}
2026-06-20 11:42:01,404 INFO mlpabc9a7f3,fraud_detection_job,2102,**APPID ContextHandler: Started o.s.j.s.ServletContextHandler@7acbedda{/executors/threadDump,null,AVAILABLE,@Spark}
2026-06-20 11:42:01,405 INFO mlpabc9a7f3,fraud_detection_job,2102,**APPID ContextHandler: Started o.s.j.s.ServletContextHandler@606db00d{/executors/threadDump/json,null,AVAILABLE,@Spark}
2026-06-20 11:42:01,412 INFO mlpabc9a7f3,fraud_detection_job,2102,**APPID ContextHandler: Started o.s.j.s.ServletContextHandler@375e74fe{/static,null,AVAILABLE,@Spark}
2026-06-20 11:42:01,413 INFO mlpabc9a7f3,fraud_detection_job,2102,**APPID ContextHandler: Started o.s.j.s.ServletContextHandler@7e00cbd8{/,null,AVAILABLE,@Spark}
2026-06-20 11:42:01,414 INFO mlpabc9a7f3,fraud_detection_job,2102,**APPID ContextHandler: Started o.s.j.s.ServletContextHandler@7fc66a6f{/api,null,AVAILABLE,@Spark}
2026-06-20 11:42:01,415 INFO mlpabc9a7f3,fraud_detection_job,2102,**APPID ContextHandler: Started o.s.j.s.ServletContextHandler@25e7bcf8{/jobs/job/kill,null,AVAILABLE,@Spark}
2026-06-20 11:42:01,415 INFO mlpabc9a7f3,fraud_detection_job,2102,**APPID ContextHandler: Started o.s.j.s.ServletContextHandler@343d41b1{/stages/stage/kill,null,AVAILABLE,@Spark}
2026-06-20 11:42:01,418 INFO mlpabc9a7f3,fraud_detection_job,2102,**APPID ContextHandler: Started o.s.j.s.ServletContextHandler@2d7a212a{/metrics/json,null,AVAILABLE,@Spark}
2026-06-20 11:42:06,719 INFO mlpabc9a7f3,fraud_detection_job,2102,**APPID KubernetesClusterSchedulerBackend$KubernetesDriverEndpoint: No executor found for 10.244.0.83:40296
2026-06-20 11:42:08,411 INFO mlpabc9a7f3,fraud_detection_job,2102,**APPID PrometheusSink: metricsNamespace=None, sparkAppName=Some(meb10000-3c797859-76d8-48fd-b4d1-1b5525ee708d), sparkAppId=Some(spark-8994feafd91448b280bea283e04d2643), executorId=Some(driver)
2026-06-20 11:42:08,412 INFO mlpabc9a7f3,fraud_detection_job,2102,**APPID PrometheusSink: role=driver, job=spark-8994feafd91448b280bea283e04d2643
2026-06-20 11:42:08,432 INFO mlpabc9a7f3,fraud_detection_job,2102,**APPID KubernetesClusterSchedulerBackend$KubernetesDriverEndpoint: Registered executor NettyRpcEndpointRef(spark-client://Executor) (10.244.0.83:40308) with ID 1,  ResourceProfileId 0
2026-06-20 11:42:08,437 INFO mlpabc9a7f3,fraud_detection_job,2102,**APPID ExecutorMonitor: New executor 1 has registered (new total is 1)
2026-06-20 11:42:08,528 INFO mlpabc9a7f3,fraud_detection_job,2102,**APPID KubernetesClusterSchedulerBackend: SchedulerBackend is ready for scheduling beginning after reached minRegisteredResourcesRatio: 0.8
2026-06-20 11:42:08,726 INFO mlpabc9a7f3,fraud_detection_job,2102,**APPID BlockManagerMasterEndpoint: Registering block manager 10.244.0.83:45525 with 2.1 GiB RAM, BlockManagerId(1, 10.244.0.83, 45525, None)
2026-06-20 11:42:08,759 INFO mlpabc9a7f3,fraud_detection_job,2102,**APPID SharedState: Setting hive.metastore.warehouse.dir ('hopsfs://rpc.namenode.service.consul:8020/apps/hive/warehouse') to the value of spark.sql.warehouse.dir.
2026-06-20 11:42:08,761 INFO mlpabc9a7f3,fraud_detection_job,2102,**APPID SharedState: Warehouse path is 'hdfs://rpc.namenode.service.consul:8020/user/spark/spark-warehouse'.
2026-06-20 11:42:08,804 INFO mlpabc9a7f3,fraud_detection_job,2102,**APPID ContextHandler: Started o.s.j.s.ServletContextHandler@1eaf0b3b{/SQL,null,AVAILABLE,@Spark}
2026-06-20 11:42:08,804 INFO mlpabc9a7f3,fraud_detection_job,2102,**APPID ContextHandler: Started o.s.j.s.ServletContextHandler@54730978{/SQL/json,null,AVAILABLE,@Spark}
2026-06-20 11:42:08,805 INFO mlpabc9a7f3,fraud_detection_job,2102,**APPID ContextHandler: Started o.s.j.s.ServletContextHandler@a94881b{/SQL/execution,null,AVAILABLE,@Spark}
2026-06-20 11:42:08,805 INFO mlpabc9a7f3,fraud_detection_job,2102,**APPID ContextHandler: Started o.s.j.s.ServletContextHandler@5770aa19{/SQL/execution/json,null,AVAILABLE,@Spark}
2026-06-20 11:42:08,806 INFO mlpabc9a7f3,fraud_detection_job,2102,**APPID ContextHandler: Started o.s.j.s.ServletContextHandler@63714f01{/static/sql,null,AVAILABLE,@Spark}
2026-06-20 11:42:11,308 INFO mlpabc9a7f3,fraud_detection_job,2102,**APPID SparkContext: SparkContext is stopping with exitCode 0.
2026-06-20 11:42:11,314 INFO mlpabc9a7f3,fraud_detection_job,2102,**APPID AbstractConnector: Stopped Spark@156a0084{HTTP/1.1, (http/1.1)}{0.0.0.0:4040}
2026-06-20 11:42:11,317 INFO mlpabc9a7f3,fraud_detection_job,2102,**APPID SparkUI: Stopped Spark web UI at http://spark-26f52b9ee4d6349e-driver-svc.mlpabc9a7f3.svc:4040
2026-06-20 11:42:11,321 INFO mlpabc9a7f3,fraud_detection_job,2102,**APPID KubernetesClusterSchedulerBackend: Shutting down all executors
2026-06-20 11:42:11,321 INFO mlpabc9a7f3,fraud_detection_job,2102,**APPID KubernetesClusterSchedulerBackend$KubernetesDriverEndpoint: Asking each executor to shut down
2026-06-20 11:42:11,327 WARN mlpabc9a7f3,fraud_detection_job,2102,**APPID ExecutorPodsWatchSnapshotSource: Kubernetes client has been closed.
2026-06-20 11:42:11,429 INFO mlpabc9a7f3,fraud_detection_job,2102,**APPID PrometheusSink: metricsNamespace=None, sparkAppName=Some(meb10000-3c797859-76d8-48fd-b4d1-1b5525ee708d), sparkAppId=Some(spark-8994feafd91448b280bea283e04d2643), executorId=Some(driver)
2026-06-20 11:42:11,429 INFO mlpabc9a7f3,fraud_detection_job,2102,**APPID PrometheusSink: role=driver, job=spark-8994feafd91448b280bea283e04d2643
2026-06-20 11:42:11,978 INFO mlpabc9a7f3,fraud_detection_job,2102,**APPID MapOutputTrackerMasterEndpoint: MapOutputTrackerMasterEndpoint stopped!
2026-06-20 11:42:11,989 INFO mlpabc9a7f3,fraud_detection_job,2102,**APPID MemoryStore: MemoryStore cleared
2026-06-20 11:42:11,989 INFO mlpabc9a7f3,fraud_detection_job,2102,**APPID BlockManager: BlockManager stopped
2026-06-20 11:42:11,993 INFO mlpabc9a7f3,fraud_detection_job,2102,**APPID BlockManagerMaster: BlockManagerMaster stopped
2026-06-20 11:42:11,994 INFO mlpabc9a7f3,fraud_detection_job,2102,**APPID PrometheusSink: metricsNamespace=None, sparkAppName=Some(meb10000-3c797859-76d8-48fd-b4d1-1b5525ee708d), sparkAppId=Some(spark-8994feafd91448b280bea283e04d2643), executorId=Some(driver)
2026-06-20 11:42:11,994 INFO mlpabc9a7f3,fraud_detection_job,2102,**APPID PrometheusSink: role=driver, job=spark-8994feafd91448b280bea283e04d2643
2026-06-20 11:42:12,165 INFO mlpabc9a7f3,fraud_detection_job,2102,**APPID OutputCommitCoordinator$OutputCommitCoordinatorEndpoint: OutputCommitCoordinator stopped!
2026-06-20 11:42:12,173 INFO mlpabc9a7f3,fraud_detection_job,2102,**APPID SparkContext: Successfully stopped SparkContext
2026-06-20 11:42:12,176 INFO mlpabc9a7f3,fraud_detection_job,2102,**APPID ShutdownHookManager: Shutdown hook called
2026-06-20 11:42:12,176 INFO mlpabc9a7f3,fraud_detection_job,2102,**APPID ShutdownHookManager: Deleting directory /srv/hops/spark/work-dir/spark-18dde296-5341-4db8-a45a-ff81bcb82003
2026-06-20 11:42:12,182 INFO mlpabc9a7f3,fraud_detection_job,2102,**APPID ShutdownHookManager: Deleting directory /tmp/spark-03c7da08-1a93-4a61-8d71-c2a4939562dd
2026-06-20 11:42:12,187 INFO mlpabc9a7f3,fraud_detection_job,2102,**APPID ShutdownHookManager: Deleting directory /srv/hops/spark/work-dir/spark-18dde296-5341-4db8-a45a-ff81bcb82003/pyspark-2ad99bab-20ca-4974-adad-ee4722c1dc64


==================================
Logs for EXECUTOR on node wolffbe.Executor Id: 1
============================================================================================== 
Picked up _JAVA_OPTIONS:  -Duser.home=/srv/hops/anaconda
2026-06-20 11:42:04,635 INFO mlpabc9a7f3,fraud_detection_job,2102,**APPID KubernetesExecutorBackend: Started daemon with process name: 7@00-3c797859-76d8-48fd-b4d1-1b5525ee708d-585fe89ee4d664ea-exec-1
2026-06-20 11:42:04,647 INFO mlpabc9a7f3,fraud_detection_job,2102,**APPID SignalUtils: Registering signal handler for TERM
2026-06-20 11:42:04,648 INFO mlpabc9a7f3,fraud_detection_job,2102,**APPID SignalUtils: Registering signal handler for HUP
2026-06-20 11:42:04,648 INFO mlpabc9a7f3,fraud_detection_job,2102,**APPID SignalUtils: Registering signal handler for INT
2026-06-20 11:42:05,865 INFO mlpabc9a7f3,fraud_detection_job,2102,**APPID SecurityManager: Changing view acls to: yarnapp,mlpabc9a7f3__meb10000
2026-06-20 11:42:05,865 INFO mlpabc9a7f3,fraud_detection_job,2102,**APPID SecurityManager: Changing modify acls to: yarnapp,mlpabc9a7f3__meb10000
2026-06-20 11:42:05,866 INFO mlpabc9a7f3,fraud_detection_job,2102,**APPID SecurityManager: Changing view acls groups to: 
2026-06-20 11:42:05,866 INFO mlpabc9a7f3,fraud_detection_job,2102,**APPID SecurityManager: Changing modify acls groups to: 
2026-06-20 11:42:05,866 INFO mlpabc9a7f3,fraud_detection_job,2102,**APPID SecurityManager: SecurityManager: authentication disabled; ui acls disabled; users with view permissions: yarnapp, mlpabc9a7f3__meb10000; groups with view permissions: EMPTY; users with modify permissions: yarnapp, mlpabc9a7f3__meb10000; groups with modify permissions: EMPTY
2026-06-20 11:42:06,541 INFO mlpabc9a7f3,fraud_detection_job,2102,**APPID TransportClientFactory: Successfully created connection to spark-26f52b9ee4d6349e-driver-svc.mlpabc9a7f3.svc/10.244.1.251:7078 after 190 ms (0 ms spent in bootstraps)
2026-06-20 11:42:06,740 INFO mlpabc9a7f3,fraud_detection_job,2102,**APPID SecurityManager: Changing view acls to: yarnapp,mlpabc9a7f3__meb10000
2026-06-20 11:42:06,740 INFO mlpabc9a7f3,fraud_detection_job,2102,**APPID SecurityManager: Changing modify acls to: yarnapp,mlpabc9a7f3__meb10000
2026-06-20 11:42:06,740 INFO mlpabc9a7f3,fraud_detection_job,2102,**APPID SecurityManager: Changing view acls groups to: 
2026-06-20 11:42:06,740 INFO mlpabc9a7f3,fraud_detection_job,2102,**APPID SecurityManager: Changing modify acls groups to: 
2026-06-20 11:42:06,740 INFO mlpabc9a7f3,fraud_detection_job,2102,**APPID SecurityManager: SecurityManager: authentication disabled; ui acls disabled; users with view permissions: yarnapp, mlpabc9a7f3__meb10000; groups with view permissions: EMPTY; users with modify permissions: yarnapp, mlpabc9a7f3__meb10000; groups with modify permissions: EMPTY
2026-06-20 11:42:06,847 INFO mlpabc9a7f3,fraud_detection_job,2102,**APPID TransportClientFactory: Successfully created connection to spark-26f52b9ee4d6349e-driver-svc.mlpabc9a7f3.svc/10.244.1.251:7078 after 3 ms (0 ms spent in bootstraps)
2026-06-20 11:42:06,863 INFO mlpabc9a7f3,fraud_detection_job,2102,**APPID RssShuffleManagerBase: Uniffle org.apache.spark.shuffle.RssShuffleManager version: 0.10.1-SNAPSHOT-fad026b0
2026-06-20 11:42:06,940 INFO mlpabc9a7f3,fraud_detection_job,2102,**APPID RssShuffleManagerBase: Check quorum config [1:1:1:true]
2026-06-20 11:42:06,940 INFO mlpabc9a7f3,fraud_detection_job,2102,**APPID RssShuffleManagerBase: Disable external shuffle service in RssShuffleManager.
2026-06-20 11:42:06,940 INFO mlpabc9a7f3,fraud_detection_job,2102,**APPID RssShuffleManagerBase: Disable local shuffle reader in RssShuffleManager.
2026-06-20 11:42:06,940 INFO mlpabc9a7f3,fraud_detection_job,2102,**APPID RssShuffleManagerBase: Disable shuffle data locality in RssShuffleManager.
2026-06-20 11:42:06,953 INFO mlpabc9a7f3,fraud_detection_job,2102,**APPID RssShuffleManagerBase: Start Registering coordinators rss-coordinator-rss-hops-0-headless.hopsworks.svc.cluster.local:19997,rss-coordinator-rss-hops-1-headless.hopsworks.svc.cluster.local:19997
2026-06-20 11:42:06,953 INFO mlpabc9a7f3,fraud_detection_job,2102,**APPID CoordinatorClientFactory: Start to create coordinator clients from rss-coordinator-rss-hops-0-headless.hopsworks.svc.cluster.local:19997,rss-coordinator-rss-hops-1-headless.hopsworks.svc.cluster.local:19997
2026-06-20 11:42:07,549 INFO mlpabc9a7f3,fraud_detection_job,2102,**APPID CoordinatorGrpcClient: Created CoordinatorGrpcClient, host:rss-coordinator-rss-hops-0-headless.hopsworks.svc.cluster.local, port:19997, maxRetryAttempts:3, usePlaintext:true
2026-06-20 11:42:07,550 INFO mlpabc9a7f3,fraud_detection_job,2102,**APPID CoordinatorClientFactory: Add coordinator client Coordinator grpc client ref to rss-coordinator-rss-hops-0-headless.hopsworks.svc.cluster.local:19997
2026-06-20 11:42:07,552 INFO mlpabc9a7f3,fraud_detection_job,2102,**APPID CoordinatorGrpcClient: Created CoordinatorGrpcClient, host:rss-coordinator-rss-hops-1-headless.hopsworks.svc.cluster.local, port:19997, maxRetryAttempts:3, usePlaintext:true
2026-06-20 11:42:07,552 INFO mlpabc9a7f3,fraud_detection_job,2102,**APPID CoordinatorClientFactory: Add coordinator client Coordinator grpc client ref to rss-coordinator-rss-hops-1-headless.hopsworks.svc.cluster.local:19997
2026-06-20 11:42:07,554 INFO mlpabc9a7f3,fraud_detection_job,2102,**APPID CoordinatorClientFactory: Finish create coordinator clients Coordinator grpc client ref to rss-coordinator-rss-hops-0-headless.hopsworks.svc.cluster.local:19997, Coordinator grpc client ref to rss-coordinator-rss-hops-1-headless.hopsworks.svc.cluster.local:19997
2026-06-20 11:42:07,555 INFO mlpabc9a7f3,fraud_detection_job,2102,**APPID RssShuffleManagerBase: Rss data pusher is starting...
2026-06-20 11:42:07,872 INFO mlpabc9a7f3,fraud_detection_job,2102,**APPID DiskBlockManager: Created local directory at /srv/hops/spark/work-dir/blockmgr-8a447ee5-5f2e-4bdc-91f5-f1522f71b056
2026-06-20 11:42:07,935 INFO mlpabc9a7f3,fraud_detection_job,2102,**APPID MemoryStore: MemoryStore started with capacity 2.1 GiB
2026-06-20 11:42:08,153 INFO mlpabc9a7f3,fraud_detection_job,2102,**APPID PrometheusSink: Initializing Prometheus Sink...
2026-06-20 11:42:08,153 INFO mlpabc9a7f3,fraud_detection_job,2102,**APPID PrometheusSink: Metrics polling period -> 10 SECONDS
2026-06-20 11:42:08,153 INFO mlpabc9a7f3,fraud_detection_job,2102,**APPID PrometheusSink: Metrics timestamp enabled -> false
2026-06-20 11:42:08,153 INFO mlpabc9a7f3,fraud_detection_job,2102,**APPID PrometheusSink: pushgateway-address -> pushgateway.prometheus.service.consul:9091
2026-06-20 11:42:08,154 INFO mlpabc9a7f3,fraud_detection_job,2102,**APPID PrometheusSink: pushgateway-address-protocol -> http
2026-06-20 11:42:08,154 INFO mlpabc9a7f3,fraud_detection_job,2102,**APPID PrometheusSink: metrics-name-capture-regex -> 
2026-06-20 11:42:08,154 INFO mlpabc9a7f3,fraud_detection_job,2102,**APPID PrometheusSink: metrics-name-replacement -> 
2026-06-20 11:42:08,155 INFO mlpabc9a7f3,fraud_detection_job,2102,**APPID PrometheusSink: labels -> Map()
2026-06-20 11:42:08,156 INFO mlpabc9a7f3,fraud_detection_job,2102,**APPID PrometheusSink: jmx-collector-config -> /opt/spark/conf/jmx_collector.yaml
2026-06-20 11:42:08,357 INFO mlpabc9a7f3,fraud_detection_job,2102,**APPID CoarseGrainedExecutorBackend: Connecting to driver: spark://CoarseGrainedScheduler@spark-26f52b9ee4d6349e-driver-svc.mlpabc9a7f3.svc:7078
2026-06-20 11:42:08,370 INFO mlpabc9a7f3,fraud_detection_job,2102,**APPID ResourceUtils: ==============================================================
2026-06-20 11:42:08,370 INFO mlpabc9a7f3,fraud_detection_job,2102,**APPID ResourceUtils: No custom resources configured for spark.executor.
2026-06-20 11:42:08,370 INFO mlpabc9a7f3,fraud_detection_job,2102,**APPID ResourceUtils: ==============================================================
2026-06-20 11:42:08,450 INFO mlpabc9a7f3,fraud_detection_job,2102,**APPID CoarseGrainedExecutorBackend: Successfully registered with driver
2026-06-20 11:42:08,457 INFO mlpabc9a7f3,fraud_detection_job,2102,**APPID Executor: Starting executor ID 1 on host 10.244.0.83
2026-06-20 11:42:08,457 INFO mlpabc9a7f3,fraud_detection_job,2102,**APPID Executor: OS info Linux, 6.8.0-94-generic, amd64
2026-06-20 11:42:08,457 INFO mlpabc9a7f3,fraud_detection_job,2102,**APPID Executor: Java version 1.8.0_492
2026-06-20 11:42:08,657 INFO mlpabc9a7f3,fraud_detection_job,2102,**APPID Utils: Successfully started service 'org.apache.spark.network.netty.NettyBlockTransferService' on port 45525.
2026-06-20 11:42:08,657 INFO mlpabc9a7f3,fraud_detection_job,2102,**APPID NettyBlockTransferService: Server created on 10.244.0.83:45525
2026-06-20 11:42:08,659 INFO mlpabc9a7f3,fraud_detection_job,2102,**APPID BlockManager: Using org.apache.spark.storage.RandomBlockReplicationPolicy for block replication policy
2026-06-20 11:42:08,726 INFO mlpabc9a7f3,fraud_detection_job,2102,**APPID BlockManagerMaster: Registering BlockManager BlockManagerId(1, 10.244.0.83, 45525, None)
2026-06-20 11:42:08,743 INFO mlpabc9a7f3,fraud_detection_job,2102,**APPID BlockManagerMaster: Registered BlockManager BlockManagerId(1, 10.244.0.83, 45525, None)
2026-06-20 11:42:08,744 INFO mlpabc9a7f3,fraud_detection_job,2102,**APPID BlockManager: Initialized BlockManager: BlockManagerId(1, 10.244.0.83, 45525, None)
2026-06-20 11:42:08,753 INFO mlpabc9a7f3,fraud_detection_job,2102,**APPID Executor: Starting executor with user classpath (userClassPathFirst = false): ''
2026-06-20 11:42:08,754 INFO mlpabc9a7f3,fraud_detection_job,2102,**APPID Executor: Created or updated repl class loader org.apache.spark.util.MutableURLClassLoader@50b8e2f1 for default.
2026-06-20 11:42:11,340 INFO mlpabc9a7f3,fraud_detection_job,2102,**APPID CoarseGrainedExecutorBackend: Driver commanded a shutdown
2026-06-20 11:42:11,344 INFO mlpabc9a7f3,fraud_detection_job,2102,**APPID PrometheusSink: metricsNamespace=None, sparkAppName=Some(meb10000-3c797859-76d8-48fd-b4d1-1b5525ee708d), sparkAppId=Some(spark-8994feafd91448b280bea283e04d2643), executorId=Some(1)
2026-06-20 11:42:11,345 INFO mlpabc9a7f3,fraud_detection_job,2102,**APPID PrometheusSink: role=executor, job=spark-8994feafd91448b280bea283e04d2643
2026-06-20 11:42:11,608 INFO mlpabc9a7f3,fraud_detection_job,2102,**APPID MemoryStore: MemoryStore cleared
2026-06-20 11:42:11,608 INFO mlpabc9a7f3,fraud_detection_job,2102,**APPID BlockManager: BlockManager stopped
2026-06-20 11:42:11,610 INFO mlpabc9a7f3,fraud_detection_job,2102,**APPID PrometheusSink: metricsNamespace=None, sparkAppName=Some(meb10000-3c797859-76d8-48fd-b4d1-1b5525ee708d), sparkAppId=Some(spark-8994feafd91448b280bea283e04d2643), executorId=Some(1)
2026-06-20 11:42:11,610 INFO mlpabc9a7f3,fraud_detection_job,2102,**APPID PrometheusSink: role=executor, job=spark-8994feafd91448b280bea283e04d2643
2026-06-20 11:42:11,893 INFO mlpabc9a7f3,fraud_detection_job,2102,**APPID ShutdownHookManager: Shutdown hook called
