Job failed with exit code: 1, Reason: Error

--- Container logs ---
/usr/local/bin/python-exec.sh: line 46: /srv/hops/hadoop/bin/hadoop: No such file or directory
Picked up _JAVA_OPTIONS:  -Duser.home=/srv/hops/anaconda
Importing keystore /srv/hops/certificates/mlpab7e0c5b__meb10000__kstore.jks to /srv/hops/fuse/pems/mlpab7e0c5b__meb10000__keystore.p12...
Entry for alias mlpab7e0c5b__meb10000 successfully imported.
Import command completed:  1 entries successfully imported, 0 entries failed or cancelled
Picked up _JAVA_OPTIONS:  -Duser.home=/srv/hops/anaconda
Importing keystore /srv/hops/certificates/mlpab7e0c5b__meb10000__tstore.jks to /srv/hops/fuse/pems/mlpab7e0c5b__meb10000__tstore.p12...
Entry for alias hops_root_ca successfully imported.
Import command completed:  1 entries successfully imported, 0 entries failed or cancelled
MAC: sha1, Iteration 100000
MAC length: 20, salt length: 20
PKCS7 Data
Shrouded Keybag: pbeWithSHA1And3-KeyTripleDES-CBC, Iteration 50000
PKCS7 Encrypted data: pbeWithSHA1And40BitRC2-CBC, Iteration 50000
Certificate bag
Certificate bag
2026-06-19 02:29:24,746 INFO: Python Engine initialized.
Traceback (most recent call last):
  File "/hopsfs/Resources/compute_recommendations_hopsworks.py", line 18, in <module>

Logged in to project, explore it here https://hopsworks.ai.local/p/2306
    dataset_api.download("Resources/interactions.csv")
  File "/srv/hops/anaconda/envs/hopsworks_environment/lib/python3.12/site-packages/hopsworks_common/core/dataset_api.py", line 135, in download
    raise OSError(
OSError: /hopsfs/Resources/interactions.csv already exists, set overwrite=True to overwrite it
2026-06-19 02:29:25,052 INFO: Connection closed.
2026-06-19 02:29:28,401 INFO: Python Engine initialized.

Logged in to project, explore it here https://hopsworks.ai.local/p/2306
Uploading /logs/stderr.log: 0.000%|          | 0/540 elapsed<00:00 remaining<?Uploading /logs/stderr.log: 100.000%|██████████| 540/540 elapsed<00:00 remaining<00:00Uploading /logs/stderr.log: 100.000%|██████████| 540/540 elapsed<00:00 remaining<00:00
Uploading /logs/stdout.log: 0.000%|          | 0/73 elapsed<00:00 remaining<?Uploading /logs/stdout.log: 100.000%|██████████| 73/73 elapsed<00:00 remaining<00:00Uploading /logs/stdout.log: 100.000%|██████████| 73/73 elapsed<00:00 remaining<00:00
2026-06-19 02:29:30,696 INFO: Connection closed.
