

==================================
Logs for EXECUTOR on node wolffbe.Executor Id: 1
============================================================================================== 


==================================
Logs for DRIVER on node wolffbe.
============================================================================================== 

Logged in to project, explore it here https://hopsworks.ai.local/p/3192
Reading data from Resources...
Downloading: 0.000%|          | 0/2048800 elapsed<00:00 remaining<?Downloading: 100.000%|██████████| 2048800/2048800 elapsed<00:00 remaining<00:00
Downloading: 0.000%|          | 0/440115 elapsed<00:00 remaining<?Downloading: 100.000%|██████████| 440115/440115 elapsed<00:00 remaining<00:00
Transactions: 24026 rows
Score transactions: 5274 rows

Engineering features...
Engineering training features...
Total features: 38

Creating feature group cctxnee3558...
Feature group cctxnee3558 v1 ready
Inserting training data into feature group...
2026-06-20 11:54:01,541 WARNING: UserWarning: Can not find any timezone configuration, defaulting to UTC.

2026-06-20 11:54:16,997 INFO mlpabc9a7f3,fraud_detection_job,2102,**APPID Version: Elasticsearch Hadoop v9.0.0 [8ff51cfdb4]
2026-06-20 11:55:07,726 INFO mlpabc9a7f3,fraud_detection_job,2102,**APPID HopsfsLogStorage: path URI: hopsfs://rpc.namenode.service.consul:8020/apps/hive/warehouse/mlpabc9a7f3_featurestore.db/cctxnee3558_1/_delta_log/00000000000000000001.json
2026-06-20 11:55:07,726 INFO mlpabc9a7f3,fraud_detection_job,2102,**APPID HopsfsLogStorage: pathCopy1 URI: hopsfs://rpc.namenode.service.consul:8020/apps/hive/warehouse/mlpabc9a7f3_featurestore.db/cctxnee3558_1/_delta_log/00000000000000000001.json
2026-06-20 11:55:07,733 INFO mlpabc9a7f3,fraud_detection_job,2102,**APPID HopsfsLogStorage: path URI after tempPath: hopsfs://rpc.namenode.service.consul:8020/apps/hive/warehouse/mlpabc9a7f3_featurestore.db/cctxnee3558_1/_delta_log/00000000000000000001.json
2026-06-20 11:55:07,733 INFO mlpabc9a7f3,fraud_detection_job,2102,**APPID HopsfsLogStorage: pathCopy2 URI: hopsfs://rpc.namenode.service.consul:8020/apps/hive/warehouse/mlpabc9a7f3_featurestore.db/cctxnee3558_1/_delta_log/00000000000000000001.json
2026-06-20 11:55:07,856 INFO mlpabc9a7f3,fraud_detection_job,2102,**APPID HopsfsLogStorage: path URI after rename: hopsfs://rpc.namenode.service.consul:8020/apps/hive/warehouse/mlpabc9a7f3_featurestore.db/cctxnee3558_1/_delta_log/00000000000000000001.json
2026-06-20 11:55:07,856 INFO mlpabc9a7f3,fraud_detection_job,2102,**APPID HopsfsLogStorage: pathCopy2 URI after rename: hopsfs://rpc.namenode.service.consul:8020/apps/hive/warehouse/mlpabc9a7f3_featurestore.db/cctxnee3558_1/_delta_log/00000000000000000001.json
2026-06-20 11:55:15,610 INFO mlpabc9a7f3,fraud_detection_job,2102,**APPID SessionState: Hive Session ID = e40dd7dc-a99a-42d8-bdf8-36249ad5366a
Training data inserted into feature group

Creating training dataset cctdee3558...
2026-06-20 11:55:29,876 WARNING: VersionWarning: No version provided for getting training dataset `cctdee3558`, defaulting to `1`.

Training dataset cctdee3558 already exists

Fetching training data...
Traceback (most recent call last):
  File "/srv/hops/artifacts/fraud_pipeline.py", line 196, in <module>
    train_df = dataset.to_pandas()
               ^^^^^^^^^^^^^^^^^
AttributeError: 'NoneType' object has no attribute 'to_pandas'
2026-06-20 11:55:29,909 INFO: Connection closed.
2026-06-20 11:55:29,909 INFO: Closing down clientserver connection


==================================
Logs for EXECUTOR on node wolffbe.Executor Id: 2
============================================================================================== 
