Job failed with exit code: 1, Reason: Error

--- Container logs ---
/usr/local/bin/python-exec.sh: line 46: /srv/hops/hadoop/bin/hadoop: No such file or directory
Picked up _JAVA_OPTIONS:  -Duser.home=/srv/hops/anaconda
Importing keystore /srv/hops/certificates/mlpab33d57f__meb10000__kstore.jks to /srv/hops/fuse/pems/mlpab33d57f__meb10000__keystore.p12...
Entry for alias mlpab33d57f__meb10000 successfully imported.
Import command completed:  1 entries successfully imported, 0 entries failed or cancelled
Picked up _JAVA_OPTIONS:  -Duser.home=/srv/hops/anaconda
Importing keystore /srv/hops/certificates/mlpab33d57f__meb10000__tstore.jks to /srv/hops/fuse/pems/mlpab33d57f__meb10000__tstore.p12...
Entry for alias hops_root_ca successfully imported.
Import command completed:  1 entries successfully imported, 0 entries failed or cancelled
MAC: sha1, Iteration 100000
MAC length: 20, salt length: 20
PKCS7 Data
Shrouded Keybag: pbeWithSHA1And3-KeyTripleDES-CBC, Iteration 50000
PKCS7 Encrypted data: pbeWithSHA1And40BitRC2-CBC, Iteration 50000
Certificate bag
Certificate bag
2026-06-19 16:42:22,926 INFO: Python Engine initialized.

Logged in to project, explore it here https://hopsworks.ai.local/p/2422
Downloading: 0.000%|          | 0/438178 elapsed<00:00 remaining<?Downloading: 100.000%|██████████| 438178/438178 elapsed<00:00 remaining<00:00
Traceback (most recent call last):
  File "/hopsfs/Resources/jobs/batch_inference/batch_inference.py", line 80, in <module>
    main()
  File "/hopsfs/Resources/jobs/batch_inference/batch_inference.py", line 59, in main
    score_data = score_data.groupby('cc_num').apply(calculate_geo_distance).reset_index(drop=True)
                 ^^^^^^^^^^^^^^^^^^^^^^^^^^^^^^^^^^^^^^^^^^^^^^^^^^^^^^^^^^
  File "/srv/hops/anaconda/envs/hopsworks_environment/lib/python3.12/site-packages/pandas/core/groupby/groupby.py", line 1826, in apply
    result = self._python_apply_general(f, self._selected_obj)
             ^^^^^^^^^^^^^^^^^^^^^^^^^^^^^^^^^^^^^^^^^^^^^^^^^
  File "/srv/hops/anaconda/envs/hopsworks_environment/lib/python3.12/site-packages/pandas/core/groupby/groupby.py", line 1887, in _python_apply_general
    values, mutated = self._grouper.apply_groupwise(f, data, self.axis)
                      ^^^^^^^^^^^^^^^^^^^^^^^^^^^^^^^^^^^^^^^^^^^^^^^^^
  File "/srv/hops/anaconda/envs/hopsworks_environment/lib/python3.12/site-packages/pandas/core/groupby/ops.py", line 928, in apply_groupwise
    res = f(group)
          ^^^^^^^^
  File "/hopsfs/Resources/jobs/batch_inference/batch_inference.py", line 52, in calculate_geo_distance
    group['geo_distance'] = group.apply(
                            ^^^^^^^^^^^^
  File "/srv/hops/anaconda/envs/hopsworks_environment/lib/python3.12/site-packages/pandas/core/frame.py", line 10401, in apply
    return op.apply().__finalize__(self, method="apply")
           ^^^^^^^^^^
  File "/srv/hops/anaconda/envs/hopsworks_environment/lib/python3.12/site-packages/pandas/core/apply.py", line 916, in apply
    return self.apply_standard()
           ^^^^^^^^^^^^^^^^^^^^^
  File "/srv/hops/anaconda/envs/hopsworks_environment/lib/python3.12/site-packages/pandas/core/apply.py", line 1063, in apply_standard
    results, res_index = self.apply_series_generator()
                         ^^^^^^^^^^^^^^^^^^^^^^^^^^^^^
  File "/srv/hops/anaconda/envs/hopsworks_environment/lib/python3.12/site-packages/pandas/core/apply.py", line 1081, in apply_series_generator
    results[i] = self.func(v, *self.args, **self.kwargs)
                 ^^^^^^^^^^^^^^^^^^^^^^^^^^^^^^^^^^^^^^^
  File "/hopsfs/Resources/jobs/batch_inference/batch_inference.py", line 53, in <lambda>
    lambda row: np.sqrt((row['lat'] - prev_lat[row.name])**2 + (row['long'] - prev_long[row.name])**2)
                ^^
NameError: name 'np' is not defined
2026-06-19 16:42:23,886 INFO: Connection closed.
2026-06-19 16:42:27,250 INFO: Python Engine initialized.

Logged in to project, explore it here https://hopsworks.ai.local/p/2422
Uploading /logs/stderr.log: 0.000%|          | 0/2735 elapsed<00:00 remaining<?Uploading /logs/stderr.log: 100.000%|██████████| 2735/2735 elapsed<00:00 remaining<00:00Uploading /logs/stderr.log: 100.000%|██████████| 2735/2735 elapsed<00:00 remaining<00:00
Uploading /logs/stdout.log: 0.000%|          | 0/73 elapsed<00:00 remaining<?Uploading /logs/stdout.log: 100.000%|██████████| 73/73 elapsed<00:05 remaining<00:00Uploading /logs/stdout.log: 100.000%|██████████| 73/73 elapsed<00:05 remaining<00:00
2026-06-19 16:42:34,079 INFO: Connection closed.
