

==================================
Logs for EXECUTOR on node wolffbe.Executor Id: 1
============================================================================================== 
Picked up _JAVA_OPTIONS:  -Duser.home=/srv/hops/anaconda
2026-06-19 17:48:45,485 INFO mlpab7368e9,compute_features_job,1305,**APPID KubernetesExecutorBackend: Started daemon with process name: 7@00-ea46ec4e-bf87-4672-9420-7afeacd22708-3413869ee0ffbdf9-exec-1
2026-06-19 17:48:45,493 INFO mlpab7368e9,compute_features_job,1305,**APPID SignalUtils: Registering signal handler for TERM
2026-06-19 17:48:45,494 INFO mlpab7368e9,compute_features_job,1305,**APPID SignalUtils: Registering signal handler for HUP
2026-06-19 17:48:45,494 INFO mlpab7368e9,compute_features_job,1305,**APPID SignalUtils: Registering signal handler for INT
2026-06-19 17:48:46,387 INFO mlpab7368e9,compute_features_job,1305,**APPID SecurityManager: Changing view acls to: yarnapp,mlpab7368e9__meb10000
2026-06-19 17:48:46,387 INFO mlpab7368e9,compute_features_job,1305,**APPID SecurityManager: Changing modify acls to: yarnapp,mlpab7368e9__meb10000
2026-06-19 17:48:46,388 INFO mlpab7368e9,compute_features_job,1305,**APPID SecurityManager: Changing view acls groups to: 
2026-06-19 17:48:46,388 INFO mlpab7368e9,compute_features_job,1305,**APPID SecurityManager: Changing modify acls groups to: 
2026-06-19 17:48:46,388 INFO mlpab7368e9,compute_features_job,1305,**APPID SecurityManager: SecurityManager: authentication disabled; ui acls disabled; users with view permissions: yarnapp, mlpab7368e9__meb10000; groups with view permissions: EMPTY; users with modify permissions: yarnapp, mlpab7368e9__meb10000; groups with modify permissions: EMPTY
2026-06-19 17:48:46,802 INFO mlpab7368e9,compute_features_job,1305,**APPID TransportClientFactory: Successfully created connection to spark-3b3fcb9ee0ff7c12-driver-svc.mlpab7368e9.svc/10.244.0.222:7078 after 109 ms (0 ms spent in bootstraps)
2026-06-19 17:48:46,989 INFO mlpab7368e9,compute_features_job,1305,**APPID SecurityManager: Changing view acls to: yarnapp,mlpab7368e9__meb10000
2026-06-19 17:48:46,990 INFO mlpab7368e9,compute_features_job,1305,**APPID SecurityManager: Changing modify acls to: yarnapp,mlpab7368e9__meb10000
2026-06-19 17:48:46,990 INFO mlpab7368e9,compute_features_job,1305,**APPID SecurityManager: Changing view acls groups to: 
2026-06-19 17:48:46,990 INFO mlpab7368e9,compute_features_job,1305,**APPID SecurityManager: Changing modify acls groups to: 
2026-06-19 17:48:46,990 INFO mlpab7368e9,compute_features_job,1305,**APPID SecurityManager: SecurityManager: authentication disabled; ui acls disabled; users with view permissions: yarnapp, mlpab7368e9__meb10000; groups with view permissions: EMPTY; users with modify permissions: yarnapp, mlpab7368e9__meb10000; groups with modify permissions: EMPTY
2026-06-19 17:48:47,070 INFO mlpab7368e9,compute_features_job,1305,**APPID TransportClientFactory: Successfully created connection to spark-3b3fcb9ee0ff7c12-driver-svc.mlpab7368e9.svc/10.244.0.222:7078 after 1 ms (0 ms spent in bootstraps)
2026-06-19 17:48:47,082 INFO mlpab7368e9,compute_features_job,1305,**APPID RssShuffleManagerBase: Uniffle org.apache.spark.shuffle.RssShuffleManager version: 0.10.1-SNAPSHOT-fad026b0
2026-06-19 17:48:47,107 INFO mlpab7368e9,compute_features_job,1305,**APPID RssShuffleManagerBase: Check quorum config [1:1:1:true]
2026-06-19 17:48:47,107 INFO mlpab7368e9,compute_features_job,1305,**APPID RssShuffleManagerBase: Disable external shuffle service in RssShuffleManager.
2026-06-19 17:48:47,107 INFO mlpab7368e9,compute_features_job,1305,**APPID RssShuffleManagerBase: Disable local shuffle reader in RssShuffleManager.
2026-06-19 17:48:47,107 INFO mlpab7368e9,compute_features_job,1305,**APPID RssShuffleManagerBase: Disable shuffle data locality in RssShuffleManager.
2026-06-19 17:48:47,153 INFO mlpab7368e9,compute_features_job,1305,**APPID RssShuffleManagerBase: Start Registering coordinators rss-coordinator-rss-hops-0-headless.hopsworks.svc.cluster.local:19997,rss-coordinator-rss-hops-1-headless.hopsworks.svc.cluster.local:19997
2026-06-19 17:48:47,154 INFO mlpab7368e9,compute_features_job,1305,**APPID CoordinatorClientFactory: Start to create coordinator clients from rss-coordinator-rss-hops-0-headless.hopsworks.svc.cluster.local:19997,rss-coordinator-rss-hops-1-headless.hopsworks.svc.cluster.local:19997
2026-06-19 17:48:47,554 INFO mlpab7368e9,compute_features_job,1305,**APPID CoordinatorGrpcClient: Created CoordinatorGrpcClient, host:rss-coordinator-rss-hops-0-headless.hopsworks.svc.cluster.local, port:19997, maxRetryAttempts:3, usePlaintext:true
2026-06-19 17:48:47,554 INFO mlpab7368e9,compute_features_job,1305,**APPID CoordinatorClientFactory: Add coordinator client Coordinator grpc client ref to rss-coordinator-rss-hops-0-headless.hopsworks.svc.cluster.local:19997
2026-06-19 17:48:47,555 INFO mlpab7368e9,compute_features_job,1305,**APPID CoordinatorGrpcClient: Created CoordinatorGrpcClient, host:rss-coordinator-rss-hops-1-headless.hopsworks.svc.cluster.local, port:19997, maxRetryAttempts:3, usePlaintext:true
2026-06-19 17:48:47,555 INFO mlpab7368e9,compute_features_job,1305,**APPID CoordinatorClientFactory: Add coordinator client Coordinator grpc client ref to rss-coordinator-rss-hops-1-headless.hopsworks.svc.cluster.local:19997
2026-06-19 17:48:47,557 INFO mlpab7368e9,compute_features_job,1305,**APPID CoordinatorClientFactory: Finish create coordinator clients Coordinator grpc client ref to rss-coordinator-rss-hops-0-headless.hopsworks.svc.cluster.local:19997, Coordinator grpc client ref to rss-coordinator-rss-hops-1-headless.hopsworks.svc.cluster.local:19997
2026-06-19 17:48:47,557 INFO mlpab7368e9,compute_features_job,1305,**APPID RssShuffleManagerBase: Rss data pusher is starting...
2026-06-19 17:48:47,701 INFO mlpab7368e9,compute_features_job,1305,**APPID DiskBlockManager: Created local directory at /srv/hops/spark/work-dir/blockmgr-9a621934-8662-48ff-801a-ddbb8d5d396a
2026-06-19 17:48:47,762 INFO mlpab7368e9,compute_features_job,1305,**APPID MemoryStore: MemoryStore started with capacity 2.1 GiB
2026-06-19 17:48:47,949 INFO mlpab7368e9,compute_features_job,1305,**APPID PrometheusSink: Initializing Prometheus Sink...
2026-06-19 17:48:47,949 INFO mlpab7368e9,compute_features_job,1305,**APPID PrometheusSink: Metrics polling period -> 10 SECONDS
2026-06-19 17:48:47,949 INFO mlpab7368e9,compute_features_job,1305,**APPID PrometheusSink: Metrics timestamp enabled -> false
2026-06-19 17:48:47,949 INFO mlpab7368e9,compute_features_job,1305,**APPID PrometheusSink: pushgateway-address -> pushgateway.prometheus.service.consul:9091
2026-06-19 17:48:47,950 INFO mlpab7368e9,compute_features_job,1305,**APPID PrometheusSink: pushgateway-address-protocol -> http
2026-06-19 17:48:47,950 INFO mlpab7368e9,compute_features_job,1305,**APPID PrometheusSink: metrics-name-capture-regex -> 
2026-06-19 17:48:47,950 INFO mlpab7368e9,compute_features_job,1305,**APPID PrometheusSink: metrics-name-replacement -> 
2026-06-19 17:48:47,951 INFO mlpab7368e9,compute_features_job,1305,**APPID PrometheusSink: labels -> Map()
2026-06-19 17:48:47,951 INFO mlpab7368e9,compute_features_job,1305,**APPID PrometheusSink: jmx-collector-config -> /opt/spark/conf/jmx_collector.yaml
2026-06-19 17:48:48,072 INFO mlpab7368e9,compute_features_job,1305,**APPID CoarseGrainedExecutorBackend: Connecting to driver: spark://CoarseGrainedScheduler@spark-3b3fcb9ee0ff7c12-driver-svc.mlpab7368e9.svc:7078
2026-06-19 17:48:48,080 INFO mlpab7368e9,compute_features_job,1305,**APPID ResourceUtils: ==============================================================
2026-06-19 17:48:48,080 INFO mlpab7368e9,compute_features_job,1305,**APPID ResourceUtils: No custom resources configured for spark.executor.
2026-06-19 17:48:48,081 INFO mlpab7368e9,compute_features_job,1305,**APPID ResourceUtils: ==============================================================
2026-06-19 17:48:48,147 INFO mlpab7368e9,compute_features_job,1305,**APPID CoarseGrainedExecutorBackend: Successfully registered with driver
2026-06-19 17:48:48,151 INFO mlpab7368e9,compute_features_job,1305,**APPID Executor: Starting executor ID 1 on host 10.244.1.94
2026-06-19 17:48:48,151 INFO mlpab7368e9,compute_features_job,1305,**APPID Executor: OS info Linux, 6.8.0-94-generic, amd64
2026-06-19 17:48:48,152 INFO mlpab7368e9,compute_features_job,1305,**APPID Executor: Java version 1.8.0_492
2026-06-19 17:48:48,262 INFO mlpab7368e9,compute_features_job,1305,**APPID Utils: Successfully started service 'org.apache.spark.network.netty.NettyBlockTransferService' on port 33467.
2026-06-19 17:48:48,262 INFO mlpab7368e9,compute_features_job,1305,**APPID NettyBlockTransferService: Server created on 10.244.1.94:33467
2026-06-19 17:48:48,263 INFO mlpab7368e9,compute_features_job,1305,**APPID BlockManager: Using org.apache.spark.storage.RandomBlockReplicationPolicy for block replication policy
2026-06-19 17:48:48,269 INFO mlpab7368e9,compute_features_job,1305,**APPID BlockManagerMaster: Registering BlockManager BlockManagerId(1, 10.244.1.94, 33467, None)
2026-06-19 17:48:48,280 INFO mlpab7368e9,compute_features_job,1305,**APPID BlockManagerMaster: Registered BlockManager BlockManagerId(1, 10.244.1.94, 33467, None)
2026-06-19 17:48:48,281 INFO mlpab7368e9,compute_features_job,1305,**APPID BlockManager: Initialized BlockManager: BlockManagerId(1, 10.244.1.94, 33467, None)
2026-06-19 17:48:48,285 INFO mlpab7368e9,compute_features_job,1305,**APPID Executor: Starting executor with user classpath (userClassPathFirst = false): ''
2026-06-19 17:48:48,286 INFO mlpab7368e9,compute_features_job,1305,**APPID Executor: Created or updated repl class loader org.apache.spark.util.MutableURLClassLoader@7c5f6980 for default.
2026-06-19 17:48:57,978 INFO mlpab7368e9,compute_features_job,1305,**APPID PrometheusSink: metricsNamespace=None, sparkAppName=Some(meb10000-ea46ec4e-bf87-4672-9420-7afeacd22708), sparkAppId=Some(spark-15e96f92302a4224a99915f01d0e1244), executorId=Some(1)
2026-06-19 17:48:57,979 INFO mlpab7368e9,compute_features_job,1305,**APPID PrometheusSink: role=executor, job=spark-15e96f92302a4224a99915f01d0e1244
2026-06-19 17:49:04,728 INFO mlpab7368e9,compute_features_job,1305,**APPID CoarseGrainedExecutorBackend: Got assigned task 0
2026-06-19 17:49:04,736 INFO mlpab7368e9,compute_features_job,1305,**APPID Executor: Running task 0.0 in stage 0.0 (TID 0)
2026-06-19 17:49:04,853 INFO mlpab7368e9,compute_features_job,1305,**APPID TorrentBroadcast: Started reading broadcast variable 1 with 1 pieces (estimated total size 4.0 MiB)
2026-06-19 17:49:04,895 INFO mlpab7368e9,compute_features_job,1305,**APPID TransportClientFactory: Successfully created connection to spark-3b3fcb9ee0ff7c12-driver-svc.mlpab7368e9.svc/10.244.0.222:7079 after 2 ms (0 ms spent in bootstraps)
2026-06-19 17:49:04,953 INFO mlpab7368e9,compute_features_job,1305,**APPID MemoryStore: Block broadcast_1_piece0 stored as bytes in memory (estimated size 21.0 KiB, free 2.1 GiB)
2026-06-19 17:49:04,960 INFO mlpab7368e9,compute_features_job,1305,**APPID TorrentBroadcast: Reading broadcast variable 1 took 106 ms
2026-06-19 17:49:05,265 INFO mlpab7368e9,compute_features_job,1305,**APPID MemoryStore: Block broadcast_1 stored as values in memory (estimated size 55.3 KiB, free 2.1 GiB)
2026-06-19 17:49:06,588 INFO mlpab7368e9,compute_features_job,1305,**APPID CodeGenerator: Code generated in 614.215141 ms
2026-06-19 17:49:06,652 INFO mlpab7368e9,compute_features_job,1305,**APPID FileScanRDD: Reading File path: hopsfs://rpc.namenode.service.consul:8020/apps/hive/warehouse/mlpab7368e9_featurestore.db/transactions_raw_1/_delta_log/00000000000000000001.json, range: 0-1660, partition values: [1]
2026-06-19 17:49:06,870 INFO mlpab7368e9,compute_features_job,1305,**APPID CodeGenerator: Code generated in 91.920205 ms
2026-06-19 17:49:06,954 INFO mlpab7368e9,compute_features_job,1305,**APPID TorrentBroadcast: Started reading broadcast variable 0 with 1 pieces (estimated total size 4.0 MiB)
2026-06-19 17:49:06,963 INFO mlpab7368e9,compute_features_job,1305,**APPID MemoryStore: Block broadcast_0_piece0 stored as bytes in memory (estimated size 76.1 KiB, free 2.1 GiB)
2026-06-19 17:49:06,970 INFO mlpab7368e9,compute_features_job,1305,**APPID TorrentBroadcast: Reading broadcast variable 0 took 15 ms
2026-06-19 17:49:07,065 INFO mlpab7368e9,compute_features_job,1305,**APPID MemoryStore: Block broadcast_0 stored as values in memory (estimated size 748.1 KiB, free 2.1 GiB)
2026-06-19 17:49:08,168 INFO mlpab7368e9,compute_features_job,1305,**APPID PrometheusSink: metricsNamespace=None, sparkAppName=Some(meb10000-ea46ec4e-bf87-4672-9420-7afeacd22708), sparkAppId=Some(spark-15e96f92302a4224a99915f01d0e1244), executorId=Some(1)
2026-06-19 17:49:08,168 INFO mlpab7368e9,compute_features_job,1305,**APPID PrometheusSink: role=executor, job=spark-15e96f92302a4224a99915f01d0e1244
2026-06-19 17:49:09,688 INFO mlpab7368e9,compute_features_job,1305,**APPID Executor: Finished task 0.0 in stage 0.0 (TID 0). 1465 bytes result sent to driver
2026-06-19 17:49:09,700 INFO mlpab7368e9,compute_features_job,1305,**APPID CoarseGrainedExecutorBackend: Got assigned task 1
2026-06-19 17:49:09,700 INFO mlpab7368e9,compute_features_job,1305,**APPID Executor: Running task 1.0 in stage 0.0 (TID 1)
2026-06-19 17:49:09,753 INFO mlpab7368e9,compute_features_job,1305,**APPID FileScanRDD: Reading File path: hopsfs://rpc.namenode.service.consul:8020/apps/hive/warehouse/mlpab7368e9_featurestore.db/transactions_raw_1/_delta_log/00000000000000000000.json, range: 0-1054, partition values: [0]
2026-06-19 17:49:09,793 INFO mlpab7368e9,compute_features_job,1305,**APPID Executor: Finished task 1.0 in stage 0.0 (TID 1). 1760 bytes result sent to driver
2026-06-19 17:49:14,235 INFO mlpab7368e9,compute_features_job,1305,**APPID CoarseGrainedExecutorBackend: Got assigned task 3
2026-06-19 17:49:14,235 INFO mlpab7368e9,compute_features_job,1305,**APPID Executor: Running task 1.0 in stage 1.0 (TID 3)
2026-06-19 17:49:14,238 INFO mlpab7368e9,compute_features_job,1305,**APPID TorrentBroadcast: Started reading broadcast variable 3 with 1 pieces (estimated total size 4.0 MiB)
2026-06-19 17:49:14,245 INFO mlpab7368e9,compute_features_job,1305,**APPID MemoryStore: Block broadcast_3_piece0 stored as bytes in memory (estimated size 21.0 KiB, free 2.1 GiB)
2026-06-19 17:49:14,311 INFO mlpab7368e9,compute_features_job,1305,**APPID TorrentBroadcast: Reading broadcast variable 3 took 73 ms
2026-06-19 17:49:14,312 INFO mlpab7368e9,compute_features_job,1305,**APPID MemoryStore: Block broadcast_3 stored as values in memory (estimated size 55.3 KiB, free 2.1 GiB)
2026-06-19 17:49:14,316 INFO mlpab7368e9,compute_features_job,1305,**APPID FileScanRDD: Reading File path: hopsfs://rpc.namenode.service.consul:8020/apps/hive/warehouse/mlpab7368e9_featurestore.db/fx_rates_1/_delta_log/00000000000000000000.json, range: 0-820, partition values: [0]
2026-06-19 17:49:14,325 INFO mlpab7368e9,compute_features_job,1305,**APPID TorrentBroadcast: Started reading broadcast variable 2 with 1 pieces (estimated total size 4.0 MiB)
2026-06-19 17:49:14,333 INFO mlpab7368e9,compute_features_job,1305,**APPID MemoryStore: Block broadcast_2_piece0 stored as bytes in memory (estimated size 76.1 KiB, free 2.1 GiB)
2026-06-19 17:49:14,336 INFO mlpab7368e9,compute_features_job,1305,**APPID TorrentBroadcast: Reading broadcast variable 2 took 10 ms
2026-06-19 17:49:14,343 INFO mlpab7368e9,compute_features_job,1305,**APPID MemoryStore: Block broadcast_2 stored as values in memory (estimated size 748.1 KiB, free 2.1 GiB)
2026-06-19 17:49:14,573 INFO mlpab7368e9,compute_features_job,1305,**APPID Executor: Finished task 1.0 in stage 1.0 (TID 3). 1722 bytes result sent to driver
2026-06-19 17:49:18,319 INFO mlpab7368e9,compute_features_job,1305,**APPID PrometheusSink: metricsNamespace=None, sparkAppName=Some(meb10000-ea46ec4e-bf87-4672-9420-7afeacd22708), sparkAppId=Some(spark-15e96f92302a4224a99915f01d0e1244), executorId=Some(1)
2026-06-19 17:49:18,320 INFO mlpab7368e9,compute_features_job,1305,**APPID PrometheusSink: role=executor, job=spark-15e96f92302a4224a99915f01d0e1244
2026-06-19 17:49:20,919 INFO mlpab7368e9,compute_features_job,1305,**APPID CoarseGrainedExecutorBackend: Driver commanded a shutdown
2026-06-19 17:49:20,920 INFO mlpab7368e9,compute_features_job,1305,**APPID PrometheusSink: metricsNamespace=None, sparkAppName=Some(meb10000-ea46ec4e-bf87-4672-9420-7afeacd22708), sparkAppId=Some(spark-15e96f92302a4224a99915f01d0e1244), executorId=Some(1)
2026-06-19 17:49:20,920 INFO mlpab7368e9,compute_features_job,1305,**APPID PrometheusSink: role=executor, job=spark-15e96f92302a4224a99915f01d0e1244
2026-06-19 17:49:21,115 INFO mlpab7368e9,compute_features_job,1305,**APPID MemoryStore: MemoryStore cleared
2026-06-19 17:49:21,116 INFO mlpab7368e9,compute_features_job,1305,**APPID BlockManager: BlockManager stopped
2026-06-19 17:49:21,116 INFO mlpab7368e9,compute_features_job,1305,**APPID PrometheusSink: metricsNamespace=None, sparkAppName=Some(meb10000-ea46ec4e-bf87-4672-9420-7afeacd22708), sparkAppId=Some(spark-15e96f92302a4224a99915f01d0e1244), executorId=Some(1)
2026-06-19 17:49:21,116 INFO mlpab7368e9,compute_features_job,1305,**APPID PrometheusSink: role=executor, job=spark-15e96f92302a4224a99915f01d0e1244
2026-06-19 17:49:21,710 INFO mlpab7368e9,compute_features_job,1305,**APPID ShutdownHookManager: Shutdown hook called


==================================
Logs for EXECUTOR on node wolffbe.Executor Id: 2
============================================================================================== 
Picked up _JAVA_OPTIONS:  -Duser.home=/srv/hops/anaconda
2026-06-19 17:49:10,268 INFO mlpab7368e9,compute_features_job,1305,**APPID KubernetesExecutorBackend: Started daemon with process name: 7@00-ea46ec4e-bf87-4672-9420-7afeacd22708-3413869ee0ffbdf9-exec-2
2026-06-19 17:49:10,276 INFO mlpab7368e9,compute_features_job,1305,**APPID SignalUtils: Registering signal handler for TERM
2026-06-19 17:49:10,277 INFO mlpab7368e9,compute_features_job,1305,**APPID SignalUtils: Registering signal handler for HUP
2026-06-19 17:49:10,277 INFO mlpab7368e9,compute_features_job,1305,**APPID SignalUtils: Registering signal handler for INT
2026-06-19 17:49:11,187 INFO mlpab7368e9,compute_features_job,1305,**APPID SecurityManager: Changing view acls to: yarnapp,mlpab7368e9__meb10000
2026-06-19 17:49:11,187 INFO mlpab7368e9,compute_features_job,1305,**APPID SecurityManager: Changing modify acls to: yarnapp,mlpab7368e9__meb10000
2026-06-19 17:49:11,187 INFO mlpab7368e9,compute_features_job,1305,**APPID SecurityManager: Changing view acls groups to: 
2026-06-19 17:49:11,188 INFO mlpab7368e9,compute_features_job,1305,**APPID SecurityManager: Changing modify acls groups to: 
2026-06-19 17:49:11,188 INFO mlpab7368e9,compute_features_job,1305,**APPID SecurityManager: SecurityManager: authentication disabled; ui acls disabled; users with view permissions: yarnapp, mlpab7368e9__meb10000; groups with view permissions: EMPTY; users with modify permissions: yarnapp, mlpab7368e9__meb10000; groups with modify permissions: EMPTY
2026-06-19 17:49:11,659 INFO mlpab7368e9,compute_features_job,1305,**APPID TransportClientFactory: Successfully created connection to spark-3b3fcb9ee0ff7c12-driver-svc.mlpab7368e9.svc/10.244.0.222:7078 after 98 ms (0 ms spent in bootstraps)
2026-06-19 17:49:11,766 INFO mlpab7368e9,compute_features_job,1305,**APPID SecurityManager: Changing view acls to: yarnapp,mlpab7368e9__meb10000
2026-06-19 17:49:11,766 INFO mlpab7368e9,compute_features_job,1305,**APPID SecurityManager: Changing modify acls to: yarnapp,mlpab7368e9__meb10000
2026-06-19 17:49:11,766 INFO mlpab7368e9,compute_features_job,1305,**APPID SecurityManager: Changing view acls groups to: 
2026-06-19 17:49:11,766 INFO mlpab7368e9,compute_features_job,1305,**APPID SecurityManager: Changing modify acls groups to: 
2026-06-19 17:49:11,766 INFO mlpab7368e9,compute_features_job,1305,**APPID SecurityManager: SecurityManager: authentication disabled; ui acls disabled; users with view permissions: yarnapp, mlpab7368e9__meb10000; groups with view permissions: EMPTY; users with modify permissions: yarnapp, mlpab7368e9__meb10000; groups with modify permissions: EMPTY
2026-06-19 17:49:11,858 INFO mlpab7368e9,compute_features_job,1305,**APPID TransportClientFactory: Successfully created connection to spark-3b3fcb9ee0ff7c12-driver-svc.mlpab7368e9.svc/10.244.0.222:7078 after 2 ms (0 ms spent in bootstraps)
2026-06-19 17:49:11,924 INFO mlpab7368e9,compute_features_job,1305,**APPID RssShuffleManagerBase: Uniffle org.apache.spark.shuffle.RssShuffleManager version: 0.10.1-SNAPSHOT-fad026b0
2026-06-19 17:49:11,951 INFO mlpab7368e9,compute_features_job,1305,**APPID RssShuffleManagerBase: Check quorum config [1:1:1:true]
2026-06-19 17:49:11,951 INFO mlpab7368e9,compute_features_job,1305,**APPID RssShuffleManagerBase: Disable external shuffle service in RssShuffleManager.
2026-06-19 17:49:11,951 INFO mlpab7368e9,compute_features_job,1305,**APPID RssShuffleManagerBase: Disable local shuffle reader in RssShuffleManager.
2026-06-19 17:49:11,951 INFO mlpab7368e9,compute_features_job,1305,**APPID RssShuffleManagerBase: Disable shuffle data locality in RssShuffleManager.
2026-06-19 17:49:11,960 INFO mlpab7368e9,compute_features_job,1305,**APPID RssShuffleManagerBase: Start Registering coordinators rss-coordinator-rss-hops-0-headless.hopsworks.svc.cluster.local:19997,rss-coordinator-rss-hops-1-headless.hopsworks.svc.cluster.local:19997
2026-06-19 17:49:11,960 INFO mlpab7368e9,compute_features_job,1305,**APPID CoordinatorClientFactory: Start to create coordinator clients from rss-coordinator-rss-hops-0-headless.hopsworks.svc.cluster.local:19997,rss-coordinator-rss-hops-1-headless.hopsworks.svc.cluster.local:19997
2026-06-19 17:49:12,373 INFO mlpab7368e9,compute_features_job,1305,**APPID CoordinatorGrpcClient: Created CoordinatorGrpcClient, host:rss-coordinator-rss-hops-0-headless.hopsworks.svc.cluster.local, port:19997, maxRetryAttempts:3, usePlaintext:true
2026-06-19 17:49:12,373 INFO mlpab7368e9,compute_features_job,1305,**APPID CoordinatorClientFactory: Add coordinator client Coordinator grpc client ref to rss-coordinator-rss-hops-0-headless.hopsworks.svc.cluster.local:19997
2026-06-19 17:49:12,374 INFO mlpab7368e9,compute_features_job,1305,**APPID CoordinatorGrpcClient: Created CoordinatorGrpcClient, host:rss-coordinator-rss-hops-1-headless.hopsworks.svc.cluster.local, port:19997, maxRetryAttempts:3, usePlaintext:true
2026-06-19 17:49:12,374 INFO mlpab7368e9,compute_features_job,1305,**APPID CoordinatorClientFactory: Add coordinator client Coordinator grpc client ref to rss-coordinator-rss-hops-1-headless.hopsworks.svc.cluster.local:19997
2026-06-19 17:49:12,375 INFO mlpab7368e9,compute_features_job,1305,**APPID CoordinatorClientFactory: Finish create coordinator clients Coordinator grpc client ref to rss-coordinator-rss-hops-0-headless.hopsworks.svc.cluster.local:19997, Coordinator grpc client ref to rss-coordinator-rss-hops-1-headless.hopsworks.svc.cluster.local:19997
2026-06-19 17:49:12,376 INFO mlpab7368e9,compute_features_job,1305,**APPID RssShuffleManagerBase: Rss data pusher is starting...
2026-06-19 17:49:12,579 INFO mlpab7368e9,compute_features_job,1305,**APPID DiskBlockManager: Created local directory at /srv/hops/spark/work-dir/blockmgr-df6ce9d3-adb2-4e37-a75d-28d1c0e8cb53
2026-06-19 17:49:12,609 INFO mlpab7368e9,compute_features_job,1305,**APPID MemoryStore: MemoryStore started with capacity 2.1 GiB
2026-06-19 17:49:12,773 INFO mlpab7368e9,compute_features_job,1305,**APPID PrometheusSink: Initializing Prometheus Sink...
2026-06-19 17:49:12,773 INFO mlpab7368e9,compute_features_job,1305,**APPID PrometheusSink: Metrics polling period -> 10 SECONDS
2026-06-19 17:49:12,774 INFO mlpab7368e9,compute_features_job,1305,**APPID PrometheusSink: Metrics timestamp enabled -> false
2026-06-19 17:49:12,774 INFO mlpab7368e9,compute_features_job,1305,**APPID PrometheusSink: pushgateway-address -> pushgateway.prometheus.service.consul:9091
2026-06-19 17:49:12,774 INFO mlpab7368e9,compute_features_job,1305,**APPID PrometheusSink: pushgateway-address-protocol -> http
2026-06-19 17:49:12,775 INFO mlpab7368e9,compute_features_job,1305,**APPID PrometheusSink: metrics-name-capture-regex -> 
2026-06-19 17:49:12,775 INFO mlpab7368e9,compute_features_job,1305,**APPID PrometheusSink: metrics-name-replacement -> 
2026-06-19 17:49:12,775 INFO mlpab7368e9,compute_features_job,1305,**APPID PrometheusSink: labels -> Map()
2026-06-19 17:49:12,776 INFO mlpab7368e9,compute_features_job,1305,**APPID PrometheusSink: jmx-collector-config -> /opt/spark/conf/jmx_collector.yaml
2026-06-19 17:49:12,967 INFO mlpab7368e9,compute_features_job,1305,**APPID CoarseGrainedExecutorBackend: Connecting to driver: spark://CoarseGrainedScheduler@spark-3b3fcb9ee0ff7c12-driver-svc.mlpab7368e9.svc:7078
2026-06-19 17:49:12,975 INFO mlpab7368e9,compute_features_job,1305,**APPID ResourceUtils: ==============================================================
2026-06-19 17:49:12,975 INFO mlpab7368e9,compute_features_job,1305,**APPID ResourceUtils: No custom resources configured for spark.executor.
2026-06-19 17:49:12,975 INFO mlpab7368e9,compute_features_job,1305,**APPID ResourceUtils: ==============================================================
2026-06-19 17:49:13,045 INFO mlpab7368e9,compute_features_job,1305,**APPID CoarseGrainedExecutorBackend: Successfully registered with driver
2026-06-19 17:49:13,050 INFO mlpab7368e9,compute_features_job,1305,**APPID Executor: Starting executor ID 2 on host 10.244.2.75
2026-06-19 17:49:13,050 INFO mlpab7368e9,compute_features_job,1305,**APPID Executor: OS info Linux, 6.8.0-94-generic, amd64
2026-06-19 17:49:13,050 INFO mlpab7368e9,compute_features_job,1305,**APPID Executor: Java version 1.8.0_492
2026-06-19 17:49:13,164 INFO mlpab7368e9,compute_features_job,1305,**APPID Utils: Successfully started service 'org.apache.spark.network.netty.NettyBlockTransferService' on port 42713.
2026-06-19 17:49:13,164 INFO mlpab7368e9,compute_features_job,1305,**APPID NettyBlockTransferService: Server created on 10.244.2.75:42713
2026-06-19 17:49:13,165 INFO mlpab7368e9,compute_features_job,1305,**APPID BlockManager: Using org.apache.spark.storage.RandomBlockReplicationPolicy for block replication policy
2026-06-19 17:49:13,172 INFO mlpab7368e9,compute_features_job,1305,**APPID BlockManagerMaster: Registering BlockManager BlockManagerId(2, 10.244.2.75, 42713, None)
2026-06-19 17:49:13,184 INFO mlpab7368e9,compute_features_job,1305,**APPID BlockManagerMaster: Registered BlockManager BlockManagerId(2, 10.244.2.75, 42713, None)
2026-06-19 17:49:13,185 INFO mlpab7368e9,compute_features_job,1305,**APPID BlockManager: Initialized BlockManager: BlockManagerId(2, 10.244.2.75, 42713, None)
2026-06-19 17:49:13,239 INFO mlpab7368e9,compute_features_job,1305,**APPID Executor: Starting executor with user classpath (userClassPathFirst = false): ''
2026-06-19 17:49:13,240 INFO mlpab7368e9,compute_features_job,1305,**APPID Executor: Created or updated repl class loader org.apache.spark.util.MutableURLClassLoader@617718b2 for default.
2026-06-19 17:49:14,244 INFO mlpab7368e9,compute_features_job,1305,**APPID CoarseGrainedExecutorBackend: Got assigned task 2
2026-06-19 17:49:14,254 INFO mlpab7368e9,compute_features_job,1305,**APPID Executor: Running task 0.0 in stage 1.0 (TID 2)
2026-06-19 17:49:14,435 INFO mlpab7368e9,compute_features_job,1305,**APPID TorrentBroadcast: Started reading broadcast variable 3 with 1 pieces (estimated total size 4.0 MiB)
2026-06-19 17:49:14,469 INFO mlpab7368e9,compute_features_job,1305,**APPID TransportClientFactory: Successfully created connection to /10.244.1.94:33467 after 2 ms (0 ms spent in bootstraps)
2026-06-19 17:49:14,499 INFO mlpab7368e9,compute_features_job,1305,**APPID MemoryStore: Block broadcast_3_piece0 stored as bytes in memory (estimated size 21.0 KiB, free 2.1 GiB)
2026-06-19 17:49:14,507 INFO mlpab7368e9,compute_features_job,1305,**APPID TorrentBroadcast: Reading broadcast variable 3 took 71 ms
2026-06-19 17:49:14,866 INFO mlpab7368e9,compute_features_job,1305,**APPID MemoryStore: Block broadcast_3 stored as values in memory (estimated size 55.3 KiB, free 2.1 GiB)
2026-06-19 17:49:16,356 INFO mlpab7368e9,compute_features_job,1305,**APPID CodeGenerator: Code generated in 683.239495 ms
2026-06-19 17:49:16,362 INFO mlpab7368e9,compute_features_job,1305,**APPID FileScanRDD: Reading File path: hopsfs://rpc.namenode.service.consul:8020/apps/hive/warehouse/mlpab7368e9_featurestore.db/fx_rates_1/_delta_log/00000000000000000001.json, range: 0-1359, partition values: [1]
2026-06-19 17:49:16,649 INFO mlpab7368e9,compute_features_job,1305,**APPID CodeGenerator: Code generated in 100.437979 ms
2026-06-19 17:49:16,671 INFO mlpab7368e9,compute_features_job,1305,**APPID TorrentBroadcast: Started reading broadcast variable 2 with 1 pieces (estimated total size 4.0 MiB)
2026-06-19 17:49:16,735 INFO mlpab7368e9,compute_features_job,1305,**APPID TransportClientFactory: Successfully created connection to spark-3b3fcb9ee0ff7c12-driver-svc.mlpab7368e9.svc/10.244.0.222:7079 after 58 ms (0 ms spent in bootstraps)
2026-06-19 17:49:16,740 INFO mlpab7368e9,compute_features_job,1305,**APPID MemoryStore: Block broadcast_2_piece0 stored as bytes in memory (estimated size 76.1 KiB, free 2.1 GiB)
2026-06-19 17:49:16,744 INFO mlpab7368e9,compute_features_job,1305,**APPID TorrentBroadcast: Reading broadcast variable 2 took 72 ms
2026-06-19 17:49:16,835 INFO mlpab7368e9,compute_features_job,1305,**APPID MemoryStore: Block broadcast_2 stored as values in memory (estimated size 748.1 KiB, free 2.1 GiB)
2026-06-19 17:49:19,448 INFO mlpab7368e9,compute_features_job,1305,**APPID Executor: Finished task 0.0 in stage 1.0 (TID 2). 1465 bytes result sent to driver
2026-06-19 17:49:20,922 INFO mlpab7368e9,compute_features_job,1305,**APPID CoarseGrainedExecutorBackend: Driver commanded a shutdown
2026-06-19 17:49:20,925 INFO mlpab7368e9,compute_features_job,1305,**APPID PrometheusSink: metricsNamespace=None, sparkAppName=Some(meb10000-ea46ec4e-bf87-4672-9420-7afeacd22708), sparkAppId=Some(spark-15e96f92302a4224a99915f01d0e1244), executorId=Some(2)
2026-06-19 17:49:20,926 INFO mlpab7368e9,compute_features_job,1305,**APPID PrometheusSink: role=executor, job=spark-15e96f92302a4224a99915f01d0e1244
2026-06-19 17:49:21,305 INFO mlpab7368e9,compute_features_job,1305,**APPID MemoryStore: MemoryStore cleared
2026-06-19 17:49:21,305 INFO mlpab7368e9,compute_features_job,1305,**APPID BlockManager: BlockManager stopped
2026-06-19 17:49:21,306 INFO mlpab7368e9,compute_features_job,1305,**APPID PrometheusSink: metricsNamespace=None, sparkAppName=Some(meb10000-ea46ec4e-bf87-4672-9420-7afeacd22708), sparkAppId=Some(spark-15e96f92302a4224a99915f01d0e1244), executorId=Some(2)
2026-06-19 17:49:21,306 INFO mlpab7368e9,compute_features_job,1305,**APPID PrometheusSink: role=executor, job=spark-15e96f92302a4224a99915f01d0e1244
2026-06-19 17:49:21,864 INFO mlpab7368e9,compute_features_job,1305,**APPID ShutdownHookManager: Shutdown hook called


==================================
Logs for DRIVER on node wolffbe.
============================================================================================== 
cat: /srv/hops/certificates/spark__passwd: No such file or directory
cat: /srv/hops/certificates/spark__passwd: No such file or directory
Picked up _JAVA_OPTIONS:  -Duser.home=/srv/hops/anaconda
Picked up _JAVA_OPTIONS:  -Duser.home=/srv/hops/anaconda
Picked up _JAVA_OPTIONS:  -Duser.home=/srv/hops/anaconda
2026-06-19 17:48:34,219 INFO mlpab7368e9,compute_features_job,1305,**APPID SparkContext: Running Spark version 3.5.5.1
2026-06-19 17:48:34,224 INFO mlpab7368e9,compute_features_job,1305,**APPID SparkContext: OS info Linux, 6.8.0-94-generic, amd64
2026-06-19 17:48:34,225 INFO mlpab7368e9,compute_features_job,1305,**APPID SparkContext: Java version 1.8.0_492
2026-06-19 17:48:34,229 WARN mlpab7368e9,compute_features_job,1305,**APPID SparkConf: Note that spark.local.dir will be overridden by the value set by the cluster manager (via SPARK_LOCAL_DIRS in mesos/standalone/kubernetes and LOCAL_DIRS in YARN).
2026-06-19 17:48:34,261 INFO mlpab7368e9,compute_features_job,1305,**APPID ResourceUtils: ==============================================================
2026-06-19 17:48:34,261 INFO mlpab7368e9,compute_features_job,1305,**APPID ResourceUtils: No custom resources configured for spark.driver.
2026-06-19 17:48:34,262 INFO mlpab7368e9,compute_features_job,1305,**APPID ResourceUtils: ==============================================================
2026-06-19 17:48:34,262 INFO mlpab7368e9,compute_features_job,1305,**APPID SparkContext: Submitted application: meb10000-ea46ec4e-bf87-4672-9420-7afeacd22708
2026-06-19 17:48:34,337 INFO mlpab7368e9,compute_features_job,1305,**APPID ResourceProfile: Default ResourceProfile created, executor resources: Map(cores -> name: cores, amount: 1, script: , vendor: , memory -> name: memory, amount: 4096, script: , vendor: , offHeap -> name: offHeap, amount: 0, script: , vendor: ), task resources: Map(cpus -> name: cpus, amount: 1.0)
2026-06-19 17:48:34,354 INFO mlpab7368e9,compute_features_job,1305,**APPID ResourceProfile: Limiting resource is cpus at 1 tasks per executor
2026-06-19 17:48:34,356 INFO mlpab7368e9,compute_features_job,1305,**APPID ResourceProfileManager: Added ResourceProfile id: 0
2026-06-19 17:48:34,483 INFO mlpab7368e9,compute_features_job,1305,**APPID SecurityManager: Changing view acls to: yarnapp,mlpab7368e9__meb10000
2026-06-19 17:48:34,483 INFO mlpab7368e9,compute_features_job,1305,**APPID SecurityManager: Changing modify acls to: yarnapp,mlpab7368e9__meb10000
2026-06-19 17:48:34,483 INFO mlpab7368e9,compute_features_job,1305,**APPID SecurityManager: Changing view acls groups to: 
2026-06-19 17:48:34,484 INFO mlpab7368e9,compute_features_job,1305,**APPID SecurityManager: Changing modify acls groups to: 
2026-06-19 17:48:34,484 INFO mlpab7368e9,compute_features_job,1305,**APPID SecurityManager: SecurityManager: authentication disabled; ui acls disabled; users with view permissions: yarnapp, mlpab7368e9__meb10000; groups with view permissions: EMPTY; users with modify permissions: yarnapp, mlpab7368e9__meb10000; groups with modify permissions: EMPTY
2026-06-19 17:48:35,034 INFO mlpab7368e9,compute_features_job,1305,**APPID Utils: Successfully started service 'sparkDriver' on port 7078.
2026-06-19 17:48:35,127 INFO mlpab7368e9,compute_features_job,1305,**APPID SparkEnv: Registering MapOutputTracker
2026-06-19 17:48:35,144 INFO mlpab7368e9,compute_features_job,1305,**APPID RssShuffleManagerBase: Uniffle org.apache.spark.shuffle.RssShuffleManager version: 0.10.1-SNAPSHOT-fad026b0
2026-06-19 17:48:35,312 INFO mlpab7368e9,compute_features_job,1305,**APPID CoordinatorClientFactory: Start to create coordinator clients from rss-coordinator-rss-hops-0-headless.hopsworks.svc.cluster.local:19997,rss-coordinator-rss-hops-1-headless.hopsworks.svc.cluster.local:19997
2026-06-19 17:48:35,660 INFO mlpab7368e9,compute_features_job,1305,**APPID CoordinatorGrpcClient: Created CoordinatorGrpcClient, host:rss-coordinator-rss-hops-0-headless.hopsworks.svc.cluster.local, port:19997, maxRetryAttempts:3, usePlaintext:true
2026-06-19 17:48:35,660 INFO mlpab7368e9,compute_features_job,1305,**APPID CoordinatorClientFactory: Add coordinator client Coordinator grpc client ref to rss-coordinator-rss-hops-0-headless.hopsworks.svc.cluster.local:19997
2026-06-19 17:48:35,662 INFO mlpab7368e9,compute_features_job,1305,**APPID CoordinatorGrpcClient: Created CoordinatorGrpcClient, host:rss-coordinator-rss-hops-1-headless.hopsworks.svc.cluster.local, port:19997, maxRetryAttempts:3, usePlaintext:true
2026-06-19 17:48:35,662 INFO mlpab7368e9,compute_features_job,1305,**APPID CoordinatorClientFactory: Add coordinator client Coordinator grpc client ref to rss-coordinator-rss-hops-1-headless.hopsworks.svc.cluster.local:19997
2026-06-19 17:48:35,663 INFO mlpab7368e9,compute_features_job,1305,**APPID CoordinatorClientFactory: Finish create coordinator clients Coordinator grpc client ref to rss-coordinator-rss-hops-0-headless.hopsworks.svc.cluster.local:19997, Coordinator grpc client ref to rss-coordinator-rss-hops-1-headless.hopsworks.svc.cluster.local:19997
2026-06-19 17:48:36,178 INFO mlpab7368e9,compute_features_job,1305,**APPID CoordinatorGrpcRetryableClient: Success to get conf from Coordinator grpc client ref to rss-coordinator-rss-hops-0-headless.hopsworks.svc.cluster.local:19997
2026-06-19 17:48:36,214 INFO mlpab7368e9,compute_features_job,1305,**APPID RssSparkShuffleUtils: Use dynamic conf spark.rss.writer.require.memory.retryMax = 1200
2026-06-19 17:48:36,214 INFO mlpab7368e9,compute_features_job,1305,**APPID RssSparkShuffleUtils: Use dynamic conf spark.rss.writer.send.check.timeout = 600000
2026-06-19 17:48:36,214 INFO mlpab7368e9,compute_features_job,1305,**APPID RssSparkShuffleUtils: Use dynamic conf spark.rss.client.read.buffer.size = 14m
2026-06-19 17:48:36,214 INFO mlpab7368e9,compute_features_job,1305,**APPID RssSparkShuffleUtils: Use dynamic conf spark.rss.client.retry.max = 100
2026-06-19 17:48:36,214 WARN mlpab7368e9,compute_features_job,1305,**APPID RssSparkShuffleUtils: Override with mandatory dynamic conf spark.rss.storage.type = MEMORY_LOCALFILE
2026-06-19 17:48:36,214 INFO mlpab7368e9,compute_features_job,1305,**APPID RssSparkShuffleUtils: Use dynamic conf spark.rss.client.retry.interval.max = 1000
2026-06-19 17:48:36,243 INFO mlpab7368e9,compute_features_job,1305,**APPID RssShuffleManagerBase: Check quorum config [1:1:1:true]
2026-06-19 17:48:36,245 INFO mlpab7368e9,compute_features_job,1305,**APPID RssShuffleManagerBase: Disable external shuffle service in RssShuffleManager.
2026-06-19 17:48:36,245 INFO mlpab7368e9,compute_features_job,1305,**APPID RssShuffleManagerBase: Disable local shuffle reader in RssShuffleManager.
2026-06-19 17:48:36,245 INFO mlpab7368e9,compute_features_job,1305,**APPID RssShuffleManagerBase: Disable shuffle data locality in RssShuffleManager.
2026-06-19 17:48:36,313 INFO mlpab7368e9,compute_features_job,1305,**APPID RssShuffleManagerBase: Start Registering coordinators rss-coordinator-rss-hops-0-headless.hopsworks.svc.cluster.local:19997,rss-coordinator-rss-hops-1-headless.hopsworks.svc.cluster.local:19997
2026-06-19 17:48:36,314 INFO mlpab7368e9,compute_features_job,1305,**APPID CoordinatorClientFactory: Start to create coordinator clients from rss-coordinator-rss-hops-0-headless.hopsworks.svc.cluster.local:19997,rss-coordinator-rss-hops-1-headless.hopsworks.svc.cluster.local:19997
2026-06-19 17:48:36,316 INFO mlpab7368e9,compute_features_job,1305,**APPID CoordinatorGrpcClient: Created CoordinatorGrpcClient, host:rss-coordinator-rss-hops-0-headless.hopsworks.svc.cluster.local, port:19997, maxRetryAttempts:3, usePlaintext:true
2026-06-19 17:48:36,316 INFO mlpab7368e9,compute_features_job,1305,**APPID CoordinatorClientFactory: Add coordinator client Coordinator grpc client ref to rss-coordinator-rss-hops-0-headless.hopsworks.svc.cluster.local:19997
2026-06-19 17:48:36,318 INFO mlpab7368e9,compute_features_job,1305,**APPID CoordinatorGrpcClient: Created CoordinatorGrpcClient, host:rss-coordinator-rss-hops-1-headless.hopsworks.svc.cluster.local, port:19997, maxRetryAttempts:3, usePlaintext:true
2026-06-19 17:48:36,318 INFO mlpab7368e9,compute_features_job,1305,**APPID CoordinatorClientFactory: Add coordinator client Coordinator grpc client ref to rss-coordinator-rss-hops-1-headless.hopsworks.svc.cluster.local:19997
2026-06-19 17:48:36,319 INFO mlpab7368e9,compute_features_job,1305,**APPID CoordinatorClientFactory: Finish create coordinator clients Coordinator grpc client ref to rss-coordinator-rss-hops-0-headless.hopsworks.svc.cluster.local:19997, Coordinator grpc client ref to rss-coordinator-rss-hops-1-headless.hopsworks.svc.cluster.local:19997
2026-06-19 17:48:36,319 INFO mlpab7368e9,compute_features_job,1305,**APPID RssShuffleManagerBase: Rss data pusher is starting...
2026-06-19 17:48:36,553 INFO mlpab7368e9,compute_features_job,1305,**APPID SparkEnv: Registering BlockManagerMaster
2026-06-19 17:48:36,634 INFO mlpab7368e9,compute_features_job,1305,**APPID BlockManagerMasterEndpoint: Using org.apache.spark.storage.DefaultTopologyMapper for getting topology information
2026-06-19 17:48:36,635 INFO mlpab7368e9,compute_features_job,1305,**APPID BlockManagerMasterEndpoint: BlockManagerMasterEndpoint up
2026-06-19 17:48:36,638 INFO mlpab7368e9,compute_features_job,1305,**APPID SparkEnv: Registering BlockManagerMasterHeartbeat
2026-06-19 17:48:36,671 INFO mlpab7368e9,compute_features_job,1305,**APPID DiskBlockManager: Created local directory at /srv/hops/spark/work-dir/blockmgr-35c8669a-f161-4641-9cf3-364c6908cafb
2026-06-19 17:48:36,698 INFO mlpab7368e9,compute_features_job,1305,**APPID MemoryStore: MemoryStore started with capacity 1007.8 MiB
2026-06-19 17:48:36,725 INFO mlpab7368e9,compute_features_job,1305,**APPID SparkEnv: Registering OutputCommitCoordinator
2026-06-19 17:48:36,780 INFO mlpab7368e9,compute_features_job,1305,**APPID log: Logging initialized @10625ms to org.sparkproject.jetty.util.log.Slf4jLog
2026-06-19 17:48:36,959 INFO mlpab7368e9,compute_features_job,1305,**APPID JettyUtils: Start Jetty 0.0.0.0:4040 for SparkUI
2026-06-19 17:48:36,975 INFO mlpab7368e9,compute_features_job,1305,**APPID Server: jetty-9.4.56.v20240826; built: 2024-08-26T17:15:05.868Z; git: ec6782ff5ead824dabdcf47fa98f90a4aedff401; jvm 1.8.0_492-8u492-ga~us2-0ubuntu1~22.04.1-b09
2026-06-19 17:48:37,032 INFO mlpab7368e9,compute_features_job,1305,**APPID Server: Started @10877ms
2026-06-19 17:48:37,068 INFO mlpab7368e9,compute_features_job,1305,**APPID AbstractConnector: Started ServerConnector@4d731149{HTTP/1.1, (http/1.1)}{0.0.0.0:4040}
2026-06-19 17:48:37,068 INFO mlpab7368e9,compute_features_job,1305,**APPID Utils: Successfully started service 'SparkUI' on port 4040.
2026-06-19 17:48:37,112 INFO mlpab7368e9,compute_features_job,1305,**APPID ContextHandler: Started o.s.j.s.ServletContextHandler@3e0d5190{/,null,AVAILABLE,@Spark}
2026-06-19 17:48:37,246 INFO mlpab7368e9,compute_features_job,1305,**APPID SparkKubernetesClientFactory: Auto-configuring K8S client using current context from users K8S config file
2026-06-19 17:48:39,261 INFO mlpab7368e9,compute_features_job,1305,**APPID Utils: Using initial executors = 1, max of spark.dynamicAllocation.initialExecutors, spark.dynamicAllocation.minExecutors and spark.executor.instances
2026-06-19 17:48:39,618 INFO mlpab7368e9,compute_features_job,1305,**APPID ExecutorPodsAllocator: Going to request 1 executors from Kubernetes for ResourceProfile Id: 0, target: 1, known: 0, sharedSlotFromPendingPods: 2147483647.
2026-06-19 17:48:39,636 INFO mlpab7368e9,compute_features_job,1305,**APPID KubernetesClientUtils: Spark configuration files loaded from Some(/srv/hops/spark/conf) : spark-env.sh,hive-site.xml,spark-blacklisted-properties.txt,log4j2.properties,metrics.properties,log4j2.properties.sparkhistoryserver
2026-06-19 17:48:39,726 INFO mlpab7368e9,compute_features_job,1305,**APPID ExecutorPodsAllocator: Found 0 reusable PVCs from 0 PVCs
2026-06-19 17:48:39,913 INFO mlpab7368e9,compute_features_job,1305,**APPID KubernetesClientUtils: Spark configuration files loaded from Some(/srv/hops/spark/conf) : spark-env.sh,hive-site.xml,spark-blacklisted-properties.txt,log4j2.properties,metrics.properties,log4j2.properties.sparkhistoryserver
2026-06-19 17:48:39,932 INFO mlpab7368e9,compute_features_job,1305,**APPID Utils: Successfully started service 'org.apache.spark.network.netty.NettyBlockTransferService' on port 7079.
2026-06-19 17:48:39,932 INFO mlpab7368e9,compute_features_job,1305,**APPID NettyBlockTransferService: Server created on spark-3b3fcb9ee0ff7c12-driver-svc.mlpab7368e9.svc 10.244.0.222:7079
2026-06-19 17:48:39,934 INFO mlpab7368e9,compute_features_job,1305,**APPID BlockManager: Using org.apache.spark.storage.RandomBlockReplicationPolicy for block replication policy
2026-06-19 17:48:39,949 INFO mlpab7368e9,compute_features_job,1305,**APPID BasicExecutorFeatureStep: Decommissioning not enabled, skipping shutdown script
2026-06-19 17:48:39,950 INFO mlpab7368e9,compute_features_job,1305,**APPID BlockManagerMaster: Registering BlockManager BlockManagerId(driver, spark-3b3fcb9ee0ff7c12-driver-svc.mlpab7368e9.svc, 7079, None)
2026-06-19 17:48:40,017 INFO mlpab7368e9,compute_features_job,1305,**APPID BlockManagerMasterEndpoint: Registering block manager spark-3b3fcb9ee0ff7c12-driver-svc.mlpab7368e9.svc:7079 with 1007.8 MiB RAM, BlockManagerId(driver, spark-3b3fcb9ee0ff7c12-driver-svc.mlpab7368e9.svc, 7079, None)
2026-06-19 17:48:40,019 INFO mlpab7368e9,compute_features_job,1305,**APPID BlockManagerMaster: Registered BlockManager BlockManagerId(driver, spark-3b3fcb9ee0ff7c12-driver-svc.mlpab7368e9.svc, 7079, None)
2026-06-19 17:48:40,021 INFO mlpab7368e9,compute_features_job,1305,**APPID BlockManager: Initialized BlockManager: BlockManagerId(driver, spark-3b3fcb9ee0ff7c12-driver-svc.mlpab7368e9.svc, 7079, None)
2026-06-19 17:48:40,132 INFO mlpab7368e9,compute_features_job,1305,**APPID PrometheusSink: Initializing Prometheus Sink...
2026-06-19 17:48:40,132 INFO mlpab7368e9,compute_features_job,1305,**APPID PrometheusSink: Metrics polling period -> 10 SECONDS
2026-06-19 17:48:40,133 INFO mlpab7368e9,compute_features_job,1305,**APPID PrometheusSink: Metrics timestamp enabled -> false
2026-06-19 17:48:40,133 INFO mlpab7368e9,compute_features_job,1305,**APPID PrometheusSink: pushgateway-address -> pushgateway.prometheus.service.consul:9091
2026-06-19 17:48:40,133 INFO mlpab7368e9,compute_features_job,1305,**APPID PrometheusSink: pushgateway-address-protocol -> http
2026-06-19 17:48:40,134 INFO mlpab7368e9,compute_features_job,1305,**APPID PrometheusSink: metrics-name-capture-regex -> 
2026-06-19 17:48:40,134 INFO mlpab7368e9,compute_features_job,1305,**APPID PrometheusSink: metrics-name-replacement -> 
2026-06-19 17:48:40,134 INFO mlpab7368e9,compute_features_job,1305,**APPID PrometheusSink: labels -> Map()
2026-06-19 17:48:40,134 INFO mlpab7368e9,compute_features_job,1305,**APPID PrometheusSink: jmx-collector-config -> /opt/spark/conf/jmx_collector.yaml
2026-06-19 17:48:43,982 INFO mlpab7368e9,compute_features_job,1305,**APPID SingleEventLogFileWriter: Logging events to hdfs://rpc.namenode.service.consul:8020/user/spark/applicationHistory/spark-15e96f92302a4224a99915f01d0e1244.inprogress
2026-06-19 17:48:44,448 INFO mlpab7368e9,compute_features_job,1305,**APPID Utils: Using initial executors = 1, max of spark.dynamicAllocation.initialExecutors, spark.dynamicAllocation.minExecutors and spark.executor.instances
2026-06-19 17:48:44,449 INFO mlpab7368e9,compute_features_job,1305,**APPID ExecutorAllocationManager: Dynamic allocation will use remote shuffle service
2026-06-19 17:48:44,517 INFO mlpab7368e9,compute_features_job,1305,**APPID ContextHandler: Stopped o.s.j.s.ServletContextHandler@3e0d5190{/,null,STOPPED,@Spark}
2026-06-19 17:48:44,518 INFO mlpab7368e9,compute_features_job,1305,**APPID ContextHandler: Started o.s.j.s.ServletContextHandler@5b5c21f6{/jobs,null,AVAILABLE,@Spark}
2026-06-19 17:48:44,525 INFO mlpab7368e9,compute_features_job,1305,**APPID ContextHandler: Started o.s.j.s.ServletContextHandler@561b6b98{/jobs/json,null,AVAILABLE,@Spark}
2026-06-19 17:48:44,527 INFO mlpab7368e9,compute_features_job,1305,**APPID ContextHandler: Started o.s.j.s.ServletContextHandler@3599d9e6{/jobs/job,null,AVAILABLE,@Spark}
2026-06-19 17:48:44,527 INFO mlpab7368e9,compute_features_job,1305,**APPID ContextHandler: Started o.s.j.s.ServletContextHandler@448a217e{/jobs/job/json,null,AVAILABLE,@Spark}
2026-06-19 17:48:44,528 INFO mlpab7368e9,compute_features_job,1305,**APPID ContextHandler: Started o.s.j.s.ServletContextHandler@3729e8e0{/stages,null,AVAILABLE,@Spark}
2026-06-19 17:48:44,528 INFO mlpab7368e9,compute_features_job,1305,**APPID ContextHandler: Started o.s.j.s.ServletContextHandler@354e717{/stages/json,null,AVAILABLE,@Spark}
2026-06-19 17:48:44,529 INFO mlpab7368e9,compute_features_job,1305,**APPID ContextHandler: Started o.s.j.s.ServletContextHandler@226b52f7{/stages/stage,null,AVAILABLE,@Spark}
2026-06-19 17:48:44,530 INFO mlpab7368e9,compute_features_job,1305,**APPID ContextHandler: Started o.s.j.s.ServletContextHandler@6eec9aca{/stages/stage/json,null,AVAILABLE,@Spark}
2026-06-19 17:48:44,531 INFO mlpab7368e9,compute_features_job,1305,**APPID ContextHandler: Started o.s.j.s.ServletContextHandler@bdd9ea3{/stages/pool,null,AVAILABLE,@Spark}
2026-06-19 17:48:44,531 INFO mlpab7368e9,compute_features_job,1305,**APPID ContextHandler: Started o.s.j.s.ServletContextHandler@3e01d22e{/stages/pool/json,null,AVAILABLE,@Spark}
2026-06-19 17:48:44,532 INFO mlpab7368e9,compute_features_job,1305,**APPID ContextHandler: Started o.s.j.s.ServletContextHandler@669eaa9a{/storage,null,AVAILABLE,@Spark}
2026-06-19 17:48:44,533 INFO mlpab7368e9,compute_features_job,1305,**APPID ContextHandler: Started o.s.j.s.ServletContextHandler@6b97ff6f{/storage/json,null,AVAILABLE,@Spark}
2026-06-19 17:48:44,533 INFO mlpab7368e9,compute_features_job,1305,**APPID ContextHandler: Started o.s.j.s.ServletContextHandler@71b28789{/storage/rdd,null,AVAILABLE,@Spark}
2026-06-19 17:48:44,534 INFO mlpab7368e9,compute_features_job,1305,**APPID ContextHandler: Started o.s.j.s.ServletContextHandler@40ec9db6{/storage/rdd/json,null,AVAILABLE,@Spark}
2026-06-19 17:48:44,535 INFO mlpab7368e9,compute_features_job,1305,**APPID ContextHandler: Started o.s.j.s.ServletContextHandler@1e8ef2ae{/environment,null,AVAILABLE,@Spark}
2026-06-19 17:48:44,536 INFO mlpab7368e9,compute_features_job,1305,**APPID ContextHandler: Started o.s.j.s.ServletContextHandler@d6eeedd{/environment/json,null,AVAILABLE,@Spark}
2026-06-19 17:48:44,536 INFO mlpab7368e9,compute_features_job,1305,**APPID ContextHandler: Started o.s.j.s.ServletContextHandler@32cb6033{/executors,null,AVAILABLE,@Spark}
2026-06-19 17:48:44,537 INFO mlpab7368e9,compute_features_job,1305,**APPID ContextHandler: Started o.s.j.s.ServletContextHandler@3f2e3f48{/executors/json,null,AVAILABLE,@Spark}
2026-06-19 17:48:44,539 INFO mlpab7368e9,compute_features_job,1305,**APPID ContextHandler: Started o.s.j.s.ServletContextHandler@423387ce{/executors/threadDump,null,AVAILABLE,@Spark}
2026-06-19 17:48:44,539 INFO mlpab7368e9,compute_features_job,1305,**APPID ContextHandler: Started o.s.j.s.ServletContextHandler@280854ae{/executors/threadDump/json,null,AVAILABLE,@Spark}
2026-06-19 17:48:44,621 INFO mlpab7368e9,compute_features_job,1305,**APPID ContextHandler: Started o.s.j.s.ServletContextHandler@5866a03f{/static,null,AVAILABLE,@Spark}
2026-06-19 17:48:44,622 INFO mlpab7368e9,compute_features_job,1305,**APPID ContextHandler: Started o.s.j.s.ServletContextHandler@69fe960b{/,null,AVAILABLE,@Spark}
2026-06-19 17:48:44,624 INFO mlpab7368e9,compute_features_job,1305,**APPID ContextHandler: Started o.s.j.s.ServletContextHandler@17ff11ea{/api,null,AVAILABLE,@Spark}
2026-06-19 17:48:44,624 INFO mlpab7368e9,compute_features_job,1305,**APPID ContextHandler: Started o.s.j.s.ServletContextHandler@75293a6c{/jobs/job/kill,null,AVAILABLE,@Spark}
2026-06-19 17:48:44,625 INFO mlpab7368e9,compute_features_job,1305,**APPID ContextHandler: Started o.s.j.s.ServletContextHandler@6dd80d6b{/stages/stage/kill,null,AVAILABLE,@Spark}
2026-06-19 17:48:44,632 INFO mlpab7368e9,compute_features_job,1305,**APPID ContextHandler: Started o.s.j.s.ServletContextHandler@72f42b85{/metrics/json,null,AVAILABLE,@Spark}
2026-06-19 17:48:46,990 INFO mlpab7368e9,compute_features_job,1305,**APPID KubernetesClusterSchedulerBackend$KubernetesDriverEndpoint: No executor found for 10.244.1.94:54046
2026-06-19 17:48:48,108 INFO mlpab7368e9,compute_features_job,1305,**APPID KubernetesClusterSchedulerBackend$KubernetesDriverEndpoint: Registered executor NettyRpcEndpointRef(spark-client://Executor) (10.244.1.94:54058) with ID 1,  ResourceProfileId 0
2026-06-19 17:48:48,115 INFO mlpab7368e9,compute_features_job,1305,**APPID ExecutorMonitor: New executor 1 has registered (new total is 1)
2026-06-19 17:48:48,138 INFO mlpab7368e9,compute_features_job,1305,**APPID KubernetesClusterSchedulerBackend: SchedulerBackend is ready for scheduling beginning after reached minRegisteredResourcesRatio: 0.8
2026-06-19 17:48:48,280 INFO mlpab7368e9,compute_features_job,1305,**APPID BlockManagerMasterEndpoint: Registering block manager 10.244.1.94:33467 with 2.1 GiB RAM, BlockManagerId(1, 10.244.1.94, 33467, None)
2026-06-19 17:48:49,225 INFO mlpab7368e9,compute_features_job,1305,**APPID SharedState: Setting hive.metastore.warehouse.dir ('hopsfs://rpc.namenode.service.consul:8020/apps/hive/warehouse') to the value of spark.sql.warehouse.dir.
2026-06-19 17:48:49,228 INFO mlpab7368e9,compute_features_job,1305,**APPID SharedState: Warehouse path is 'hdfs://rpc.namenode.service.consul:8020/user/spark/spark-warehouse'.
2026-06-19 17:48:49,243 INFO mlpab7368e9,compute_features_job,1305,**APPID ContextHandler: Started o.s.j.s.ServletContextHandler@21f98487{/SQL,null,AVAILABLE,@Spark}
2026-06-19 17:48:49,244 INFO mlpab7368e9,compute_features_job,1305,**APPID ContextHandler: Started o.s.j.s.ServletContextHandler@43250589{/SQL/json,null,AVAILABLE,@Spark}
2026-06-19 17:48:49,245 INFO mlpab7368e9,compute_features_job,1305,**APPID ContextHandler: Started o.s.j.s.ServletContextHandler@242c7a1e{/SQL/execution,null,AVAILABLE,@Spark}
2026-06-19 17:48:49,245 INFO mlpab7368e9,compute_features_job,1305,**APPID ContextHandler: Started o.s.j.s.ServletContextHandler@1072bfeb{/SQL/execution/json,null,AVAILABLE,@Spark}
2026-06-19 17:48:49,247 INFO mlpab7368e9,compute_features_job,1305,**APPID ContextHandler: Started o.s.j.s.ServletContextHandler@3aa073f1{/static/sql,null,AVAILABLE,@Spark}
2026-06-19 17:48:50,315 INFO mlpab7368e9,compute_features_job,1305,**APPID PrometheusSink: metricsNamespace=None, sparkAppName=Some(meb10000-ea46ec4e-bf87-4672-9420-7afeacd22708), sparkAppId=Some(spark-15e96f92302a4224a99915f01d0e1244), executorId=Some(driver)
2026-06-19 17:48:50,316 INFO mlpab7368e9,compute_features_job,1305,**APPID PrometheusSink: role=driver, job=spark-15e96f92302a4224a99915f01d0e1244
2026-06-19 17:48:54,347 INFO mlpab7368e9,compute_features_job,1305,**APPID DelegatingLogStore: LogStore LogStoreAdapter(io.hops.storage.HopsfsLogStorage) is used for scheme hopsfs
2026-06-19 17:48:54,514 INFO mlpab7368e9,compute_features_job,1305,**APPID DeltaLog: Loading version 1.
2026-06-19 17:48:58,980 INFO mlpab7368e9,compute_features_job,1305,**APPID DeltaLogFileIndex: Created DeltaLogFileIndex(JSON, numFilesInSegment: 2, totalFileSize: 2714)
2026-06-19 17:49:00,589 INFO mlpab7368e9,compute_features_job,1305,**APPID PrometheusSink: metricsNamespace=None, sparkAppName=Some(meb10000-ea46ec4e-bf87-4672-9420-7afeacd22708), sparkAppId=Some(spark-15e96f92302a4224a99915f01d0e1244), executorId=Some(driver)
2026-06-19 17:49:00,589 INFO mlpab7368e9,compute_features_job,1305,**APPID PrometheusSink: role=driver, job=spark-15e96f92302a4224a99915f01d0e1244
2026-06-19 17:49:01,665 INFO mlpab7368e9,compute_features_job,1305,**APPID DataSourceStrategy: Pruning directories with: 
2026-06-19 17:49:01,674 INFO mlpab7368e9,compute_features_job,1305,**APPID FileSourceStrategy: Pushed Filters: 
2026-06-19 17:49:01,677 INFO mlpab7368e9,compute_features_job,1305,**APPID FileSourceStrategy: Post-Scan Filters: ((isnotnull(protocol#11.minReaderVersion) OR isnotnull(metaData#10.id)) OR (isnotnull(commitInfo#12.inCommitTimestamp) AND (version#13L = 1)))
2026-06-19 17:49:03,146 INFO mlpab7368e9,compute_features_job,1305,**APPID CodeGenerator: Code generated in 793.127371 ms
2026-06-19 17:49:03,318 INFO mlpab7368e9,compute_features_job,1305,**APPID MemoryStore: Block broadcast_0 stored as values in memory (estimated size 578.0 KiB, free 1007.3 MiB)
2026-06-19 17:49:03,729 INFO mlpab7368e9,compute_features_job,1305,**APPID MemoryStore: Block broadcast_0_piece0 stored as bytes in memory (estimated size 76.1 KiB, free 1007.2 MiB)
2026-06-19 17:49:03,732 INFO mlpab7368e9,compute_features_job,1305,**APPID BlockManagerInfo: Added broadcast_0_piece0 in memory on spark-3b3fcb9ee0ff7c12-driver-svc.mlpab7368e9.svc:7079 (size: 76.1 KiB, free: 1007.8 MiB)
2026-06-19 17:49:03,739 INFO mlpab7368e9,compute_features_job,1305,**APPID SparkContext: Created broadcast 0 from $anonfun$recordDeltaOperationInternal$1 at DatabricksLogging.scala:128
2026-06-19 17:49:03,854 INFO mlpab7368e9,compute_features_job,1305,**APPID FileSourceScanExec: Planning scan with bin packing, max size: 4195661 bytes, open cost is considered as scanning 4194304 bytes.
2026-06-19 17:49:04,333 INFO mlpab7368e9,compute_features_job,1305,**APPID SparkContext: Starting job: $anonfun$recordDeltaOperationInternal$1 at DatabricksLogging.scala:128
2026-06-19 17:49:04,417 INFO mlpab7368e9,compute_features_job,1305,**APPID DAGScheduler: Got job 0 ($anonfun$recordDeltaOperationInternal$1 at DatabricksLogging.scala:128) with 2 output partitions
2026-06-19 17:49:04,418 INFO mlpab7368e9,compute_features_job,1305,**APPID DAGScheduler: Final stage: ResultStage 0 ($anonfun$recordDeltaOperationInternal$1 at DatabricksLogging.scala:128)
2026-06-19 17:49:04,418 INFO mlpab7368e9,compute_features_job,1305,**APPID DAGScheduler: Parents of final stage: List()
2026-06-19 17:49:04,419 INFO mlpab7368e9,compute_features_job,1305,**APPID DAGScheduler: Missing parents: List()
2026-06-19 17:49:04,424 INFO mlpab7368e9,compute_features_job,1305,**APPID DAGScheduler: Submitting ResultStage 0 (MapPartitionsRDD[3] at $anonfun$recordDeltaOperationInternal$1 at DatabricksLogging.scala:128), which has no missing parents
2026-06-19 17:49:04,519 INFO mlpab7368e9,compute_features_job,1305,**APPID MemoryStore: Block broadcast_1 stored as values in memory (estimated size 55.3 KiB, free 1007.2 MiB)
2026-06-19 17:49:04,523 INFO mlpab7368e9,compute_features_job,1305,**APPID MemoryStore: Block broadcast_1_piece0 stored as bytes in memory (estimated size 21.0 KiB, free 1007.1 MiB)
2026-06-19 17:49:04,523 INFO mlpab7368e9,compute_features_job,1305,**APPID BlockManagerInfo: Added broadcast_1_piece0 in memory on spark-3b3fcb9ee0ff7c12-driver-svc.mlpab7368e9.svc:7079 (size: 21.0 KiB, free: 1007.8 MiB)
2026-06-19 17:49:04,524 INFO mlpab7368e9,compute_features_job,1305,**APPID SparkContext: Created broadcast 1 from broadcast at DAGScheduler.scala:1611
2026-06-19 17:49:04,613 INFO mlpab7368e9,compute_features_job,1305,**APPID DAGScheduler: Submitting 2 missing tasks from ResultStage 0 (MapPartitionsRDD[3] at $anonfun$recordDeltaOperationInternal$1 at DatabricksLogging.scala:128) (first 15 tasks are for partitions Vector(0, 1))
2026-06-19 17:49:04,614 INFO mlpab7368e9,compute_features_job,1305,**APPID TaskSchedulerImpl: Adding task set 0.0 with 2 tasks resource profile 0
2026-06-19 17:49:04,647 INFO mlpab7368e9,compute_features_job,1305,**APPID TaskSetManager: Starting task 0.0 in stage 0.0 (TID 0) (10.244.1.94, executor 1, partition 0, PROCESS_LOCAL, 9777 bytes) 
2026-06-19 17:49:04,961 INFO mlpab7368e9,compute_features_job,1305,**APPID BlockManagerInfo: Added broadcast_1_piece0 in memory on 10.244.1.94:33467 (size: 21.0 KiB, free: 2.1 GiB)
2026-06-19 17:49:05,535 INFO mlpab7368e9,compute_features_job,1305,**APPID ExecutorPodsAllocator: Going to request 1 executors from Kubernetes for ResourceProfile Id: 0, target: 2, known: 1, sharedSlotFromPendingPods: 2147483647.
2026-06-19 17:49:05,537 INFO mlpab7368e9,compute_features_job,1305,**APPID ExecutorAllocationManager: Requesting 1 new executor because tasks are backlogged (new desired total will be 2 for resource profile id: 0)
2026-06-19 17:49:05,541 INFO mlpab7368e9,compute_features_job,1305,**APPID ExecutorPodsAllocator: Found 0 reusable PVCs from 0 PVCs
2026-06-19 17:49:05,543 INFO mlpab7368e9,compute_features_job,1305,**APPID KubernetesClientUtils: Spark configuration files loaded from Some(/srv/hops/spark/conf) : spark-env.sh,hive-site.xml,spark-blacklisted-properties.txt,log4j2.properties,metrics.properties,log4j2.properties.sparkhistoryserver
2026-06-19 17:49:05,546 INFO mlpab7368e9,compute_features_job,1305,**APPID BasicExecutorFeatureStep: Decommissioning not enabled, skipping shutdown script
2026-06-19 17:49:06,972 INFO mlpab7368e9,compute_features_job,1305,**APPID BlockManagerInfo: Added broadcast_0_piece0 in memory on 10.244.1.94:33467 (size: 76.1 KiB, free: 2.1 GiB)
2026-06-19 17:49:09,700 INFO mlpab7368e9,compute_features_job,1305,**APPID TaskSetManager: Starting task 1.0 in stage 0.0 (TID 1) (10.244.1.94, executor 1, partition 1, PROCESS_LOCAL, 9777 bytes) 
2026-06-19 17:49:09,733 INFO mlpab7368e9,compute_features_job,1305,**APPID TaskSetManager: Finished task 0.0 in stage 0.0 (TID 0) in 5100 ms on 10.244.1.94 (executor 1) (1/2)
2026-06-19 17:49:09,815 INFO mlpab7368e9,compute_features_job,1305,**APPID TaskSetManager: Finished task 1.0 in stage 0.0 (TID 1) in 114 ms on 10.244.1.94 (executor 1) (2/2)
2026-06-19 17:49:09,816 INFO mlpab7368e9,compute_features_job,1305,**APPID TaskSchedulerImpl: Removed TaskSet 0.0, whose tasks have all completed, from pool 
2026-06-19 17:49:09,816 INFO mlpab7368e9,compute_features_job,1305,**APPID DAGScheduler: ResultStage 0 ($anonfun$recordDeltaOperationInternal$1 at DatabricksLogging.scala:128) finished in 5.378 s
2026-06-19 17:49:09,820 INFO mlpab7368e9,compute_features_job,1305,**APPID DAGScheduler: Job 0 is finished. Cancelling potential speculative or zombie tasks for this job
2026-06-19 17:49:09,821 INFO mlpab7368e9,compute_features_job,1305,**APPID TaskSchedulerImpl: Killing all running tasks in stage 0: Stage finished
2026-06-19 17:49:09,823 INFO mlpab7368e9,compute_features_job,1305,**APPID DAGScheduler: Job 0 finished: $anonfun$recordDeltaOperationInternal$1 at DatabricksLogging.scala:128, took 5.489280 s
2026-06-19 17:49:10,043 INFO mlpab7368e9,compute_features_job,1305,**APPID CodeGenerator: Code generated in 119.844346 ms
2026-06-19 17:49:10,119 INFO mlpab7368e9,compute_features_job,1305,**APPID Snapshot: [tableId=d9df1de0-dd51-42ef-a0d4-4cf1f9632075] Created snapshot Snapshot(path=hopsfs://rpc.namenode.service.consul:8020/apps/hive/warehouse/mlpab7368e9_featurestore.db/transactions_raw_1/_delta_log, version=1, metadata=Metadata(d66fdb9a-169c-4f77-abfa-bdffa65b5942,null,null,Format(parquet,Map()),{"type":"struct","fields":[{"name":"row_id","type":"string","nullable":true,"metadata":{}},{"name":"account_id","type":"string","nullable":true,"metadata":{}},{"name":"event_time","type":"long","nullable":true,"metadata":{}},{"name":"amount","type":"double","nullable":true,"metadata":{}},{"name":"currency","type":"string","nullable":true,"metadata":{}}]},List(),Map(delta.enableChangeDataFeed -> true),Some(1781890597940)), logSegment=LogSegment(hopsfs://rpc.namenode.service.consul:8020/apps/hive/warehouse/mlpab7368e9_featurestore.db/transactions_raw_1/_delta_log,1,WrappedArray(FileStatus{path=hopsfs://rpc.namenode.service.consul:8020/apps/hive/warehouse/mlpab7368e9_featurestore.db/transactions_raw_1/_delta_log/00000000000000000000.json; isDirectory=false; length=1054; replication=1; blocksize=134217728; modification_time=1781890598157; access_time=1781890598028; owner=mlpab7368e9__meb10000; group=mlpab7368e9__mlpab7368e9_featurestore.db; permission=rw-rw-rw-; isSymlink=false; hasAcl=true; isEncrypted=false; isErasureCoded=false}, FileStatus{path=hopsfs://rpc.namenode.service.consul:8020/apps/hive/warehouse/mlpab7368e9_featurestore.db/transactions_raw_1/_delta_log/00000000000000000001.json; isDirectory=false; length=1660; replication=1; blocksize=134217728; modification_time=1781890607399; access_time=1781890607271; owner=mlpab7368e9__meb10000; group=mlpab7368e9__mlpab7368e9_featurestore.db; permission=rw-rw-rw-; isSymlink=false; hasAcl=true; isEncrypted=false; isErasureCoded=false}),org.apache.spark.sql.delta.EmptyCheckpointProvider$@768b4dc4,1781890607399), checksumOpt=None)
2026-06-19 17:49:10,147 INFO mlpab7368e9,compute_features_job,1305,**APPID DeltaLog: Updated snapshot to Snapshot(path=hopsfs://rpc.namenode.service.consul:8020/apps/hive/warehouse/mlpab7368e9_featurestore.db/transactions_raw_1/_delta_log, version=1, metadata=Metadata(d66fdb9a-169c-4f77-abfa-bdffa65b5942,null,null,Format(parquet,Map()),{"type":"struct","fields":[{"name":"row_id","type":"string","nullable":true,"metadata":{}},{"name":"account_id","type":"string","nullable":true,"metadata":{}},{"name":"event_time","type":"long","nullable":true,"metadata":{}},{"name":"amount","type":"double","nullable":true,"metadata":{}},{"name":"currency","type":"string","nullable":true,"metadata":{}}]},List(),Map(delta.enableChangeDataFeed -> true),Some(1781890597940)), logSegment=LogSegment(hopsfs://rpc.namenode.service.consul:8020/apps/hive/warehouse/mlpab7368e9_featurestore.db/transactions_raw_1/_delta_log,1,WrappedArray(FileStatus{path=hopsfs://rpc.namenode.service.consul:8020/apps/hive/warehouse/mlpab7368e9_featurestore.db/transactions_raw_1/_delta_log/00000000000000000000.json; isDirectory=false; length=1054; replication=1; blocksize=134217728; modification_time=1781890598157; access_time=1781890598028; owner=mlpab7368e9__meb10000; group=mlpab7368e9__mlpab7368e9_featurestore.db; permission=rw-rw-rw-; isSymlink=false; hasAcl=true; isEncrypted=false; isErasureCoded=false}, FileStatus{path=hopsfs://rpc.namenode.service.consul:8020/apps/hive/warehouse/mlpab7368e9_featurestore.db/transactions_raw_1/_delta_log/00000000000000000001.json; isDirectory=false; length=1660; replication=1; blocksize=134217728; modification_time=1781890607399; access_time=1781890607271; owner=mlpab7368e9__meb10000; group=mlpab7368e9__mlpab7368e9_featurestore.db; permission=rw-rw-rw-; isSymlink=false; hasAcl=true; isEncrypted=false; isErasureCoded=false}),org.apache.spark.sql.delta.EmptyCheckpointProvider$@768b4dc4,1781890607399), checksumOpt=None)
2026-06-19 17:49:10,758 INFO mlpab7368e9,compute_features_job,1305,**APPID PrometheusSink: metricsNamespace=None, sparkAppName=Some(meb10000-ea46ec4e-bf87-4672-9420-7afeacd22708), sparkAppId=Some(spark-15e96f92302a4224a99915f01d0e1244), executorId=Some(driver)
2026-06-19 17:49:10,814 INFO mlpab7368e9,compute_features_job,1305,**APPID PrometheusSink: role=driver, job=spark-15e96f92302a4224a99915f01d0e1244
2026-06-19 17:49:11,057 INFO mlpab7368e9,compute_features_job,1305,**APPID HiveConf: Found configuration file file:/etc/spark/conf/hive-site.xml
2026-06-19 17:49:11,092 INFO mlpab7368e9,compute_features_job,1305,**APPID HiveUtils: Initializing HiveMetastoreConnection version 3.0.0.14.5 using Spark classes.
Hive Session ID = cf43ce35-d43e-4959-bf42-c5eec823501c
2026-06-19 17:49:11,742 INFO mlpab7368e9,compute_features_job,1305,**APPID HiveClientImpl: Warehouse location for Hive client (version 3.0.0) is hdfs://rpc.namenode.service.consul:8020/user/spark/spark-warehouse
2026-06-19 17:49:11,759 INFO mlpab7368e9,compute_features_job,1305,**APPID KubernetesClusterSchedulerBackend$KubernetesDriverEndpoint: No executor found for 10.244.2.75:57054
2026-06-19 17:49:12,036 INFO mlpab7368e9,compute_features_job,1305,**APPID HiveMetaStoreClient: Trying to connect to metastore with URI thrift://10-244-2-93.metastore.hopsworks.svc.cluster.local:9083
2026-06-19 17:49:12,153 INFO mlpab7368e9,compute_features_job,1305,**APPID HiveMetaStoreClient: Connected to metastore.
2026-06-19 17:49:12,154 INFO mlpab7368e9,compute_features_job,1305,**APPID RetryingMetaStoreClient: RetryingMetaStoreClient proxy=class org.apache.hadoop.hive.ql.metadata.SessionHiveMetaStoreClient ugi=mlpab7368e9__meb10000 (auth:SIMPLE) retries=1 delay=1 lifetime=0
2026-06-19 17:49:12,620 INFO mlpab7368e9,compute_features_job,1305,**APPID HiveMetaStoreClient: Closed a connection to metastore, current connections: -1
2026-06-19 17:49:12,621 INFO mlpab7368e9,compute_features_job,1305,**APPID HiveMetaStoreClient: Trying to connect to metastore with URI thrift://10-244-2-93.metastore.hopsworks.svc.cluster.local:9083
2026-06-19 17:49:12,638 INFO mlpab7368e9,compute_features_job,1305,**APPID HiveMetaStoreClient: Connected to metastore.
2026-06-19 17:49:12,638 INFO mlpab7368e9,compute_features_job,1305,**APPID RetryingMetaStoreClient: RetryingMetaStoreClient proxy=class org.apache.hadoop.hive.ql.metadata.SessionHiveMetaStoreClient ugi=mlpab7368e9__meb10000 (auth:SIMPLE) retries=1 delay=1 lifetime=0
2026-06-19 17:49:12,663 INFO mlpab7368e9,compute_features_job,1305,**APPID HiveMetaStoreClient: Closed a connection to metastore, current connections: -2
2026-06-19 17:49:12,664 INFO mlpab7368e9,compute_features_job,1305,**APPID HiveMetaStoreClient: Trying to connect to metastore with URI thrift://10-244-2-93.metastore.hopsworks.svc.cluster.local:9083
2026-06-19 17:49:12,725 INFO mlpab7368e9,compute_features_job,1305,**APPID HiveMetaStoreClient: Connected to metastore.
2026-06-19 17:49:12,725 INFO mlpab7368e9,compute_features_job,1305,**APPID RetryingMetaStoreClient: RetryingMetaStoreClient proxy=class org.apache.hadoop.hive.ql.metadata.SessionHiveMetaStoreClient ugi=mlpab7368e9__meb10000 (auth:SIMPLE) retries=1 delay=1 lifetime=0
2026-06-19 17:49:13,041 INFO mlpab7368e9,compute_features_job,1305,**APPID KubernetesClusterSchedulerBackend$KubernetesDriverEndpoint: Registered executor NettyRpcEndpointRef(spark-client://Executor) (10.244.2.75:57066) with ID 2,  ResourceProfileId 0
2026-06-19 17:49:13,042 INFO mlpab7368e9,compute_features_job,1305,**APPID ExecutorMonitor: New executor 2 has registered (new total is 2)
2026-06-19 17:49:13,181 INFO mlpab7368e9,compute_features_job,1305,**APPID BlockManagerMasterEndpoint: Registering block manager 10.244.2.75:42713 with 2.1 GiB RAM, BlockManagerId(2, 10.244.2.75, 42713, None)
2026-06-19 17:49:13,751 INFO mlpab7368e9,compute_features_job,1305,**APPID DelegatingLogStore: LogStore LogStoreAdapter(io.hops.storage.HopsfsLogStorage) is used for scheme hopsfs
2026-06-19 17:49:13,813 INFO mlpab7368e9,compute_features_job,1305,**APPID DeltaLog: Loading version 1.
2026-06-19 17:49:13,824 INFO mlpab7368e9,compute_features_job,1305,**APPID DeltaLogFileIndex: Created DeltaLogFileIndex(JSON, numFilesInSegment: 2, totalFileSize: 2179)
2026-06-19 17:49:14,034 INFO mlpab7368e9,compute_features_job,1305,**APPID DataSourceStrategy: Pruning directories with: 
2026-06-19 17:49:14,034 INFO mlpab7368e9,compute_features_job,1305,**APPID FileSourceStrategy: Pushed Filters: 
2026-06-19 17:49:14,034 INFO mlpab7368e9,compute_features_job,1305,**APPID FileSourceStrategy: Post-Scan Filters: ((isnotnull(protocol#65.minReaderVersion) OR isnotnull(metaData#64.id)) OR (isnotnull(commitInfo#66.inCommitTimestamp) AND (version#67L = 1)))
2026-06-19 17:49:14,125 INFO mlpab7368e9,compute_features_job,1305,**APPID MemoryStore: Block broadcast_2 stored as values in memory (estimated size 578.0 KiB, free 1006.6 MiB)
2026-06-19 17:49:14,150 INFO mlpab7368e9,compute_features_job,1305,**APPID MemoryStore: Block broadcast_2_piece0 stored as bytes in memory (estimated size 76.1 KiB, free 1006.5 MiB)
2026-06-19 17:49:14,151 INFO mlpab7368e9,compute_features_job,1305,**APPID BlockManagerInfo: Added broadcast_2_piece0 in memory on spark-3b3fcb9ee0ff7c12-driver-svc.mlpab7368e9.svc:7079 (size: 76.1 KiB, free: 1007.7 MiB)
2026-06-19 17:49:14,152 INFO mlpab7368e9,compute_features_job,1305,**APPID SparkContext: Created broadcast 2 from $anonfun$recordDeltaOperationInternal$1 at DatabricksLogging.scala:128
2026-06-19 17:49:14,153 INFO mlpab7368e9,compute_features_job,1305,**APPID FileSourceScanExec: Planning scan with bin packing, max size: 4195393 bytes, open cost is considered as scanning 4194304 bytes.
2026-06-19 17:49:14,221 INFO mlpab7368e9,compute_features_job,1305,**APPID SparkContext: Starting job: $anonfun$recordDeltaOperationInternal$1 at DatabricksLogging.scala:128
2026-06-19 17:49:14,222 INFO mlpab7368e9,compute_features_job,1305,**APPID DAGScheduler: Got job 1 ($anonfun$recordDeltaOperationInternal$1 at DatabricksLogging.scala:128) with 2 output partitions
2026-06-19 17:49:14,222 INFO mlpab7368e9,compute_features_job,1305,**APPID DAGScheduler: Final stage: ResultStage 1 ($anonfun$recordDeltaOperationInternal$1 at DatabricksLogging.scala:128)
2026-06-19 17:49:14,222 INFO mlpab7368e9,compute_features_job,1305,**APPID DAGScheduler: Parents of final stage: List()
2026-06-19 17:49:14,223 INFO mlpab7368e9,compute_features_job,1305,**APPID DAGScheduler: Missing parents: List()
2026-06-19 17:49:14,224 INFO mlpab7368e9,compute_features_job,1305,**APPID DAGScheduler: Submitting ResultStage 1 (MapPartitionsRDD[7] at $anonfun$recordDeltaOperationInternal$1 at DatabricksLogging.scala:128), which has no missing parents
2026-06-19 17:49:14,229 INFO mlpab7368e9,compute_features_job,1305,**APPID MemoryStore: Block broadcast_3 stored as values in memory (estimated size 55.3 KiB, free 1006.4 MiB)
2026-06-19 17:49:14,231 INFO mlpab7368e9,compute_features_job,1305,**APPID MemoryStore: Block broadcast_3_piece0 stored as bytes in memory (estimated size 21.0 KiB, free 1006.4 MiB)
2026-06-19 17:49:14,232 INFO mlpab7368e9,compute_features_job,1305,**APPID BlockManagerInfo: Added broadcast_3_piece0 in memory on spark-3b3fcb9ee0ff7c12-driver-svc.mlpab7368e9.svc:7079 (size: 21.0 KiB, free: 1007.7 MiB)
2026-06-19 17:49:14,232 INFO mlpab7368e9,compute_features_job,1305,**APPID SparkContext: Created broadcast 3 from broadcast at DAGScheduler.scala:1611
2026-06-19 17:49:14,233 INFO mlpab7368e9,compute_features_job,1305,**APPID DAGScheduler: Submitting 2 missing tasks from ResultStage 1 (MapPartitionsRDD[7] at $anonfun$recordDeltaOperationInternal$1 at DatabricksLogging.scala:128) (first 15 tasks are for partitions Vector(0, 1))
2026-06-19 17:49:14,233 INFO mlpab7368e9,compute_features_job,1305,**APPID TaskSchedulerImpl: Adding task set 1.0 with 2 tasks resource profile 0
2026-06-19 17:49:14,235 INFO mlpab7368e9,compute_features_job,1305,**APPID TaskSetManager: Starting task 0.0 in stage 1.0 (TID 2) (10.244.2.75, executor 2, partition 0, PROCESS_LOCAL, 9769 bytes) 
2026-06-19 17:49:14,235 INFO mlpab7368e9,compute_features_job,1305,**APPID TaskSetManager: Starting task 1.0 in stage 1.0 (TID 3) (10.244.1.94, executor 1, partition 1, PROCESS_LOCAL, 9769 bytes) 
2026-06-19 17:49:14,313 INFO mlpab7368e9,compute_features_job,1305,**APPID BlockManagerInfo: Added broadcast_3_piece0 in memory on 10.244.1.94:33467 (size: 21.0 KiB, free: 2.1 GiB)
2026-06-19 17:49:14,338 INFO mlpab7368e9,compute_features_job,1305,**APPID BlockManagerInfo: Added broadcast_2_piece0 in memory on 10.244.1.94:33467 (size: 76.1 KiB, free: 2.1 GiB)
2026-06-19 17:49:14,503 INFO mlpab7368e9,compute_features_job,1305,**APPID BlockManagerInfo: Added broadcast_3_piece0 in memory on 10.244.2.75:42713 (size: 21.0 KiB, free: 2.1 GiB)
2026-06-19 17:49:14,582 INFO mlpab7368e9,compute_features_job,1305,**APPID TaskSetManager: Finished task 1.0 in stage 1.0 (TID 3) in 347 ms on 10.244.1.94 (executor 1) (1/2)
2026-06-19 17:49:16,742 INFO mlpab7368e9,compute_features_job,1305,**APPID BlockManagerInfo: Added broadcast_2_piece0 in memory on 10.244.2.75:42713 (size: 76.1 KiB, free: 2.1 GiB)
2026-06-19 17:49:19,453 INFO mlpab7368e9,compute_features_job,1305,**APPID TaskSetManager: Finished task 0.0 in stage 1.0 (TID 2) in 5219 ms on 10.244.2.75 (executor 2) (2/2)
2026-06-19 17:49:19,453 INFO mlpab7368e9,compute_features_job,1305,**APPID TaskSchedulerImpl: Removed TaskSet 1.0, whose tasks have all completed, from pool 
2026-06-19 17:49:19,454 INFO mlpab7368e9,compute_features_job,1305,**APPID DAGScheduler: ResultStage 1 ($anonfun$recordDeltaOperationInternal$1 at DatabricksLogging.scala:128) finished in 5.228 s
2026-06-19 17:49:19,454 INFO mlpab7368e9,compute_features_job,1305,**APPID DAGScheduler: Job 1 is finished. Cancelling potential speculative or zombie tasks for this job
2026-06-19 17:49:19,454 INFO mlpab7368e9,compute_features_job,1305,**APPID TaskSchedulerImpl: Killing all running tasks in stage 1: Stage finished
2026-06-19 17:49:19,455 INFO mlpab7368e9,compute_features_job,1305,**APPID DAGScheduler: Job 1 finished: $anonfun$recordDeltaOperationInternal$1 at DatabricksLogging.scala:128, took 5.233590 s
2026-06-19 17:49:19,468 INFO mlpab7368e9,compute_features_job,1305,**APPID Snapshot: [tableId=a54eafe7-85ff-41db-8a7e-c141c4ff4c52] Created snapshot Snapshot(path=hopsfs://rpc.namenode.service.consul:8020/apps/hive/warehouse/mlpab7368e9_featurestore.db/fx_rates_1/_delta_log, version=1, metadata=Metadata(8630d631-d450-4b06-9fa5-2a63660e74e0,null,null,Format(parquet,Map()),{"type":"struct","fields":[{"name":"currency","type":"string","nullable":true,"metadata":{}},{"name":"fx_rate","type":"double","nullable":true,"metadata":{}}]},List(),Map(delta.enableChangeDataFeed -> true),Some(1781890620570)), logSegment=LogSegment(hopsfs://rpc.namenode.service.consul:8020/apps/hive/warehouse/mlpab7368e9_featurestore.db/fx_rates_1/_delta_log,1,WrappedArray(FileStatus{path=hopsfs://rpc.namenode.service.consul:8020/apps/hive/warehouse/mlpab7368e9_featurestore.db/fx_rates_1/_delta_log/00000000000000000000.json; isDirectory=false; length=820; replication=1; blocksize=134217728; modification_time=1781890620766; access_time=1781890620641; owner=mlpab7368e9__meb10000; group=mlpab7368e9__mlpab7368e9_featurestore.db; permission=rw-rw-rw-; isSymlink=false; hasAcl=true; isEncrypted=false; isErasureCoded=false}, FileStatus{path=hopsfs://rpc.namenode.service.consul:8020/apps/hive/warehouse/mlpab7368e9_featurestore.db/fx_rates_1/_delta_log/00000000000000000001.json; isDirectory=false; length=1359; replication=1; blocksize=134217728; modification_time=1781890629214; access_time=1781890629091; owner=mlpab7368e9__meb10000; group=mlpab7368e9__mlpab7368e9_featurestore.db; permission=rw-rw-rw-; isSymlink=false; hasAcl=true; isEncrypted=false; isErasureCoded=false}),org.apache.spark.sql.delta.EmptyCheckpointProvider$@768b4dc4,1781890629214), checksumOpt=None)
2026-06-19 17:49:19,470 INFO mlpab7368e9,compute_features_job,1305,**APPID DeltaLog: Updated snapshot to Snapshot(path=hopsfs://rpc.namenode.service.consul:8020/apps/hive/warehouse/mlpab7368e9_featurestore.db/fx_rates_1/_delta_log, version=1, metadata=Metadata(8630d631-d450-4b06-9fa5-2a63660e74e0,null,null,Format(parquet,Map()),{"type":"struct","fields":[{"name":"currency","type":"string","nullable":true,"metadata":{}},{"name":"fx_rate","type":"double","nullable":true,"metadata":{}}]},List(),Map(delta.enableChangeDataFeed -> true),Some(1781890620570)), logSegment=LogSegment(hopsfs://rpc.namenode.service.consul:8020/apps/hive/warehouse/mlpab7368e9_featurestore.db/fx_rates_1/_delta_log,1,WrappedArray(FileStatus{path=hopsfs://rpc.namenode.service.consul:8020/apps/hive/warehouse/mlpab7368e9_featurestore.db/fx_rates_1/_delta_log/00000000000000000000.json; isDirectory=false; length=820; replication=1; blocksize=134217728; modification_time=1781890620766; access_time=1781890620641; owner=mlpab7368e9__meb10000; group=mlpab7368e9__mlpab7368e9_featurestore.db; permission=rw-rw-rw-; isSymlink=false; hasAcl=true; isEncrypted=false; isErasureCoded=false}, FileStatus{path=hopsfs://rpc.namenode.service.consul:8020/apps/hive/warehouse/mlpab7368e9_featurestore.db/fx_rates_1/_delta_log/00000000000000000001.json; isDirectory=false; length=1359; replication=1; blocksize=134217728; modification_time=1781890629214; access_time=1781890629091; owner=mlpab7368e9__meb10000; group=mlpab7368e9__mlpab7368e9_featurestore.db; permission=rw-rw-rw-; isSymlink=false; hasAcl=true; isEncrypted=false; isErasureCoded=false}),org.apache.spark.sql.delta.EmptyCheckpointProvider$@768b4dc4,1781890629214), checksumOpt=None)
2026-06-19 17:49:19,529 INFO mlpab7368e9,compute_features_job,1305,**APPID HiveMetaStoreClient: Closed a connection to metastore, current connections: -3
2026-06-19 17:49:19,530 INFO mlpab7368e9,compute_features_job,1305,**APPID HiveMetaStoreClient: Trying to connect to metastore with URI thrift://10-244-2-93.metastore.hopsworks.svc.cluster.local:9083
2026-06-19 17:49:19,546 INFO mlpab7368e9,compute_features_job,1305,**APPID HiveMetaStoreClient: Connected to metastore.
2026-06-19 17:49:19,546 INFO mlpab7368e9,compute_features_job,1305,**APPID RetryingMetaStoreClient: RetryingMetaStoreClient proxy=class org.apache.hadoop.hive.ql.metadata.SessionHiveMetaStoreClient ugi=mlpab7368e9__meb10000 (auth:SIMPLE) retries=1 delay=1 lifetime=0
2026-06-19 17:49:19,656 INFO mlpab7368e9,compute_features_job,1305,**APPID BlockManagerInfo: Removed broadcast_3_piece0 on 10.244.2.75:42713 in memory (size: 21.0 KiB, free: 2.1 GiB)
2026-06-19 17:49:19,712 INFO mlpab7368e9,compute_features_job,1305,**APPID BlockManagerInfo: Removed broadcast_3_piece0 on 10.244.1.94:33467 in memory (size: 21.0 KiB, free: 2.1 GiB)
2026-06-19 17:49:19,714 INFO mlpab7368e9,compute_features_job,1305,**APPID BlockManagerInfo: Removed broadcast_3_piece0 on spark-3b3fcb9ee0ff7c12-driver-svc.mlpab7368e9.svc:7079 in memory (size: 21.0 KiB, free: 1007.7 MiB)
2026-06-19 17:49:19,723 INFO mlpab7368e9,compute_features_job,1305,**APPID BlockManagerInfo: Removed broadcast_2_piece0 on spark-3b3fcb9ee0ff7c12-driver-svc.mlpab7368e9.svc:7079 in memory (size: 76.1 KiB, free: 1007.8 MiB)
2026-06-19 17:49:19,724 INFO mlpab7368e9,compute_features_job,1305,**APPID BlockManagerInfo: Removed broadcast_2_piece0 on 10.244.1.94:33467 in memory (size: 76.1 KiB, free: 2.1 GiB)
2026-06-19 17:49:19,724 INFO mlpab7368e9,compute_features_job,1305,**APPID BlockManagerInfo: Removed broadcast_2_piece0 on 10.244.2.75:42713 in memory (size: 76.1 KiB, free: 2.1 GiB)
2026-06-19 17:49:20,872 INFO mlpab7368e9,compute_features_job,1305,**APPID SparkContext: SparkContext is stopping with exitCode 0.
2026-06-19 17:49:20,882 INFO mlpab7368e9,compute_features_job,1305,**APPID AbstractConnector: Stopped Spark@4d731149{HTTP/1.1, (http/1.1)}{0.0.0.0:4040}
2026-06-19 17:49:20,887 INFO mlpab7368e9,compute_features_job,1305,**APPID SparkUI: Stopped Spark web UI at http://spark-3b3fcb9ee0ff7c12-driver-svc.mlpab7368e9.svc:4040
2026-06-19 17:49:20,916 INFO mlpab7368e9,compute_features_job,1305,**APPID KubernetesClusterSchedulerBackend: Shutting down all executors
2026-06-19 17:49:20,917 INFO mlpab7368e9,compute_features_job,1305,**APPID KubernetesClusterSchedulerBackend$KubernetesDriverEndpoint: Asking each executor to shut down
2026-06-19 17:49:20,925 WARN mlpab7368e9,compute_features_job,1305,**APPID ExecutorPodsWatchSnapshotSource: Kubernetes client has been closed.
2026-06-19 17:49:21,012 INFO mlpab7368e9,compute_features_job,1305,**APPID PrometheusSink: metricsNamespace=None, sparkAppName=Some(meb10000-ea46ec4e-bf87-4672-9420-7afeacd22708), sparkAppId=Some(spark-15e96f92302a4224a99915f01d0e1244), executorId=Some(driver)
2026-06-19 17:49:21,012 INFO mlpab7368e9,compute_features_job,1305,**APPID PrometheusSink: role=driver, job=spark-15e96f92302a4224a99915f01d0e1244
2026-06-19 17:49:21,557 INFO mlpab7368e9,compute_features_job,1305,**APPID PrometheusSink: metricsNamespace=None, sparkAppName=Some(meb10000-ea46ec4e-bf87-4672-9420-7afeacd22708), sparkAppId=Some(spark-15e96f92302a4224a99915f01d0e1244), executorId=Some(driver)
2026-06-19 17:49:21,557 INFO mlpab7368e9,compute_features_job,1305,**APPID PrometheusSink: role=driver, job=spark-15e96f92302a4224a99915f01d0e1244
2026-06-19 17:49:24,694 INFO mlpab7368e9,compute_features_job,1305,**APPID MapOutputTrackerMasterEndpoint: MapOutputTrackerMasterEndpoint stopped!
2026-06-19 17:49:24,707 INFO mlpab7368e9,compute_features_job,1305,**APPID MemoryStore: MemoryStore cleared
2026-06-19 17:49:24,707 INFO mlpab7368e9,compute_features_job,1305,**APPID BlockManager: BlockManager stopped
2026-06-19 17:49:24,710 INFO mlpab7368e9,compute_features_job,1305,**APPID BlockManagerMaster: BlockManagerMaster stopped
2026-06-19 17:49:24,711 INFO mlpab7368e9,compute_features_job,1305,**APPID PrometheusSink: metricsNamespace=None, sparkAppName=Some(meb10000-ea46ec4e-bf87-4672-9420-7afeacd22708), sparkAppId=Some(spark-15e96f92302a4224a99915f01d0e1244), executorId=Some(driver)
2026-06-19 17:49:24,711 INFO mlpab7368e9,compute_features_job,1305,**APPID PrometheusSink: role=driver, job=spark-15e96f92302a4224a99915f01d0e1244
2026-06-19 17:49:24,855 INFO mlpab7368e9,compute_features_job,1305,**APPID OutputCommitCoordinator$OutputCommitCoordinatorEndpoint: OutputCommitCoordinator stopped!
2026-06-19 17:49:24,861 INFO mlpab7368e9,compute_features_job,1305,**APPID SparkContext: Successfully stopped SparkContext
2026-06-19 17:49:24,865 INFO mlpab7368e9,compute_features_job,1305,**APPID ShutdownHookManager: Shutdown hook called
2026-06-19 17:49:24,865 INFO mlpab7368e9,compute_features_job,1305,**APPID ShutdownHookManager: Deleting directory /tmp/spark-75da41d7-3a96-423c-9b9c-d6b105470fb4
2026-06-19 17:49:24,870 INFO mlpab7368e9,compute_features_job,1305,**APPID ShutdownHookManager: Deleting directory /srv/hops/spark/work-dir/spark-c4ff96e7-1939-4d42-9389-363b6409c4fe
2026-06-19 17:49:24,875 INFO mlpab7368e9,compute_features_job,1305,**APPID ShutdownHookManager: Deleting directory /srv/hops/spark/work-dir/spark-c4ff96e7-1939-4d42-9389-363b6409c4fe/pyspark-9d12abb1-9127-453c-9e71-39d7430a4ef7
