Job failed with exit code: 1, Reason: Error

--- Container logs ---
/usr/local/bin/python-exec.sh: line 46: /srv/hops/hadoop/bin/hadoop: No such file or directory
Picked up _JAVA_OPTIONS:  -Duser.home=/srv/hops/anaconda
Importing keystore /srv/hops/certificates/mlpab29f2dc__meb10000__kstore.jks to /srv/hops/fuse/pems/mlpab29f2dc__meb10000__keystore.p12...
Entry for alias mlpab29f2dc__meb10000 successfully imported.
Import command completed:  1 entries successfully imported, 0 entries failed or cancelled
Picked up _JAVA_OPTIONS:  -Duser.home=/srv/hops/anaconda
Importing keystore /srv/hops/certificates/mlpab29f2dc__meb10000__tstore.jks to /srv/hops/fuse/pems/mlpab29f2dc__meb10000__tstore.p12...
Entry for alias hops_root_ca successfully imported.
Import command completed:  1 entries successfully imported, 0 entries failed or cancelled
MAC: sha1, Iteration 100000
MAC length: 20, salt length: 20
PKCS7 Data
Shrouded Keybag: pbeWithSHA1And3-KeyTripleDES-CBC, Iteration 50000
PKCS7 Encrypted data: pbeWithSHA1And40BitRC2-CBC, Iteration 50000
Certificate bag
Certificate bag
/srv/hops/anaconda/envs/hopsworks_environment/bin/python: can't find '__main__' module in '/hopsfs/Resources/train_and_predict_simple.py'
2026-06-20 16:12:43,348 INFO: Python Engine initialized.

Logged in to project, explore it here https://hopsworks.ai.local/p/3197
Uploading /logs/stderr.log: 0.000%|          | 0/138 elapsed<00:00 remaining<?Uploading /logs/stderr.log: 100.000%|██████████| 138/138 elapsed<00:00 remaining<00:00Uploading /logs/stderr.log: 100.000%|██████████| 138/138 elapsed<00:00 remaining<00:00
Uploading /logs/stdout.log: 0.000%|          | 0/0 elapsed<00:00 remaining<?Uploading /logs/stdout.log: 0.000%|          | 0/0 elapsed<00:00 remaining<?Uploading /logs/stdout.log: 0.000%|          | 0/0 elapsed<00:00 remaining<?
2026-06-20 16:12:45,373 INFO: Connection closed.
